/Users/rafa/Desktop/LECTORES_EN_FRIO/CUBO_FOLD_LAW_1/engines/law_direct.py:18: RuntimeWarning: overflow encountered in scalar multiply
  x = x * (U64(2) - u * x)
/Users/rafa/Desktop/LECTORES_EN_FRIO/CUBO_FOLD_LAW_1/engines/law_direct.py:18: RuntimeWarning: overflow encountered in scalar subtract
  x = x * (U64(2) - u * x)
/Users/rafa/Desktop/LECTORES_EN_FRIO/CUBO_FOLD_LAW_1/engines/law_direct.py:19: RuntimeWarning: overflow encountered in scalar multiply
  assert (u * x) == U64(1)
S1.0a random known Smith forms mod 2^64: 300/300
/Users/rafa/Desktop/LECTORES_EN_FRIO/CUBO_FOLD_LAW_1/engines/law_direct.py:74: RuntimeWarning: overflow encountered in scalar subtract
  L[v, w] = L[v, w] - U64(1)
/Users/rafa/Desktop/LECTORES_EN_FRIO/CUBO_FOLD_LAW_1/engines/law_direct.py:91: RuntimeWarning: overflow encountered in scalar subtract
  L[a, b] = L[a, b] - U64(1)
S1.0b n=2 cube: smith2 {2: 1} big=1 | exact SNF diag [1, 1, 4, 0] -> {2: 1} big=1 | OK
S1.0b n=2 fold: smith2 {1: 1} big=1 | exact SNF diag [2, 0] -> {1: 1} big=1 | OK
S1.0b n=3 cube: smith2 {1: 1, 3: 2} big=1 | exact SNF diag [1, 1, 1, 1, 2, 8, 24, 0] -> {1: 1, 3: 2} big=1 | OK
S1.0b n=3 fold: smith2 {2: 2} big=1 | exact SNF diag [1, 4, 4, 0] -> {2: 2} big=1 | OK
S1.0b n=4 cube: smith2 {1: 2, 3: 4, 5: 1} big=1 | exact SNF diag [1, 1, 1, 1, 1, 1, 1, 1, 2, 2, 8, 24, 24, 24, 96, 0] -> {1: 2, 3: 4, 5: 1} big=1 | OK
S1.0b n=4 fold: smith2 {2: 4, 4: 1} big=1 | exact SNF diag [1, 1, 4, 4, 4, 4, 16, 0] -> {2: 4, 4: 1} big=1 | OK
S1.0b exact-SNF agreement: 6/6
/Users/rafa/Desktop/LECTORES_EN_FRIO/CUBO_FOLD_LAW_1/engines/law_direct.py:270: RuntimeWarning: overflow encountered in scalar add
  Lbad = cube_lap(n); Lbad[0, 1] = Lbad[0, 1] + U64(1); Lbad[1, 0] = Lbad[1, 0] + U64(1)
n=2: K2={2: 1} free=1 | Kbar2={1: 1} free=1
   order v2: K 2 vs formula 2; Kbar 1 vs 1 -> OK; edge-removed control order 0 -> fires
   LAW Kbar == K lowered: HOLDS | Bai a_n=0 #Z/2=0 #factors=1 -> OK
   controls (True = control did NOT fire): a_n+1 False, a_n-1 False, no-shift False, wrong fold x1x2 True (Kwrong={1: 1}, free=1)
n=3: K2={1: 1, 3: 2} free=1 | Kbar2={2: 2} free=1
   order v2: K 7 vs formula 7; Kbar 4 vs 4 -> OK; edge-removed control order 5 -> fires
   LAW Kbar == K lowered: HOLDS | Bai a_n=1 #Z/2=1 #factors=3 -> OK
   controls (True = control did NOT fire): a_n+1 False, a_n-1 False, no-shift False, wrong fold x1x2 False (Kwrong={2: 1}, free=1)
n=4: K2={1: 2, 3: 4, 5: 1} free=1 | Kbar2={2: 4, 4: 1} free=1
   order v2: K 19 vs formula 19; Kbar 12 vs 12 -> OK; edge-removed control order 14 -> fires
   LAW Kbar == K lowered: HOLDS | Bai a_n=2 #Z/2=2 #factors=7 -> OK
   controls (True = control did NOT fire): a_n+1 False, a_n-1 False, no-shift False, wrong fold x1x2 False (Kwrong={2: 2, 4: 1}, free=1)
n=5: K2={1: 6, 3: 4, 4: 1, 6: 4} free=1 | Kbar2={2: 4, 3: 1, 5: 4} free=1
   order v2: K 46 vs formula 46; Kbar 31 vs 31 -> OK; edge-removed control order 42 -> fires
   LAW Kbar == K lowered: HOLDS | Bai a_n=6 #Z/2=6 #factors=15 -> OK
   controls (True = control did NOT fire): a_n+1 False, a_n-1 False, no-shift False, wrong fold x1x2 False (Kwrong={1: 2, 2: 2, 5: 3}, free=1)
n=6: K2={1: 12, 2: 4, 3: 1, 5: 4, 6: 10} free=1 | Kbar2={1: 4, 2: 1, 4: 4, 5: 10} free=1
   order v2: K 103 vs formula 103; Kbar 72 vs 72 -> OK; edge-removed control order 97 -> fires
   LAW Kbar == K lowered: HOLDS | Bai a_n=12 #Z/2=12 #factors=31 -> OK
   controls (True = control did NOT fire): a_n+1 False, a_n-1 False, no-shift False, wrong fold x1x2 False (Kwrong={1: 4, 2: 4, 4: 1, 5: 4, 6: 2}, free=1)
n=7: K2={1: 28, 2: 1, 4: 8, 5: 6, 6: 14, 7: 6} free=1 | Kbar2={1: 1, 3: 8, 4: 6, 5: 14, 6: 6} free=1
   order v2: K 218 vs formula 218; Kbar 155 vs 155 -> OK; edge-removed control order 212 -> fires
   LAW Kbar == K lowered: HOLDS | Bai a_n=28 #Z/2=28 #factors=63 -> OK
   controls (True = control did NOT fire): a_n+1 False, a_n-1 False, no-shift False, wrong fold x1x2 False (Kwrong={1: 12, 2: 4, 3: 1, 5: 4, 6: 10}, free=1)
n=8: K2={1: 56, 2: 2, 4: 16, 5: 12, 6: 28, 7: 12, 10: 1} free=1 | Kbar2={1: 2, 3: 16, 4: 12, 5: 28, 6: 12, 9: 1} free=1
   order v2: K 446 vs formula 446; Kbar 319 vs 319 -> OK; edge-removed control order 436 -> fires
   LAW Kbar == K lowered: HOLDS | Bai a_n=56 #Z/2=56 #factors=127 -> OK
   controls (True = control did NOT fire): a_n+1 False, a_n-1 False, no-shift False, wrong fold x1x2 False (Kwrong={1: 24, 2: 8, 3: 2, 5: 8, 6: 20, 9: 1}, free=1)
n=9: K2={1: 120, 2: 10, 4: 16, 5: 26, 6: 48, 7: 26, 9: 1, 11: 8} free=1 | Kbar2={1: 10, 3: 16, 4: 26, 5: 48, 6: 26, 8: 1, 10: 8} free=1
   order v2: K 901 vs formula 901; Kbar 646 vs 646 -> OK; edge-removed control order 893 -> fires
   LAW Kbar == K lowered: HOLDS | Bai a_n=120 #Z/2=120 #factors=255 -> OK
   controls (True = control did NOT fire): a_n+1 False, a_n-1 False, no-shift False, wrong fold x1x2 False (Kwrong={1: 56, 2: 10, 3: 6, 5: 8, 6: 40, 10: 7}, free=1)
n=10: K2={1: 240, 2: 36, 3: 26, 5: 16, 6: 148, 8: 1, 10: 26, 11: 18} free=1 | Kbar2={1: 36, 2: 26, 4: 16, 5: 148, 7: 1, 9: 26, 10: 18} free=1
   order v2: K 1824 vs formula 1824; Kbar 1313 vs 1313 -> OK; edge-removed control order 1814 -> fires
   LAW Kbar == K lowered: HOLDS | Bai a_n=240 #Z/2=240 #factors=511 -> OK
   controls (True = control did NOT fire): a_n+1 False, a_n-1 False, no-shift False, wrong fold x1x2 False (Kwrong={1: 112, 2: 20, 3: 12, 4: 14, 5: 16, 6: 52, 9: 15, 10: 12, 11: 2}, free=1)
n=11: K2={1: 496, 2: 66, 3: 32, 4: 100, 6: 164, 7: 1, 9: 100, 11: 64} free=1 | Kbar2={1: 66, 2: 32, 3: 100, 5: 164, 6: 1, 8: 100, 10: 64} free=1
   order v2: K 3719 vs formula 3719; Kbar 2696 vs 2696 -> OK; edge-removed control order 3709 -> fires
   LAW Kbar == K lowered: HOLDS | Bai a_n=496 #Z/2=496 #factors=1023 -> OK
   controls (True = control did NOT fire): a_n+1 False, a_n-1 False, no-shift False, wrong fold x1x2 False (Kwrong={1: 240, 2: 36, 3: 26, 5: 64, 6: 52, 8: 49, 10: 26, 11: 18}, free=1)
END law_direct
VIGIA-FIN-OK exit=0 pico_kb=184320 t=23s
