p1 START-OP  [⊗ n]
p1 START-OP  [| I|]
p1 START-OP  [| I| | I|]
p1 END-BAD   [...Yuen on the largest factors, and we prove their Conjectures 4.14 and 5.4 and the]
p1 END-BAD   [...actor stated in their 2019 poster. We also prove the fold law: the 2-part of the]
p2 END-BAD   [...p of the n-cube, K̄ (n) that of the folded n-cube Q / ⟨ 𝟙 ⟩ (§1.3), and Z is the]
p2 END-BAD   [...an upper bound through a unique cheapest matching, a]
p2 END-BAD   [...Theorems 4.1 and 4.2, their Conjecture 4.14 and the]
p2 END-BAD   [...DW were read cold before this text was written, by readers with no access to the]
p2 END-BAD   [...ext was read cold as a whole on 5 October 2026 by a reader with no access to the]
p2 END-BAD   [...ts or the earlier readings: «holds with gaps». It found one gap, in the proof of]
p3 END-BAD   [...the full structure of the 2-primary component of both the critical group and the]
p3 END-BAD   [...n-cube remain unknown»). Chandler, Sin and Xiang computed the Smith group of the]
p3 END-BAD   [...ry expansion of x ≥ 0, v the 2-adic valuation, and]
p3 START-OP  [⊗ n]
p3 END-BAD   [...teger) and]
p4 END-BAD   [...easing (adjacent blocks with equal means are merged) and each block value is the]
p4 END-BAD   [... copies of ⌈ S/p ⌉ followed by p − (S mod p) copies of ⌊ S/p ⌋ . In the cube the]
p4 START-OP  [| I| + k − 1]
p4 END-BAD   [... + 1, k = 2, I = {0, 1}, h = h = 1), shift 0: small clocks {1: 4}; raw clocks of]
p4 END-BAD   [...I = {0}, h = 2), shift 1: small clocks {1: 2}; raw clocks φ(5) + κ(0, 5) = 5 and]
p4 END-BAD   [... 1, I = {0}, h = 1), shift 2: no small clocks; raw clocks φ(3) + κ(1, 3) = 5 and]
p4 END-BAD   [...once for each pair of words, one from each, that differ in one letter. It is the]
p4 END-BAD   [... literature on interconnection networks the «folded hypercube FQ » is Q with the]
p5 END-BAD   [... folded cube in dimension m + 1: our folded n-cube Q / ⟨ 𝟙 ⟩ is FQ . We keep the]
p5 END-BAD   [... Z/2's keeps a non-trivial image, so the number of even invariant factors of the]
p5 END-BAD   [...he invariant factors of K(Q ). They are all even: in his proof the Smith form of]
p5 END-BAD   [...… for the exponents of the cyclic factors of Syl K(Q ), in decreasing order, and]
p5 END-BAD   [...ax ( x + v x). (Gao et al. write c (Q ) for the i‑th largest invariant factor of]
p6 END-BAD   [...with the same multiplicity, and each of its dancers becomes two dancers with the]
p6 END-BAD   [...n the basis s = ∏ (1 − x ) it becomes U + 2D, with U the raising operator of the]
p6 START-OP  [⊗ n]
p6 START-OP  [⊗ n]
p6 END-BAD   [...n Φ(N) half of the relations have unit pivots; eliminating them leaves twice the]
p6 END-BAD   [...⊗ Φ(N) the same happens with two coupled «dancers». After k moves X(λ, i) is the]
p6 END-BAD   [...s a unique cheapest matching (Theorem O); that valuation is a partial sum of the]
p7 END-BAD   [...10.12). The even families are glued pairs of odd ones, and the glue survives the]
p7 END-BAD   [... and τ the family operator of §10; and «window» is a range of floors in §4.4 and]
p9 START-OP  [| I| α]
p9 END-BAD   [... every step each floor pays an even amount, 2 (i + d) at the floor d, and at the]
p9 END-BAD   [.... Modulo 2 — dry — the module T(2l + 1) becomes V ⊗ T(l) , the tensor product of]
p9 END-BAD   [...and every power of 2 survives. The fold dries the cube by exactly one layer: the]
p9 END-BAD   [...of our knowledge, after a search of the literature up to October 2026 (arXiv and]
p9 END-BAD   [... odd part of every Cayley graph of F , their Proposition 2.12 the F -rank of the]
p10 START-OP  [⊗ 2]
p10 END-BAD   [...ing decompositions over complete rings, are standard [Jan03, Don93]; we give the]
p10 END-BAD   [... of abelian covers [VZ24], and Len and Zakharov the order of the Prym group of a]
p10 END-BAD   [...give orders, not group structure. Akyar et al. recall that the exact sequence of]
p10 END-BAD   [... odd grids have fixed vertices, so their fold is not a regular double cover, and]
p10 END-BAD   [...egral description with fixed vertices explain both the folded all-ones class and]
p10 END-BAD   [...e was obtained earlier, we would be grateful to be told, and we will correct the]
p10 END-BAD   [...riables u = x − 1 used by Gao et al. [GMMY24, proof of Proposition 2.5], and the]
p11 START-OP  [⊗ n]
p11 START-OP  [⊗ n]
p11 START-OP  [⊗ n]
p11 END-BAD   [...ernel of an endomorphism that preserves a direct sum decomposition is the sum of]
p11 END-BAD   [...λ) be the simple U -module of highest weight λ with highest weight vector v, and]
p12 END-BAD   [... v' of v ⊗ b is killed by E (E(v ⊗ b ) = v ⊗ b ∈ X ) and by every E , s ≥ 2, and]
p12 END-BAD   [...he free A-module Φ(N) := b ⊗ N ⊕ b ⊗ N (we write b n for b ⊗ n) define, for n of]
p12 END-BAD   [...1) acts on N; on a vector of weight w, Ω − H = 4FE + 2w + 1. For a morphism f of]
p12 END-BAD   [... Φ( ∇ (μ)) by weight: b w (index 2s), b w (index 2s + 1). Then F(b w ) = b w and]
p12 END-BAD   [...while in ∇ (2μ + 1), F w' = (2μ + 1 − R) w' , that is 2μ + 1 − 2s for R = 2s and]
p13 END-BAD   [... (μ) lie in [−μ, μ] ⊆ [−λ, λ]: Lemma 3.2. If μ > λ, the duality ι identifies the]
p13 END-BAD   [... by 2) gives the exact sequence Hom(M, N) → Hom(M, N ⊗ F ) → Ext (M, N) = 0, and]
p14 START-OP  [− 1 2 − 1]
p14 START-OP  [⊗ n]
p14 START-OP  [⊗ 3 2 [1]]
p14 START-OP  [⊗ 3 ⊗ 3]
p14 START-OP  [⊗ 3 ⊥ ⊥ ⊥]
p14 END-BAD   [... it is onto, and both have dimension 4. Finally, with Proposition 3.1(c) and the]
p14 START-OP  [⊗ 3 [1] [1] [1] [1] 2 [1] [1] 2]
p14 START-OP  [⊗ n m (n)]
p14 START-OP  [⊗ n]
p14 START-OP  [− 1 n]
p14 END-BAD   [...n: they can be read off by peeling the characters above off (e + e ) [TW21], and]
p14 START-OP  [⊗ 2]
p14 END-BAD   [...] the produced symbols are [1], [λ + 1] with λ odd (even and ≥ 2), [2l + 1], and]
p15 START-OP  [⊗ n]
p15 START-OP  [≥ 0]
p15 ALONE     [≥ 0]
p15 START-OP  [⊕ r]
p15 START-OP  [⊕ r]
p16 END-BAD   [...ors 2f, 2f + 1, 2f + 1, 2f + 2. They form a basis of N over the bases of N', and]
p16 END-BAD   [...G of size r on N, coker G ≅ coker(2G''), where G'' is the even payment system of]
p16 END-BAD   [... on N' with slots (s, A), (s, C), ordered lexicographically with A before C, and]
p16 START-OP  [⊕ 2 | I| 2 | I| ( α) | I|]
p16 END-BAD   [...and]
p17 START-OP  [< h]
p17 END-BAD   [...each D ⊆ I , couplings only from D' to D ⊋ D', and]
p17 START-OP  [< h]
p17 END-BAD   [... c = 1. In the formula of Proposition 4.1, each of the three kinds of terms is a]
p17 END-BAD   [...ives the slots D (from A) and D ∪ {h} (from C), with o = o + 2 . The formulas of]
p17 END-BAD   [...2f+1) from D' to D' ∪ {h} and the coupling −K (2f+1) from D' to D ∪ {h} have the]
p17 END-BAD   [... f + o + 2 , 2 f + o + 2 − 1] and [2 f + o + 2 , 2 f + o + 2 − 1], which are the]
p17 END-BAD   [...y := 2 x and c = −2 q . Then c = 1 gives q = −1, and]
p17 END-BAD   [... 1) − μ by induction. For t ≥ m + 1, the term y q does not contribute to y , and]
p17 END-BAD   [...decompositions Δ = Δ ⊔ Δ into non-empty parts. One of min Δ , min Δ is μ and the]
p18 END-BAD   [...em 3.8, Z ⊕ Syl K(Q ) is the direct sum, over the families λ, of m (n) copies of]
p18 START-OP  [| I| k +1 n]
p18 END-BAD   [... λ/2 ⌋ + 1 rows (with equality, for instance, when λ = 2 − 2), against 2 for the]
p18 END-BAD   [...n Δ = Σ h (the gaps telescope), and the digits t ≥ min Δ of I are those of Δ and]
p18 END-BAD   [...a]
p18 END-BAD   [...), Σ v (m + 1 + d) = (y − x) − s (m + y) + s (m + x). With x = o , y = o + K and]
p19 END-BAD   [...2 ⁠a b b a 2 b 2 a]
p19 END-BAD   [...a]
p19 START-OP  [+ s (ξ) − s (K + o ) = |D| + s (ξ) − 1 − |E|. So]
p19 START-OP  [= K + o − 2o + k − |I| + 2|D| + G(D) − G(E),]
p19 END-BAD   [...ξ = K + o − 2o and h(D) = G(D) + |D|. On the other side φ(λ + 1) = K + o + t and]
p20 END-BAD   [...e difference v (M ) − [R (D) − R (b) + γ(Δ)] is αK. For the clocks: in u (D) the]
p20 END-BAD   [...i + o − 1, which is o − 1 at i = 0 against o at i = 1, while ξ is unchanged; and]
p20 END-BAD   [... v (o ) − v (o + ξ) = min D − min E (v (K + o ) = min E). So u (D) = u (D) + min]
p20 START-OP  [| I|]
p20 END-BAD   [... of the remaining s − 1 bits. Removing the top bit of the rows gives exactly the]
p21 END-BAD   [...tegers), hence so is every earlier one, and d(r ) ≤ d(r ) + (r − r )q ≤ Y(r ), a]
p21 END-BAD   [...easing, Y(r) is the sum of the r smallest values of ŷ, and the exponents are the]
p22 END-BAD   [...-increasing. Then ‖x − y‖ = ‖x − z‖ + ‖z − y‖ + 2Σ (x − z )⁠ ( z − y ), and on a]
p22 START-OP  [< b ≥ b]
p22 END-BAD   [...fit(x) . A position b with fit(x) > fit(x) is always a cut, since Lemma 7.1 is a]
p22 START-OP  [< b ≥ b]
p22 START-OP  [< b < b ≥ b ≥ b]
p22 END-BAD   [...catenation is a level set of one piece, or the union of a final level set of the]
p22 END-BAD   [...one of the second with the same value; Lemma 7.1 for the pieces gives it for the]
p22 START-OP  [< b 1 2]
p22 START-OP  [< N']
p23 END-BAD   [...et P ∪ P with value 0, where P = {Z ≤ 0} is a final segment of the first half, a]
p23 END-BAD   [...that covers P and the first L positions of P has sum Σ x − Σ x, the sum over the]
p23 END-BAD   [...s ≤ 0 again. So z = fit(x). The integer fit takes on the positive level sets the]
p23 END-BAD   [...J is an up-set of the o-order (it is monotone in o ). For integers P , P ≥ 0 the]
p25 START-OP  [− − −]
p25 START-OP  [−X (I') = −ŷ'(I') + τ + [T = 1]κJ'(I') − [T = 0]κJ'( ∅ ) ≤ α(2 − 1) + h − α2 = h − α.]
p26 END-BAD   [... and v'(b) ≤ c ≤ c ≤ v'({c}); if both lie in F , then v'(a) ≥ c ≥ c ≥ v'(I') and]
p26 END-BAD   [... every house the real fit of x takes integer values. So does the real fit of the]
p27 START-OP  [−P J (D) + P J (I ∖ D) is integer, non-increasing, and changes only at the first dancer with J = 1 a]
p27 END-BAD   [...of M(λ, 0) is zero, so the Smith exponents are ∞ and those of the submatrix M of]
p27 END-BAD   [...elf, and the fit and the integer fit of x (the sequence without ∅ ) are those of]
p27 END-BAD   [...rollary 6.3 and Lemma 6.4 hold for M with the same proofs: they involve only the]
p27 END-BAD   [...8. Proof of the Main Theorem]
p27 END-BAD   [... 7.10 (with α = 1) the Smith exponents of M are K + κ(m, K) + ŷ , where ŷ is the]
p27 END-BAD   [...ξ ≥ 1, and κ ≥ 0. If ξ = K + o − o = 1, then, since o ≤ o < K, we need o = 0 and]
p27 START-OP  [≥ 2 has mean ≥ 2, and its integer fit takes values ≥ ⌊ mean ⌋ ≥ 2.]
p28 START-OP  [| I|+k−2]
p28 END-BAD   [...N by clearing some of its lowest set bits, not all of them. (c) Y , …, Y are the]
p28 END-BAD   [...bits below q cleared. Then y ≤ N , because y is a multiple of 2 not above N; and]
p28 END-BAD   [.... So R = R = ψ and the cell is its base cell. In the proof of Theorem 7.8 at the]
p28 END-BAD   [...tum τ of the window (§7.3) is ψ , and d = −ψ . With the antisymmetry of ŷ , step]
p28 END-BAD   [...e clocks are those of the house H = (I, k, K − 1, 1), shifted by k + K, with the]
p29 END-BAD   [...y induction along step 1 of the proof of Theorem 7.8. The first level set of the]
p29 END-BAD   [... D ⊆ P each digit of P lies in half the sets, so the mean of 2ψ(D) is ψ(P ), and]
p29 START-OP  [⊗ n]
p29 START-OP  [≤ g(n − i + 1) ≤ G (Proposition 9.6). Shift 1 (the family n − 2, where λ + 1 = n − 1): by Propositio]
p29 START-OP  [≤ max φ(y) ≤ G because Y = n − 1 − 2 1 ≤ n − 2. Shift 0 (the family n): by Proposition 9.4 every]
p30 END-BAD   [...f V . If n is even, t = 0 and V = max(φ(n) − 1, A ). If n ≡ 1 (mod 4), t = 1 and]
p30 END-BAD   [...max(G, φ(n − 1)) ≥ G. The family n − 4, at shift 2, gives m ( n) ≥ 4 copies of a]
p30 END-BAD   [...amilies of N' + 1 are the λ + 1, λ a family of N', with m ( N' + 1) = m (N') and]
p30 END-BAD   [... − J and ξ/2 = (2 − 1) − a, so s (a + ξ) = e − s (J), s (ξ) = e − 1 − s (a), and]
p30 END-BAD   [...n the cube n, ξ' = 2 + 1 − 2J' is odd. With a = J' − 1, a + ξ' = (2 − 1) − a and]
p30 END-BAD   [...Lemma 9.8 and Theorem 9.10, the raw sequence of (λ + 1, i) in o-order is that of]
p31 END-BAD   [...small clocks twice, Z , and the dancer {0} at shift 0, with ξ = 2 − 1, κ = 0 and]
p31 START-OP  [⊗ n]
p31 START-OP  [⊗ n ⁠D + i]
p31 START-OP  [⊗ n floor ⊗ n]
p31 START-OP  [− 1 − 1]
p32 END-BAD   [...j/2 ⌉ ), an odd constant coefficient of F, and constant integral coefficients of]
p32 START-OP  [− 1 j − 1]
p32 START-OP  [− 1 j +1 − 1]
p32 END-BAD   [...y Proposition 4.1 with α = 1, X(λ, j) ≅ coker(2G'), with G' = F + π'(D) on N and]
p32 END-BAD   [...r even j, j + 2f for odd j). So 2X(λ, j) ≅ coker G'. Right multiplication by the]
p32 START-OP  [− 1 − 1]
p32 START-OP  [− 1]
p32 END-BAD   [... ≡ 1 + τ , so X(λ, i) ≅ M/((1 + τ ) − 1)M = coker(τ (τ + 2)). With J = D + i and]
p32 END-BAD   [...asis (b N, a·b N). The operations «column 1 += column 2, row 2 −= row 1» and the]
p32 START-OP  [− +]
p32 START-OP  [+ − M]
p32 START-OP  [− i +1 + i i − i +1 i +1]
p32 END-BAD   [... are not payment systems: they carry the divided powers F , m ≥ 2. We extend the]
p33 START-OP  [≥ 0 2]
p33 END-BAD   [... Q -algebra (the rule is that of F ⁠F = C(a+b, a)F and F p (D) = p(D − a)F for a]
p33 END-BAD   [...ed powers of F — in particular on every T(l) — by x·v = Σ x (f + m) F v for v of]
p33 END-BAD   [...very g ≥ m; then the action on all the T(l) together is faithful, because on the]
p33 START-OP  [⊕ r ( α)]
p33 END-BAD   [...Proposition 3.1(b) writes the action of x ∈ 𝔅 in the slots b ⊗ N', b ⊗ N' as the]
p33 END-BAD   [...v]
p33 START-OP  [+ +]
p33 START-OP  [⊕ r' − 1]
p33 START-OP  [| I|]
p33 END-BAD   [...ven payment system the twist move is the elimination of Proposition 4.1, and the]
p33 END-BAD   [...ed by the twist move) has the same next system as Proposition 4.2. (b) Hence the]
p34 END-BAD   [... The two bases differ by B = b ⊗ b n − C . In the matrix of G, this replaces the]
p34 END-BAD   [... source b ⊗ b n by itself minus the pivot column of C , and the remaining row of]
p34 START-OP  [− 1]
p34 START-OP  [− 1]
p34 START-OP  [⊕ r k −1 a r ·2 | I|+k−1−a k]
p34 START-OP  [− 1 h − 1]
p34 END-BAD   [...G = [[P, C], [B, Dd]] with P invertible; since G is invertible, so is S, and the]
p34 START-OP  [− 1 − 1]
p34 END-BAD   [...ining sources) × (the remaining coordinates) is S (the standard identity for the]
p34 START-OP  [− 1 − 1 − 1]
p34 END-BAD   [...re the b -slots, of level-h floor 2g, and the remaining sources the b -slots, of]
p34 START-OP  [− 1 ( L)]
p34 START-OP  [− 1 k]
p34 END-BAD   [...Proof. in(e ) has floor o and out reads the source Y at floor o + K − 1; of]
p34 START-OP  [− 1 ( L)]
p34 END-BAD   [...From now on let α ≥ 2, c ≥ 1, η ∈ A a unit, and]
p35 START-OP  [− 1 s − 1 s − 1 ( L)]
p35 END-BAD   [...er the compositions L = m + ⋯ + m (landing floors f − L = f < f < ⋯ < f = f), of]
p35 START-OP  [− L]
p35 START-OP  [− 1]
p35 END-BAD   [...rix of Σ is known. By Lemma 10.6(b), M (Σ) = η·M (F + η π (D)), and the proof of]
p35 START-OP  [− 1 − 1]
p35 START-OP  [− 1 − 1 j]
p35 START-OP  [− 1 − 1 − 1]
p35 START-OP  [− 1 j j]
p35 END-BAD   [...Σ is clean (Lemma 10.6). By Corollary 10.9 for Ξ and for Σ, with the same γ, and]
p35 START-OP  [− 1 − 1]
p35 START-OP  [− 1 ( α)]
p35 START-OP  [− 1]
p35 END-BAD   [...ree matrices have the same Smith form. Proposition 10.7 gives the cokernels; and]
p35 START-OP  [− D ⁠D]
p35 END-BAD   [...dance of Ξ to be clean. This is not automatic: the payments are functions of the]
p36 END-BAD   [.... Then Θ: 𝒦 → 𝒮 is a ring homomorphism, Θ(ϑ(· − e)) = Θ(ϑ) for every e ∈ Z , and]
p36 END-BAD   [... + 2(aω + bχ + 2χω). Shifts: χ(X − 2e) = χ(−2e) + χ̃(X) with χ̃ ∈ X Z [[X]], and]
p36 START-OP  [− 1 − 1 j]
p36 END-BAD   [...oduct of the E . (c) R is commutative of characteristic 2, so β = Σ β μ over the]
p36 END-BAD   [... F are odd: Γ ( y) is a unit for every y. Then the move of level h is clean, and]
p37 START-OP  [− 1]
p37 END-BAD   [...y Θ : Θ(Dd) = 0, because every coefficient of Dd is (2q + 2) times an element of]
p37 START-OP  [− 1 2 − 1]
p37 END-BAD   [... 0. So every coefficient function of S lies in ker Θ = 2𝒦: the move is clean and]
p37 END-BAD   [...rm, and Dd has none), which is ≡ 0 (mod 8). For (b): the coefficient of F on the]
p37 START-OP  [− 1]
p38 END-BAD   [...nd the entry valuations of M (Σ' ), which are those of M ( l, 0) (Lemma 10.6 and]
p38 END-BAD   [...dulo 2 (Lemma 10.18), and gluing commutes with the dance (Lemma 10.19). Then the]
p38 END-BAD   [...the positions, and let 𝔞: 𝒦 → Z , a + 2χ(2y) ↦ a. It is a ring homomorphism, and]
p38 START-OP  [≡ 0 (mod 4) because β ≡ 0 (mod 2): modulo 2, β is the square of the constant term of β, that is of a]
p38 START-OP  [− 1]
p38 START-OP  [− 1 − 1]
p38 END-BAD   [...Σ := 4(D + c) + ηF, and]
p39 START-OP  [− 1 Ψ ±2 Σ Ψ ±2]
p39 START-OP  [− L]
p39 END-BAD   [...) = −W[0, o − 1] + c , c independent of D (as v (π(d)) = w(d) + 1). Each term of]
p39 START-OP  [− 1]
p39 END-BAD   [...Corollary 10.21. In Lemma 10.20, the dances of Ψ(Ψ ± 2)/2 are clean, and]
p39 START-OP  [− 1 − 1 − 1 − 1 − 1 − 1]
p39 START-OP  [− 1 − 1]
p39 START-OP  [− 1 − 1 − 1]
p39 END-BAD   [...Lemma 10.18 the arms dance congruently modulo 2, so by Lemma 10.19 the dances of]
p39 START-OP  [− + − + − +]
p39 START-OP  [+ − + − 2]
p40 END-BAD   [...final matrices are associates and have the same Smith form; Proposition 10.7 and]
p40 START-OP  [− 1]
p40 START-OP  [+ i]
p40 START-OP  [− 1 n]
p40 START-OP  [− i +1]
p40 START-OP  [− 1]
p40 END-BAD   [...ariant factors divisible by 2 are the zero one and one for each cyclic factor of]
p40 END-BAD   [...Proposition 37], and those containing 𝟙 — the «non-generic» ones in the sense of]
p40 END-BAD   [...2 b a]
p41 END-BAD   [...Q / ⟨ x x ⟩ in place of]
p41 END-BAD   [...Theorem 4.4 against the dance in 420/420 cells, and]
p42 END-BAD   [...Lemma 7.2(b) where it is with k ≤ 6, houses, dancer after the]
p42 END-BAD   [...P , P ≤ 4 and the deletion at boundaries, of 7 038 houses; the]
p42 END-BAD   [...zero shifts dancer late breaks the]
p42 END-BAD   [...shifts and of its deletions is integral first dancer (not a]
p42 END-BAD   [...sequences sequences of are not strict break the]
p42 END-BAD   [...length ≤ 9 integer part in 189 of]
p42 END-BAD   [...«any run of digits»: the]
p43 END-BAD   [...printed in §1; Theorem DW 12/12 digit of I, a ± 1, and]
p43 END-BAD   [...ery claim of its proof, 3 all houses with 43 690 houses, two wrong prices of the]
p43 END-BAD   [...tion of adjacent level sets k ≤ 7, α ≤ 3 777 240 non- one above or one below the]
p44 END-BAD   [...where pooling acts; the]
p44 END-BAD   [...fail for 149 and 65 values of]
p44 END-BAD   [...mal dance of Ψ : clean, with 3 l ≤ 31, j ≤ 7 256/256 α = 1, and a coefficient of]
p45 END-BAD   [... proved: the turned lid (§11, question 2), and the measurements of Remark (2) of]
p45 END-BAD   [...eed any part of this work. The results are stated as theorems because every step]
p45 END-BAD   [...o fail. A step went into the chain only after the audit. The chains and then the]
p45 END-BAD   [...s: further instances that never saw the audits, and wrote their own verdicts and]
p46 END-BAD   [... proof, and cites it at each use; this repair is the reader's, re-derived by the]
p46 END-BAD   [...e verification record said more than the code did (the range of Theorem 6.2, the]
p46 END-BAD   [... flights, the audits or the earlier readings, who re-derived every changed step,]
p46 END-BAD   [... more than their code (zero shifts counted as shifts, and a range wider than the]
p46 END-BAD   [...rounding of the integer fit never acts in this paper: the gap of version 1 was a]
p46 END-BAD   [...states that integrality as Lemma 7.9, makes all the corrections above, gives the]
count 282
FIN-OK
VIGIA-FIN-OK exit=0 pico_kb=3888 t=0s
