name                                 type              encoding         emb sub uni object ID
------------------------------------ ----------------- ---------------- --- --- --- ---------
AAAAAA+STIXTwoText_Bold              Type 3            Custom           yes yes yes      4  0
BAAAAA+STIXTwoText-Italic            Type 3            Custom           yes yes yes      5  0
BAAAAA+STIXTwoText-Italic            Type 3            Custom           yes yes yes      6  0
BAAAAA+STIXTwoText-Italic            Type 3            Custom           yes yes yes      7  0
CAAAAA+STIXTwoText_Bold              Type 3            Custom           yes yes yes      8  0
CAAAAA+STIXTwoText_Bold              Type 3            Custom           yes yes yes      9  0
DAAAAA+STIXTwoText                   Type 3            Custom           yes yes yes     10  0
DAAAAA+STIXTwoText                   Type 3            Custom           yes yes yes     11  0
DAAAAA+STIXTwoText                   Type 3            Custom           yes yes yes     12  0
EAAAAA+STIXTwoText_Bold              Type 3            Custom           yes yes yes     13  0
EAAAAA+STIXTwoText_Bold              Type 3            Custom           yes yes yes     14  0
FAAAAA+STIXTwoText-Italic            Type 3            Custom           yes yes yes     15  0
FAAAAA+STIXTwoText-Italic            Type 3            Custom           yes yes yes     16  0
GAAAAA+STIXTwoText-Italic            Type 3            Custom           yes yes yes     17  0
FAAAAA+STIXTwoText-Italic            Type 3            Custom           yes yes yes     18  0
FAAAAA+STIXTwoText-Italic            Type 3            Custom           yes yes yes     19  0
HAAAAA+STIXTwoText-Italic_Bold-Italic Type 3            Custom           yes yes yes     20  0
CAAAAA+STIXTwoText_Bold              Type 3            Custom           yes yes yes     21  0
HAAAAA+STIXTwoText-Italic_Bold-Italic Type 3            Custom           yes yes yes     22  0
IAAAAA+STIXTwoText-Italic_Bold-Italic Type 3            Custom           yes yes yes     23  0
HAAAAA+STIXTwoText-Italic_Bold-Italic Type 3            Custom           yes yes yes     24  0
FAAAAA+STIXTwoText-Italic            Type 3            Custom           yes yes yes     25  0
GAAAAA+STIXTwoText-Italic            Type 3            Custom           yes yes yes     26  0
GAAAAA+STIXTwoText-Italic            Type 3            Custom           yes yes yes     27  0
JAAAAA+STIXTwoMath-Regular           Type 3            Custom           yes yes yes     28  0
KAAAAA+STIXTwoMath-Regular           Type 3            Custom           yes yes yes     29  0
IAAAAA+STIXTwoText-Italic_Bold-Italic Type 3            Custom           yes yes yes     30  0
EAAAAA+STIXTwoText_Bold              Type 3            Custom           yes yes yes     33  0
LAAAAA+STIXTwoText_Bold              Type 3            Custom           yes yes yes     34  0
LAAAAA+STIXTwoText_Bold              Type 3            Custom           yes yes yes     35  0
LAAAAA+STIXTwoText_Bold              Type 3            Custom           yes yes yes     36  0
KAAAAA+STIXTwoMath-Regular           Type 3            Custom           yes yes yes     37  0
KAAAAA+STIXTwoMath-Regular           Type 3            Custom           yes yes yes     38  0
KAAAAA+STIXTwoMath-Regular           Type 3            Custom           yes yes yes     39  0
MAAAAA+STIXTwoText_Bold              Type 3            Custom           yes yes yes     40  0
MAAAAA+STIXTwoText_Bold              Type 3            Custom           yes yes yes     41  0
NAAAAA+STIXTwoText                   Type 3            Custom           yes yes yes     42  0
NAAAAA+STIXTwoText                   Type 3            Custom           yes yes yes     43  0
NAAAAA+STIXTwoText                   Type 3            Custom           yes yes yes     44  0
OAAAAA+STIXTwoText-Italic            Type 3            Custom           yes yes yes     45  0
OAAAAA+STIXTwoText-Italic            Type 3            Custom           yes yes yes     46  0
PAAAAA+STIXTwoText-Italic            Type 3            Custom           yes yes yes     47  0
OAAAAA+STIXTwoText-Italic            Type 3            Custom           yes yes yes     48  0
PAAAAA+STIXTwoText-Italic            Type 3            Custom           yes yes yes     49  0
QAAAAA+STIXTwoMath-Regular           Type 3            Custom           yes yes yes     50  0
QAAAAA+STIXTwoMath-Regular           Type 3            Custom           yes yes yes     51  0
PAAAAA+STIXTwoText-Italic            Type 3            Custom           yes yes yes     52  0
OAAAAA+STIXTwoText-Italic            Type 3            Custom           yes yes yes     53  0
OAAAAA+STIXTwoText-Italic            Type 3            Custom           yes yes yes     54  0
PAAAAA+STIXTwoText-Italic            Type 3            Custom           yes yes yes     55  0
RAAAAA+STIXTwoText-Italic            Type 3            Custom           yes yes yes     56  0
RAAAAA+STIXTwoText-Italic            Type 3            Custom           yes yes yes     57  0
PAAAAA+STIXTwoText-Italic            Type 3            Custom           yes yes yes     58  0
SAAAAA+STIXTwoMath-Regular           Type 3            Custom           yes yes yes     59  0
MAAAAA+STIXTwoText_Bold              Type 3            Custom           yes yes yes     60  0
DAAAAA+STIXTwoText                   Type 3            Custom           yes yes yes     61  0
TAAAAA+STIXTwoText-Italic            Type 3            Custom           yes yes yes     62  0
GAAAAA+STIXTwoText-Italic            Type 3            Custom           yes yes yes     63  0
KAAAAA+STIXTwoMath-Regular           Type 3            Custom           yes yes yes     64  0
JAAAAA+STIXTwoMath-Regular           Type 3            Custom           yes yes yes     67  0
GAAAAA+STIXTwoText-Italic            Type 3            Custom           yes yes yes     68  0
HAAAAA+STIXTwoText-Italic_Bold-Italic Type 3            Custom           yes yes yes     69  0
HAAAAA+STIXTwoText-Italic_Bold-Italic Type 3            Custom           yes yes yes     70  0
IAAAAA+STIXTwoText-Italic_Bold-Italic Type 3            Custom           yes yes yes     71  0
CAAAAA+STIXTwoText_Bold              Type 3            Custom           yes yes yes     74  0
FAAAAA+STIXTwoText-Italic            Type 3            Custom           yes yes yes     75  0
KAAAAA+STIXTwoMath-Regular           Type 3            Custom           yes yes yes     76  0
IAAAAA+STIXTwoText-Italic_Bold-Italic Type 3            Custom           yes yes yes     77  0
UAAAAA+STIXTwoText-Italic_Bold-Italic Type 3            Custom           yes yes yes     78  0
UAAAAA+STIXTwoText-Italic_Bold-Italic Type 3            Custom           yes yes yes     79  0
UAAAAA+STIXTwoText-Italic_Bold-Italic Type 3            Custom           yes yes yes     80  0
UAAAAA+STIXTwoText-Italic_Bold-Italic Type 3            Custom           yes yes yes     81  0
JAAAAA+STIXTwoMath-Regular           Type 3            Custom           yes yes yes     82  0
IAAAAA+STIXTwoText-Italic_Bold-Italic Type 3            Custom           yes yes yes     83  0
KAAAAA+STIXTwoMath-Regular           Type 3            Custom           yes yes yes     84  0
IAAAAA+STIXTwoText-Italic_Bold-Italic Type 3            Custom           yes yes yes     85  0
UAAAAA+STIXTwoText-Italic_Bold-Italic Type 3            Custom           yes yes yes     86  0
KAAAAA+STIXTwoMath-Regular           Type 3            Custom           yes yes yes     89  0
KAAAAA+STIXTwoMath-Regular           Type 3            Custom           yes yes yes     92  0
MAAAAA+STIXTwoText_Bold              Type 3            Custom           yes yes yes     95  0
QAAAAA+STIXTwoMath-Regular           Type 3            Custom           yes yes yes     96  0
QAAAAA+STIXTwoMath-Regular           Type 3            Custom           yes yes yes     97  0
SAAAAA+STIXTwoMath-Regular           Type 3            Custom           yes yes yes     98  0
OAAAAA+STIXTwoText-Italic            Type 3            Custom           yes yes yes     99  0
NAAAAA+STIXTwoText                   Type 3            Custom           yes yes yes    100  0
QAAAAA+STIXTwoMath-Regular           Type 3            Custom           yes yes yes    101  0
VAAAAA+STIXGeneral-Regular           Type 3            Custom           yes yes yes    108  0
KAAAAA+STIXTwoMath-Regular           Type 3            Custom           yes yes yes    111  0
LAAAAA+STIXTwoText_Bold              Type 3            Custom           yes yes yes    112  0
CAAAAA+STIXTwoText_Bold              Type 3            Custom           yes yes yes    113  0
WAAAAA+STIXGeneral-Bold              Type 3            Custom           yes yes yes    114  0
DAAAAA+STIXTwoText                   Type 3            Custom           yes yes yes    115  0
TAAAAA+STIXTwoText-Italic            Type 3            Custom           yes yes yes    118  0
TAAAAA+STIXTwoText-Italic            Type 3            Custom           yes yes yes    121  0
XAAAAA+STIXTwoText-Italic            Type 3            Custom           yes yes yes    122  0
JAAAAA+STIXTwoMath-Regular           Type 3            Custom           yes yes yes    125  0
TAAAAA+STIXTwoText-Italic            Type 3            Custom           yes yes yes    130  0
YAAAAA+STIXTwoText-Italic_Bold-Italic Type 3            Custom           yes yes yes    135  0
YAAAAA+STIXTwoText-Italic_Bold-Italic Type 3            Custom           yes yes yes    136  0
QAAAAA+STIXTwoMath-Regular           Type 3            Custom           yes yes yes    137  0
DAAAAA+STIXTwoText                   Type 3            Custom           yes yes yes    140  0
JAAAAA+STIXTwoMath-Regular           Type 3            Custom           yes yes yes    141  0
EAAAAA+STIXTwoText_Bold              Type 3            Custom           yes yes yes    146  0
HAAAAA+STIXTwoText-Italic_Bold-Italic Type 3            Custom           yes yes yes    151  0
ZAAAAA+STIXTwoMath-Regular           Type 3            Custom           yes yes yes    161  0
TAAAAA+STIXTwoText-Italic            Type 3            Custom           yes yes yes    162  0
ABAAAA+STIXTwoText                   Type 3            Custom           yes yes yes    169  0
GAAAAA+STIXTwoText-Italic            Type 3            Custom           yes yes yes    172  0
KAAAAA+STIXTwoMath-Regular           Type 3            Custom           yes yes yes    181  0
BBAAAA+STIXTwoMath-Regular           Type 3            Custom           yes yes yes    182  0
KAAAAA+STIXTwoMath-Regular           Type 3            Custom           yes yes yes    185  0
JAAAAA+STIXTwoMath-Regular           Type 3            Custom           yes yes yes    186  0
CBAAAA+Menlo-Regular                 CID TrueType      Identity-H       yes yes yes    189  0
KAAAAA+STIXTwoMath-Regular           Type 3            Custom           yes yes yes    196  0
KAAAAA+STIXTwoMath-Regular           Type 3            Custom           yes yes yes    197  0
NAAAAA+STIXTwoText                   Type 3            Custom           yes yes yes    202  0
DBAAAA+STIXTwoText                   Type 3            Custom           yes yes yes    211  0
DBAAAA+STIXTwoText                   Type 3            Custom           yes yes yes    212  0
DBAAAA+STIXTwoText                   Type 3            Custom           yes yes yes    213  0
EBAAAA+STIXTwoText-Italic            Type 3            Custom           yes yes yes    214  0
EBAAAA+STIXTwoText-Italic            Type 3            Custom           yes yes yes    215  0
EBAAAA+STIXTwoText-Italic            Type 3            Custom           yes yes yes    216  0
DBAAAA+STIXTwoText                   Type 3            Custom           yes yes yes    217  0
FBAAAA+STIXTwoText-Italic            Type 3            Custom           yes yes yes    220  0
FBAAAA+STIXTwoText-Italic            Type 3            Custom           yes yes yes    221  0
VIGIA-FIN-OK exit=0 pico_kb=928 t=0s
