HTTP/2 302 
date: Mon, 05 Oct 2026 17:09:57 GMT
content-type: text/html;charset=utf-8
location: https://www.tandfonline.com/doi/full/10.1080/00927872.2024.2347582
server: cloudflare
vary: Origin
vary: Accept
expires: Mon, 05 Oct 2026 17:20:57 GMT
permissions-policy: interest-cohort=(),browsing-topics=()
cf-cache-status: DYNAMIC
strict-transport-security: max-age=31536000; includeSubDomains; preload
report-to: {"group":"cf-nel","max_age":604800,"endpoints":[{"url":"https://a.nel.cloudflare.com/report/v4?s=t1DMOEnXbmwQEwPJ%2BH3rK%2FOwmB%2BEIHEKFiitIFbT0tU%2FmsA0cxQ3jMohGkieWwg927jSGF6Q95CeKwMZ4AQGEW37o8mwyAhNBl1IwoaNntMxfV%2F9naLwvuY%3D"}]}
nel: {"report_to":"cf-nel","success_fraction":0.0,"max_age":604800}
cf-ray: a45e097aca9a5030-MAD
alt-svc: h3=":443"; ma=86400

HTTP/2 403 
date: Mon, 05 Oct 2026 17:09:57 GMT
content-type: text/html; charset=UTF-8
content-length: 5566
accept-ch: Sec-CH-UA-Bitness, Sec-CH-UA-Arch, Sec-CH-UA-Full-Version, Sec-CH-UA-Mobile, Sec-CH-UA-Model, Sec-CH-UA-Platform-Version, Sec-CH-UA-Full-Version-List, Sec-CH-UA-Platform, Sec-CH-UA, UA-Bitness, UA-Arch, UA-Full-Version, UA-Mobile, UA-Model, UA-Platform-Version, UA-Platform, UA
cf-mitigated: challenge
content-security-policy: default-src 'none'; script-src 'nonce-If3RJv79HsK7sZhm7Afcff' 'unsafe-eval' https://challenges.cloudflare.com; script-src-attr 'none'; style-src 'unsafe-inline'; img-src 'self' https://challenges.cloudflare.com; connect-src 'self' https://challenges.cloudflare.com; frame-src 'self' https://challenges.cloudflare.com blob:; child-src 'self' https://challenges.cloudflare.com blob:; worker-src blob:; form-action http: https:; base-uri 'self'
server: cloudflare
critical-ch: Sec-CH-UA-Bitness, Sec-CH-UA-Arch, Sec-CH-UA-Full-Version, Sec-CH-UA-Mobile, Sec-CH-UA-Model, Sec-CH-UA-Platform-Version, Sec-CH-UA-Full-Version-List, Sec-CH-UA-Platform, Sec-CH-UA, UA-Bitness, UA-Arch, UA-Full-Version, UA-Mobile, UA-Model, UA-Platform-Version, UA-Platform, UA
cross-origin-embedder-policy: require-corp
cross-origin-opener-policy: same-origin
cross-origin-resource-policy: same-origin
origin-agent-cluster: ?1
permissions-policy: accelerometer=(),camera=(),clipboard-read=(),clipboard-write=(),geolocation=(),gyroscope=(),hid=(),magnetometer=(),microphone=(),payment=(),publickey-credentials-get=(),screen-wake-lock=(),serial=(),sync-xhr=(),usb=(),xr-spatial-tracking=*
referrer-policy: same-origin
server-timing: chlray;desc="a45e097b58120390"
x-content-type-options: nosniff
x-frame-options: SAMEORIGIN
strict-transport-security: max-age=2592000
cf-ray: a45e097b58120390-MAD
alt-svc: h3=":443"; ma=86400

VIGIA-FIN-OK exit=0 pico_kb=3024 t=0s
