defined statements: 68  sections: 56
MISSING TARGET Theorem D  …explicit rule | §1.2, proof in §8 | | **Theorem D** | each …
MISSING TARGET Theorem O  …rix with closed-form entries | §4 | | **Theorems O and F** | the S…
MISSING TARGET Theorem F  …rix with closed-form entries | §4 | | **Theorems O and F** | the S…
MISSING TARGET Theorem DW  …ial built digit by digit | §6, §7 | | **Theorem DW** (the fo…
MISSING TARGET Corollary 1.4  …{⌊(n−2)/2⌋}` | §1.3, proof in §10 | | **Corollary 1.4** | the w…
MISSING TARGET Corollary 1.5  … of the folded cube | §1.3, §10.8 | | **Corollary 1.5** | Bai's…
MISSING TARGET Corollary 1.6  …s, re-proved from the rule | §9.1 | | **Corollary 1.6** | the `…
MISSING TARGET Theorem 4.1  …factors of `Syl_2 K(Q_n)`: Gao et al.'s Theorems 4.1 and 4.2, their Co…
MISSING TARGET Theorem 4.2  …factors of `Syl_2 K(Q_n)`: Gao et al.'s Theorems 4.1 and 4.2, their Co…
MISSING TARGET Corollary 1.7  …actor of their 2019 poster | §9.2 | | **Corollary 1.7** | `Syl_…
MISSING TARGET Theorem 1.2  …l_p ⊕_{j=1}^{n} (Z/j)^{C(n,j)}` [Bai03, Theorem 1.2]. About t…
MISSING TARGET Theorem 1.3  …ctors `Z/2` of `K(Q_n)`, by Bai [Bai03, Theorem 1.3] (re-prov…
MISSING TARGET Proposition 1.9  …j)^{C(n,j)}`.  The odd part is [GMMY24, Proposition 1.9]: the Lap…
MISSING TARGET Theorem 1.1  …quences  > **Corollary 1.5 (Bai [Bai03, Theorems 1.1, 1.3]).** `Syl…
MISSING TARGET Proposition 2.5  …f variables `u_i = x_i − 1` of [GMMY24, Proposition 2.5], and the…
MISSING TARGET Theorem U  … the dance, the cost form with carries, Theorems O, U and F, the ring…
MISSING TARGET Proposition 2.12  …of every Cayley graph of `F_2^r`, their Proposition 2.12 the `F_2`…
MISSING TARGET Lemma W  …  ### 3.2 Lifting from F₂  **Lemma 3.2 (Lemma W).** Let `…
MISSING TARGET Lemma K  …e recursion takes over. ∎  **Lemma 9.5 (Lemma K).** For `…
MISSING TARGET § 5.2  …ture about its exact structure» [CSX17, §5.2]. Iga, Kl…
MISSING TARGET § 26  …`-form of `U(sl_2)` is [Kos66], [Hum72, §26]. Kummer'…
reference keys: 32  cited keys: 32
cited but not in the list: []
in the list but never cited: []
duplicates in the list: []
list in alphabetical order (case-insensitive): True
FIN-OK
VIGIA-FIN-OK exit=0 pico_kb=5648 t=0s
