page  1: width 595, max xMax 541.9, word at max: 'ex‐'
page  2: width 595, max xMax 541.9, word at max: '(§13,'
page  3: width 595, max xMax 541.9, word at max: 'in‐'
page  4: width 595, max xMax 541.9, word at max: 'and'
page  5: width 595, max xMax 541.9, word at max: 'of'
page  6: width 595, max xMax 541.9, word at max: 'ma‐'
page  7: width 595, max xMax 541.9, word at max: 't'
page  8: width 595, max xMax 541.9, word at max: 'same'
page  9: width 595, max xMax 541.9, word at max: 'no'
page 10: width 595, max xMax 541.9, word at max: 'V'
page 11: width 595, max xMax 541.9, word at max: 'quo‐'
page 12: width 595, max xMax 541.9, word at max: '(ratios'
page 13: width 595, max xMax 541.9, word at max: 'are'
page 14: width 595, max xMax 541.9, word at max: 'weight'
page 15: width 595, max xMax 541.9, word at max: '·'
page 16: width 595, max xMax 541.9, word at max: 'the'
page 17: width 595, max xMax 541.9, word at max: '+'
page 18: width 595, max xMax 541.9, word at max: ')'
page 19: width 595, max xMax 541.9, word at max: 'tail'
page 20: width 595, max xMax 541.9, word at max: 'q]'
page 21: width 595, max xMax 541.9, word at max: 'clocks'
page 22: width 595, max xMax 541.9, word at max: 'ex‐'
page 23: width 595, max xMax 541.9, word at max: 'and'
page 24: width 595, max xMax 541.9, word at max: 'ex‐'
page 25: width 595, max xMax 541.9, word at max: 'and'
page 26: width 595, max xMax 541.9, word at max: 'is'
page 27: width 595, max xMax 541.9, word at max: 'T(λ)'
page 28: width 595, max xMax 541.9, word at max: 'and'
page 29: width 595, max xMax 541.9, word at max: 'invertible,'
page 30: width 595, max xMax 541.9, word at max: 's&apos;])'
page 31: width 595, max xMax 541.9, word at max: ','
page 32: width 595, max xMax 541.9, word at max: 'D'
page 33: width 595, max xMax 541.9, word at max: 'coeffi‐'
page 34: width 595, max xMax 541.9, word at max: 'is'
page 35: width 595, max xMax 541.9, word at max: 'as'
page 36: width 595, max xMax 541.9, word at max: 'con‐'
page 37: width 595, max xMax 541.9, word at max: 'exponent'
page 38: width 595, max xMax 541.9, word at max: 'de‐'
page 39: width 595, max xMax 541.9, word at max: 'experi‐'
page 40: width 595, max xMax 535.4, word at max: 'parity'
page 41: width 595, max xMax 541.9, word at max: 'state‐'
page 42: width 595, max xMax 541.9, word at max: 'ver‐'
page 43: width 595, max xMax 541.9, word at max: 'Sympos.'
median of page maxima: 541.914343  overall max: 541.944482
VIGIA-FIN-OK exit=0 pico_kb=38096 t=0s
