Title:           The Dancing Sand Theorem
Creator:         Mozilla/5.0 (Macintosh; Intel Mac OS X 10_15_7) AppleWebKit/537.36 (KHTML, like Gecko) HeadlessChrome/154.0.0.0 Safari/537.36
Producer:        Skia/PDF m154
CreationDate:    Mon Oct  5 16:15:57 2026 CEST
ModDate:         Mon Oct  5 16:15:57 2026 CEST
Custom Metadata: no
Metadata Stream: no
Tagged:          yes
UserProperties:  no
Suspects:        no
Form:            none
JavaScript:      no
Pages:           43
Encrypted:       no
Page size:       594.96 x 841.92 pts (A4)
Page rot:        0
File size:       4131736 bytes
Optimized:       no
PDF version:     1.4
      43
VIGIA-FIN-OK exit=0 pico_kb=19504 t=6s
