defined labels: 72
  line 23: section §8 not found
  line 24: section §4 not found
  line 25: section §6 not found
  line 25: section §7 not found
  line 26: section §10 not found
  line 29: reference Theorem 4.1 has no definition with that kind; label exists as [('Proposition', '4.1')]
  line 29: reference Theorem 4.2 has no definition with that kind; label exists as [('Proposition', '4.2')]
  line 32: section §13 not found
  line 38: reference Theorem 1.2 has no definition with that kind; label exists as []
  line 38: reference Theorem 4.1 has no definition with that kind; label exists as [('Proposition', '4.1')]
  line 38: reference Theorem 4.2 has no definition with that kind; label exists as [('Proposition', '4.2')]
  line 38: section §5.2 not found
  line 38: section §7 not found
  line 94: reference Theorem 1.3 has no definition with that kind; label exists as []
  line 94: section §10 not found
  line 102: reference Proposition 1.9 has no definition with that kind; label exists as []
  line 104: reference Remark 2.13 has no definition with that kind; label exists as []
  line 104: section §12 not found
  line 108: reference Theorem 1.1 has no definition with that kind; label exists as []
  line 108: reference Theorem 1.3 has no definition with that kind; label exists as []
  line 119: reference Theorem 4.1 has no definition with that kind; label exists as [('Proposition', '4.1')]
  line 119: reference Theorem 4.2 has no definition with that kind; label exists as [('Proposition', '4.2')]
  line 127: reference Proposition 2.5 has no definition with that kind; label exists as []
  line 127: section §2 not found
  line 127: section §5 not found
  line 128: section §3 not found
  line 129: section §4 not found
  line 129: section §5 not found
  line 130: section §6 not found
  line 130: section §8 not found
  line 131: section §10 not found
  line 142: section §3 not found
  line 144: section §2 not found
  line 145: section §2 not found
  line 146: section §2 not found
  line 148: section §3 not found
  line 149: section §4 not found
  line 151: section §5 not found
  line 152: section §6 not found
  line 153: section §10 not found
  line 156: section §4 not found
  line 156: section §10 not found
  line 174: section §5 not found
  line 175: section §5 not found
  line 178: section §6 not found
  line 178: section §7 not found
  line 182: section §10 not found
  line 186: section §11 not found
  line 199: section §4 not found
  line 199: section §7 not found
  line 199: section §10 not found
  line 201: reference Proposition 1.9 has no definition with that kind; label exists as []
  line 201: reference Proposition 2.12 has no definition with that kind; label exists as []
  line 201: reference Remark 4.4 has no definition with that kind; label exists as [('Theorem', '4.4')]
  line 201: section §2 not found
  line 201: section §26 not found
  line 203: section §4 not found
  line 219: reference Proposition 2.5 has no definition with that kind; label exists as []
  line 219: section §5 not found
  line 223: section §26 not found
  line 311: section §2 not found
  line 328: section §10 not found
  line 510: section §7 not found
  line 632: section §5 not found
  line 660: section §5 not found
  line 666: reference Remark 4.4 has no definition with that kind; label exists as [('Theorem', '4.4')]
  line 707: reference Theorem 4.1 has no definition with that kind; label exists as [('Proposition', '4.1')]
  line 707: reference Theorem 4.2 has no definition with that kind; label exists as [('Proposition', '4.2')]
  line 780: section §4 not found
  line 958: reference Proposition 1.9 has no definition with that kind; label exists as []
  line 960: reference Proposition 2.12 has no definition with that kind; label exists as []
  line 960: reference Remark 2.13 has no definition with that kind; label exists as []
  line 962: section §12 not found
  line 966: section §10 not found
  line 969: section §6 not found
  line 969: section §7 not found
  line 971: section §4 not found
  line 971: section §5 not found
  line 971: section §7 not found
  line 1006: section §1 not found
  line 1009: section §2 not found
  line 1022: section §11 not found
  line 1028: section §11 not found
  line 1052: section §10 not found
  line 1053: section §12 not found
sections: ['1.0', '1.1', '1.2', '1.3', '1.4', '1.5', '1.6', '1.7', '1.8', '2.1', '2.2', '2.3', '3.1', '3.2', '3.3', '3.4', '4.1', '4.2', '4.3', '4.4', '4.5', '6.1', '6.2', '6.3', '7.1', '7.2', '7.3', '7.4', '7.5', '9.1', '9.2', '9.3', '10.1', '10.2', '10.3', '10.4', '10.5', '10.6', '10.7', '10.8', '12.1', '12.2']
problems: 85
VIGIA-FIN-OK exit=0 pico_kb=4736 t=0s
