defined labels: 72
  line 29: reference Theorem 4.1 has no definition with that kind; label exists as [('Proposition', '4.1')]
  line 29: reference Theorem 4.2 has no definition with that kind; label exists as [('Proposition', '4.2')]
  line 38: reference Theorem 1.2 has no definition with that kind; label exists as []
  line 38: reference Theorem 4.1 has no definition with that kind; label exists as [('Proposition', '4.1')]
  line 38: reference Theorem 4.2 has no definition with that kind; label exists as [('Proposition', '4.2')]
  line 38: section §5.2 not found
  line 94: reference Theorem 1.3 has no definition with that kind; label exists as []
  line 102: reference Proposition 1.9 has no definition with that kind; label exists as []
  line 104: reference Remark 2.13 has no definition with that kind; label exists as []
  line 108: reference Theorem 1.1 has no definition with that kind; label exists as []
  line 108: reference Theorem 1.3 has no definition with that kind; label exists as []
  line 119: reference Theorem 4.1 has no definition with that kind; label exists as [('Proposition', '4.1')]
  line 119: reference Theorem 4.2 has no definition with that kind; label exists as [('Proposition', '4.2')]
  line 127: reference Proposition 2.5 has no definition with that kind; label exists as []
  line 201: reference Proposition 1.9 has no definition with that kind; label exists as []
  line 201: reference Proposition 2.12 has no definition with that kind; label exists as []
  line 201: reference Remark 4.4 has no definition with that kind; label exists as [('Theorem', '4.4')]
  line 201: section §26 not found
  line 219: reference Proposition 2.5 has no definition with that kind; label exists as []
  line 223: section §26 not found
  line 666: reference Remark 4.4 has no definition with that kind; label exists as [('Theorem', '4.4')]
  line 707: reference Theorem 4.1 has no definition with that kind; label exists as [('Proposition', '4.1')]
  line 707: reference Theorem 4.2 has no definition with that kind; label exists as [('Proposition', '4.2')]
  line 958: reference Proposition 1.9 has no definition with that kind; label exists as []
  line 960: reference Proposition 2.12 has no definition with that kind; label exists as []
  line 960: reference Remark 2.13 has no definition with that kind; label exists as []
sections: ['1', '1.0', '1.1', '1.2', '1.3', '1.4', '1.5', '1.6', '1.7', '1.8', '2', '2.1', '2.2', '2.3', '3', '3.1', '3.2', '3.3', '3.4', '4', '4.1', '4.2', '4.3', '4.4', '4.5', '5', '6', '6.1', '6.2', '6.3', '7', '7.1', '7.2', '7.3', '7.4', '7.5', '8', '9', '9.1', '9.2', '9.3', '10', '10.1', '10.2', '10.3', '10.4', '10.5', '10.6', '10.7', '10.8', '11', '12', '12.1', '12.2', '13']
problems: 26
VIGIA-FIN-OK exit=0 pico_kb=5760 t=0s
