 1  60.5%  <-- short
 2  98.4%
 3  98.9%
 4  99.9%
 5  99.2%
 6  99.6%
 7  84.2%  <-- short
 8  99.3%
 9  99.0%
10  93.8%
11  96.9%
12  99.3%
13  93.1%
14  98.5%
15  95.3%
16  98.7%
17  95.7%
18  99.4%
19  98.0%
20  96.4%
21  92.7%
22  99.2%
23  89.3%
24  99.8%
25  98.4%
26  99.8%
27  99.7%
28  93.3%
29  95.1%
30  99.5%
31  97.3%
32  90.2%
33  99.7%
34  98.8%
35  98.3%
36  96.7%
37  95.1%
38  98.9%
39  93.8%
40  97.9%
41  98.1%
42  74.7%  <-- short
43  97.1%
44  93.5%
45  95.6%
46  95.6%
47  99.0%
48  98.3%
49  88.6%
VIGIA-FIN-OK exit=0 pico_kb=48016 t=0s
