11 'We determine the whole `2`-part of `K(Q_n)` for every `n`, by an explicit rule.' | text words in bold: ['We', 'determine', 'the', 'whole', 'part', 'of', 'for', 'every']
11 'We also prove the fold law: the `2`-part of the sandpile group of the folded cube `Q_n/⟨(1,…,1)⟩` is `2·Syl_2 K(Q_n)`' | text words in bold: ['We', 'also', 'prove', 'the', 'fold', 'law', 'the', 'part']
89 'folded `n`-cube' | text words in bold: ['folded', 'cube']
91 'our folded `n`-cube `Q_n/⟨𝟙⟩` is `FQ_{n−1}`.' | text words in bold: ['our', 'folded', 'cube', 'is']
108 'The mod-`2` layer.' | text words in bold: ['The', 'mod', 'layer']
125 '`c_n = max(g(n − 1), v_2(n − 1) + n − 3)` for `n ≥ 3`' | text words in bold: ['for']
126 '`c_{n+1} = g(n − 1)` for `n ≥ 4`' | text words in bold: ['for']
135 'The group ring as an `SL_2`-module (§2).' | text words in bold: ['The', 'group', 'ring', 'as', 'an', 'module']
138 'The Smith form of `M` (§6–§8).' | text words in bold: ['The', 'Smith', 'form', 'of']
356 'payment system of size `r`' | text words in bold: ['payment', 'system', 'of', 'size']
403 "`M_{DD'} = −2^{1 − K + o(D∖D')} · a_k(D∖D') · ∏_{d = o_D}^{o_{D'} + K − 1} π_0(d)`  if `D' ⊆ D`," | text words in bold: ['if']
423 '`v_2(a_k(Δ))` depends only on `k` and `Δ`' | text words in bold: ['depends', 'only', 'on', 'and']
493 'The shift `i = 0`.' | text words in bold: ['The', 'shift']
511 '`r`-matching' | text words in bold: ['matching']
649 'slack `h` on same-half arrows' | text words in bold: ['slack', 'on', 'same', 'half', 'arrows']
657 "the interval `[max(c_3, v'(p^*)), min(c_4, v'(p))]` is non-empty" | text words in bold: ['the', 'interval', 'is', 'non', 'empty']
716 'Proposition 9.3 (shift `1`).' | text words in bold: ['Proposition', 'shift']
730 'Proposition 9.4 (shift `0`).' | text words in bold: ['Proposition', 'shift']
815 '`Ψ_j` has the payment `4(D + ⌈j/2⌉)`, an odd constant coefficient of `F`, and constant integral coefficients of `F^{(m)}`, `m ≥ 2`.' | text words in bold: ['has', 'the', 'payment', 'an', 'odd', 'constant', 'coefficient', 'of']
856 'The `V`-split.' | text words in bold: ['The', 'split']
914 "`M_w(Ξ) = M_w(Σ) ∘ (1 + E')` with `v_2(E') ≥ 1` entrywise" | text words in bold: ['with', 'entrywise']
918 'The case `c = 0`.' | text words in bold: ['The', 'case']
935 '`Θ: 𝒦 → 𝒮` is a ring homomorphism, `Θ(ϑ(· − e)) = Θ(ϑ)` for every `e ∈ Z_2`, and `ker Θ = 2𝒦`.' | text words in bold: ['is', 'a', 'ring', 'homomorphism', 'for', 'every', 'and']
956 'for every `α ≥ 2`, every `c ∈ Z_2`, every unit `η` and all constants `ζ_m ∈ Z_2`, the dance of `2^α(D + c) + ηF + Σ_{m≥2} ζ_m F^{(m)}` on ev' | text words in bold: ['for', 'every', 'every', 'every', 'unit', 'and', 'all', 'constants']
990 "`G_h ≡ G'_h (mod 2)` at every level `h`." | text words in bold: ['at', 'every', 'level']
996 '`glue(X, Y)_h = glue(X_h, Y_h)` at every level' | text words in bold: ['at', 'every', 'level']
1038 'The mod-`2` layer.' | text words in bold: ['The', 'mod', 'layer']
VIGIA-FIN-OK exit=0 pico_kb=5040 t=0s
