p10 RAAAAA+STIXGeneral-Regular           Type 3            Custom           yes yes yes    105  0
p11 RAAAAA+STIXGeneral-Regular           Type 3            Custom           yes yes yes    105  0
p11 SAAAAA+STIXGeneral-Bold              Type 3            Custom           yes yes yes    111  0
p12 RAAAAA+STIXGeneral-Regular           Type 3            Custom           yes yes yes    105  0
p13 RAAAAA+STIXGeneral-Regular           Type 3            Custom           yes yes yes    105  0
p14 RAAAAA+STIXGeneral-Regular           Type 3            Custom           yes yes yes    105  0
p15 RAAAAA+STIXGeneral-Regular           Type 3            Custom           yes yes yes    105  0
p16 RAAAAA+STIXGeneral-Regular           Type 3            Custom           yes yes yes    105  0
p17 RAAAAA+STIXGeneral-Regular           Type 3            Custom           yes yes yes    105  0
p18 RAAAAA+STIXGeneral-Regular           Type 3            Custom           yes yes yes    105  0
p19 RAAAAA+STIXGeneral-Regular           Type 3            Custom           yes yes yes    105  0
p20 RAAAAA+STIXGeneral-Regular           Type 3            Custom           yes yes yes    105  0
p21 RAAAAA+STIXGeneral-Regular           Type 3            Custom           yes yes yes    105  0
p22 RAAAAA+STIXGeneral-Regular           Type 3            Custom           yes yes yes    105  0
p23 RAAAAA+STIXGeneral-Regular           Type 3            Custom           yes yes yes    105  0
p24 RAAAAA+STIXGeneral-Regular           Type 3            Custom           yes yes yes    105  0
p25 RAAAAA+STIXGeneral-Regular           Type 3            Custom           yes yes yes    105  0
p27 RAAAAA+STIXGeneral-Regular           Type 3            Custom           yes yes yes    105  0
p28 RAAAAA+STIXGeneral-Regular           Type 3            Custom           yes yes yes    105  0
p29 RAAAAA+STIXGeneral-Regular           Type 3            Custom           yes yes yes    105  0
p30 RAAAAA+STIXGeneral-Regular           Type 3            Custom           yes yes yes    105  0
p31 RAAAAA+STIXGeneral-Regular           Type 3            Custom           yes yes yes    105  0
p32 RAAAAA+STIXGeneral-Regular           Type 3            Custom           yes yes yes    105  0
p33 RAAAAA+STIXGeneral-Regular           Type 3            Custom           yes yes yes    105  0
p35 RAAAAA+STIXGeneral-Regular           Type 3            Custom           yes yes yes    105  0
p36 RAAAAA+STIXGeneral-Regular           Type 3            Custom           yes yes yes    105  0
p37 RAAAAA+STIXGeneral-Regular           Type 3            Custom           yes yes yes    105  0
p38 RAAAAA+STIXGeneral-Regular           Type 3            Custom           yes yes yes    105  0
p39 RAAAAA+STIXGeneral-Regular           Type 3            Custom           yes yes yes    105  0
p39 UAAAAA+Menlo-Regular                 CID TrueType      Identity-H       yes yes yes    179  0
p40 RAAAAA+STIXGeneral-Regular           Type 3            Custom           yes yes yes    105  0
p41 RAAAAA+STIXGeneral-Regular           Type 3            Custom           yes yes yes    105  0
p43 UAAAAA+Menlo-Regular                 CID TrueType      Identity-H       yes yes yes    179  0
p43 VAAAAA+Menlo-Regular                 CID TrueType      Identity-H       yes yes yes    189  0
p44 UAAAAA+Menlo-Regular                 CID TrueType      Identity-H       yes yes yes    179  0
p44 VAAAAA+Menlo-Regular                 CID TrueType      Identity-H       yes yes yes    189  0
p48 UAAAAA+Menlo-Regular                 CID TrueType      Identity-H       yes yes yes    179  0
VIGIA-FIN-OK exit=0 pico_kb=2224 t=1s
