name                                 type              encoding         emb sub uni object ID
------------------------------------ ----------------- ---------------- --- --- --- ---------
AAAAAA+STIXTwoText_Bold              Type 3            Custom           yes yes yes      4  0
BAAAAA+STIXTwoText-Italic            Type 3            Custom           yes yes yes      5  0
BAAAAA+STIXTwoText-Italic            Type 3            Custom           yes yes yes      6  0
BAAAAA+STIXTwoText-Italic            Type 3            Custom           yes yes yes      7  0
CAAAAA+STIXTwoText_Bold              Type 3            Custom           yes yes yes      8  0
CAAAAA+STIXTwoText_Bold              Type 3            Custom           yes yes yes      9  0
DAAAAA+STIXTwoText                   Type 3            Custom           yes yes yes     10  0
DAAAAA+STIXTwoText                   Type 3            Custom           yes yes yes     11  0
DAAAAA+STIXTwoText                   Type 3            Custom           yes yes yes     12  0
EAAAAA+STIXTwoText_Bold              Type 3            Custom           yes yes yes     13  0
EAAAAA+STIXTwoText_Bold              Type 3            Custom           yes yes yes     14  0
FAAAAA+STIXTwoMath-Regular           Type 3            Custom           yes yes yes     15  0
FAAAAA+STIXTwoMath-Regular           Type 3            Custom           yes yes yes     16  0
FAAAAA+STIXTwoMath-Regular           Type 3            Custom           yes yes yes     17  0
GAAAAA+STIXTwoMath-Regular           Type 3            Custom           yes yes yes     18  0
CAAAAA+STIXTwoText_Bold              Type 3            Custom           yes yes yes     19  0
FAAAAA+STIXTwoMath-Regular           Type 3            Custom           yes yes yes     20  0
FAAAAA+STIXTwoMath-Regular           Type 3            Custom           yes yes yes     21  0
GAAAAA+STIXTwoMath-Regular           Type 3            Custom           yes yes yes     22  0
GAAAAA+STIXTwoMath-Regular           Type 3            Custom           yes yes yes     23  0
GAAAAA+STIXTwoMath-Regular           Type 3            Custom           yes yes yes     24  0
FAAAAA+STIXTwoMath-Regular           Type 3            Custom           yes yes yes     25  0
FAAAAA+STIXTwoMath-Regular           Type 3            Custom           yes yes yes     26  0
EAAAAA+STIXTwoText_Bold              Type 3            Custom           yes yes yes     29  0
HAAAAA+STIXTwoText_Bold              Type 3            Custom           yes yes yes     30  0
HAAAAA+STIXTwoText_Bold              Type 3            Custom           yes yes yes     31  0
HAAAAA+STIXTwoText_Bold              Type 3            Custom           yes yes yes     32  0
FAAAAA+STIXTwoMath-Regular           Type 3            Custom           yes yes yes     33  0
FAAAAA+STIXTwoMath-Regular           Type 3            Custom           yes yes yes     34  0
FAAAAA+STIXTwoMath-Regular           Type 3            Custom           yes yes yes     35  0
IAAAAA+STIXTwoText_Bold              Type 3            Custom           yes yes yes     36  0
IAAAAA+STIXTwoText_Bold              Type 3            Custom           yes yes yes     37  0
JAAAAA+STIXTwoText                   Type 3            Custom           yes yes yes     38  0
JAAAAA+STIXTwoText                   Type 3            Custom           yes yes yes     39  0
JAAAAA+STIXTwoText                   Type 3            Custom           yes yes yes     40  0
KAAAAA+STIXTwoMath-Regular           Type 3            Custom           yes yes yes     41  0
KAAAAA+STIXTwoMath-Regular           Type 3            Custom           yes yes yes     42  0
LAAAAA+STIXTwoMath-Regular           Type 3            Custom           yes yes yes     43  0
KAAAAA+STIXTwoMath-Regular           Type 3            Custom           yes yes yes     44  0
KAAAAA+STIXTwoMath-Regular           Type 3            Custom           yes yes yes     45  0
KAAAAA+STIXTwoMath-Regular           Type 3            Custom           yes yes yes     46  0
LAAAAA+STIXTwoMath-Regular           Type 3            Custom           yes yes yes     47  0
KAAAAA+STIXTwoMath-Regular           Type 3            Custom           yes yes yes     48  0
KAAAAA+STIXTwoMath-Regular           Type 3            Custom           yes yes yes     49  0
KAAAAA+STIXTwoMath-Regular           Type 3            Custom           yes yes yes     50  0
LAAAAA+STIXTwoMath-Regular           Type 3            Custom           yes yes yes     51  0
KAAAAA+STIXTwoMath-Regular           Type 3            Custom           yes yes yes     52  0
MAAAAA+STIXTwoMath-Regular           Type 3            Custom           yes yes yes     53  0
LAAAAA+STIXTwoMath-Regular           Type 3            Custom           yes yes yes     54  0
KAAAAA+STIXTwoMath-Regular           Type 3            Custom           yes yes yes     55  0
MAAAAA+STIXTwoMath-Regular           Type 3            Custom           yes yes yes     56  0
JAAAAA+STIXTwoText                   Type 3            Custom           yes yes yes     57  0
LAAAAA+STIXTwoMath-Regular           Type 3            Custom           yes yes yes     58  0
IAAAAA+STIXTwoText_Bold              Type 3            Custom           yes yes yes     59  0
DAAAAA+STIXTwoText                   Type 3            Custom           yes yes yes     60  0
NAAAAA+STIXTwoMath-Regular           Type 3            Custom           yes yes yes     61  0
FAAAAA+STIXTwoMath-Regular           Type 3            Custom           yes yes yes     62  0
FAAAAA+STIXTwoMath-Regular           Type 3            Custom           yes yes yes     65  0
OAAAAA+STIXTwoMath-Regular           Type 3            Custom           yes yes yes     66  0
GAAAAA+STIXTwoMath-Regular           Type 3            Custom           yes yes yes     67  0
GAAAAA+STIXTwoMath-Regular           Type 3            Custom           yes yes yes     68  0
FAAAAA+STIXTwoMath-Regular           Type 3            Custom           yes yes yes     69  0
FAAAAA+STIXTwoMath-Regular           Type 3            Custom           yes yes yes     70  0
CAAAAA+STIXTwoText_Bold              Type 3            Custom           yes yes yes     73  0
OAAAAA+STIXTwoMath-Regular           Type 3            Custom           yes yes yes     74  0
NAAAAA+STIXTwoMath-Regular           Type 3            Custom           yes yes yes     75  0
NAAAAA+STIXTwoMath-Regular           Type 3            Custom           yes yes yes     76  0
GAAAAA+STIXTwoMath-Regular           Type 3            Custom           yes yes yes     77  0
GAAAAA+STIXTwoMath-Regular           Type 3            Custom           yes yes yes     78  0
GAAAAA+STIXTwoMath-Regular           Type 3            Custom           yes yes yes     79  0
NAAAAA+STIXTwoMath-Regular           Type 3            Custom           yes yes yes     80  0
DAAAAA+STIXTwoText                   Type 3            Custom           yes yes yes     83  0
PAAAAA+STIXTwoText                   Type 3            Custom           yes yes yes     84  0
PAAAAA+STIXTwoText                   Type 3            Custom           yes yes yes     85  0
IAAAAA+STIXTwoText_Bold              Type 3            Custom           yes yes yes     90  0
KAAAAA+STIXTwoMath-Regular           Type 3            Custom           yes yes yes     91  0
KAAAAA+STIXTwoMath-Regular           Type 3            Custom           yes yes yes     92  0
LAAAAA+STIXTwoMath-Regular           Type 3            Custom           yes yes yes     93  0
JAAAAA+STIXTwoText                   Type 3            Custom           yes yes yes     94  0
KAAAAA+STIXTwoMath-Regular           Type 3            Custom           yes yes yes     95  0
QAAAAA+STIXTwoText-Italic            Type 3            Custom           yes yes yes    102  0
QAAAAA+STIXTwoText-Italic            Type 3            Custom           yes yes yes    103  0
QAAAAA+STIXTwoText-Italic            Type 3            Custom           yes yes yes    104  0
RAAAAA+STIXGeneral-Regular           Type 3            Custom           yes yes yes    105  0
FAAAAA+STIXTwoMath-Regular           Type 3            Custom           yes yes yes    108  0
HAAAAA+STIXTwoText_Bold              Type 3            Custom           yes yes yes    109  0
CAAAAA+STIXTwoText_Bold              Type 3            Custom           yes yes yes    110  0
SAAAAA+STIXGeneral-Bold              Type 3            Custom           yes yes yes    111  0
DAAAAA+STIXTwoText                   Type 3            Custom           yes yes yes    112  0
GAAAAA+STIXTwoMath-Regular           Type 3            Custom           yes yes yes    117  0
GAAAAA+STIXTwoMath-Regular           Type 3            Custom           yes yes yes    126  0
GAAAAA+STIXTwoMath-Regular           Type 3            Custom           yes yes yes    133  0
EAAAAA+STIXTwoText_Bold              Type 3            Custom           yes yes yes    138  0
PAAAAA+STIXTwoText                   Type 3            Custom           yes yes yes    141  0
NAAAAA+STIXTwoMath-Regular           Type 3            Custom           yes yes yes    151  0
QAAAAA+STIXTwoText-Italic            Type 3            Custom           yes yes yes    160  0
TAAAAA+STIXTwoMath-Regular           Type 3            Custom           yes yes yes    173  0
FAAAAA+STIXTwoMath-Regular           Type 3            Custom           yes yes yes    174  0
UAAAAA+Menlo-Regular                 CID TrueType      Identity-H       yes yes yes    179  0
FAAAAA+STIXTwoMath-Regular           Type 3            Custom           yes yes yes    186  0
VAAAAA+Menlo-Regular                 CID TrueType      Identity-H       yes yes yes    189  0
LAAAAA+STIXTwoMath-Regular           Type 3            Custom           yes yes yes    190  0
WAAAAA+STIXTwoText                   Type 3            Custom           yes yes yes    201  0
WAAAAA+STIXTwoText                   Type 3            Custom           yes yes yes    202  0
WAAAAA+STIXTwoText                   Type 3            Custom           yes yes yes    203  0
XAAAAA+STIXTwoText-Italic            Type 3            Custom           yes yes yes    204  0
XAAAAA+STIXTwoText-Italic            Type 3            Custom           yes yes yes    205  0
XAAAAA+STIXTwoText-Italic            Type 3            Custom           yes yes yes    206  0
YAAAAA+STIXTwoMath-Regular           Type 3            Custom           yes yes yes    207  0
WAAAAA+STIXTwoText                   Type 3            Custom           yes yes yes    210  0
YAAAAA+STIXTwoMath-Regular           Type 3            Custom           yes yes yes    211  0
ZAAAAA+STIXTwoMath-Regular           Type 3            Custom           yes yes yes    212  0
ZAAAAA+STIXTwoMath-Regular           Type 3            Custom           yes yes yes    213  0
YAAAAA+STIXTwoMath-Regular           Type 3            Custom           yes yes yes    214  0
VIGIA-FIN-OK exit=0 pico_kb=544 t=0s
