p1 END-BAD   [...tions of its entries. It needs a unique cheapest matching for an upper bound and]
p1 END-BAD   [...Yuen on the largest factors, and we prove their Conjectures 4.14 and 5.4 and the]
p1 END-BAD   [...actor stated in their 2019 poster. We also prove the fold law: the 2‑part of the]
p2 END-BAD   [...group of the 𝑛‑cube, 𝐾̄(𝑛) that of the folded 𝑛‑cube 𝑄 /⟨𝟙⟩ (§1.3), and 𝑍 is the]
p2 END-BAD   [...DW were read cold before this text was written, by readers with no access to the]
p2 END-BAD   [...ext was read cold as a whole on 5 October 2026 by a reader with no access to the]
p2 END-BAD   [...ts or the earlier readings: «holds with gaps». It found one gap, in the proof of]
p3 END-BAD   [...the full structure of the 2-primary component of both the critical group and the]
p3 END-BAD   [...n-cube remain unknown»). Chandler, Sin and Xiang computed the Smith group of the]
p3 END-BAD   [..., Kostiuk and Yuen observed that for Cayley graphs of 𝐹 «the 2-Sylow subgroup of]
p3 END-BAD   [...ension 2 𝑘 − 1 and 2 𝑘 [GMMY24, Conjecture 5.4], and wrote that «determining the]
p3 END-BAD   [...nary expansion of 𝑥 ≥ 0, 𝑣 the 2‑adic valuation, and]
p3 END-BAD   [...le tilting module 𝑇(𝜆) of SL in characteristic 2 in the tensor power 𝑉 ⊗𝑛 of the]
p3 END-BAD   [...integer) and]
p4 END-BAD   [...easing (adjacent blocks with equal means are merged) and each block value is the]
p4 END-BAD   [...mod 𝑝 copies of ⌈𝑆/𝑝⌉ followed by 𝑝 − (𝑆 mod 𝑝) copies of ⌊𝑆/𝑝⌋. In the cube the]
p4 END-BAD   [...𝐼 = {0}, ℎ = 2), shift 1: small clocks {1: 2}; raw clocks 𝜑(5) + 𝜅(0, 5) = 5 and]
p4 END-BAD   [... 1, 𝐼 = {0}, ℎ = 1), shift 2: no small clocks; raw clocks 𝜑(3) + 𝜅(1, 3) = 5 and]
p4 END-BAD   [...once for each pair of words, one from each, that differ in one letter. It is the]
p5 END-BAD   [... literature on interconnection networks the «folded hypercube 𝐹𝑄 » is 𝑄 with the]
p5 END-BAD   [...Theorem DW explains a coincidence noted by Gao et al. [GMMY24, Remark 2.13]: the]
p5 END-BAD   [... the 𝑍/2's keeps a non-trivial image, so the number of even invariant factors of]
p5 END-BAD   [...[Bai03, Theorems 1.1, 1.3]). Syl 𝐾(𝑄 ) has exactly 2 𝑛−1 − 1 cyclic factors, and]
p5 END-BAD   [...he invariant factors of 𝐾(𝑄 ). They are all even: in his proof the Smith form of]
p5 END-BAD   [...… for the exponents of the cyclic factors of Syl 𝐾(𝑄 ), in decreasing order, and]
p5 END-BAD   [...max (𝑥 + 𝑣 𝑥). (Gao et al. write 𝑐 (𝑄 ) for the 𝑖‑th largest invariant factor of]
p6 END-BAD   [...with the same multiplicity, and each of its dancers becomes two dancers with the]
p6 END-BAD   [...n the basis 𝑠 = ∏ (1 − 𝑥 ) it becomes 𝑈 + 2𝐷, with 𝑈 the raising operator of the]
p6 END-BAD   [...𝑉 ⊗𝑛 , 𝑉 = 𝑍 2 the natural module of SL , gives 𝜎 = 𝐹 + 𝑛 − 𝐻, an element of the]
p6 END-BAD   [...n Φ(𝑁) half of the relations have unit pivots; eliminating them leaves twice the]
p6 END-BAD   [...⊗ Φ(𝑁) the same happens with two coupled «dancers». After 𝑘 moves 𝑋(𝜆, 𝑖) is the]
p6 END-BAD   [...h has a unique cheapest matching (Theorem O); that valuation is a partial sum of]
p7 END-BAD   [...10.12). The even families are glued pairs of odd ones, and the glue survives the]
p7 END-BAD   [... and 𝜏 the family operator of §10; and «window» is a range of floors in §4.4 and]
p9 END-BAD   [...dulo 2 — dry — the module 𝑇(2𝑙 + 1) becomes 𝑉 ⊗ 𝑇(𝑙) [1] , the tensor product of]
p9 END-BAD   [...and every power of 2 survives. The fold dries the cube by exactly one layer: the]
p9 END-BAD   [...of our knowledge, after a search of the literature up to October 2026 (arXiv and]
p9 END-BAD   [... odd part of every Cayley graph of 𝐹 , their Proposition 2.12 the 𝐹 ‑rank of the]
p10 END-BAD   [...ing decompositions over complete rings, are standard [Jan03, Don93]; we give the]
p10 END-BAD   [... of abelian covers [VZ24], and Len and Zakharov the order of the Prym group of a]
p10 END-BAD   [...give orders, not group structure. Akyar et al. recall that the exact sequence of]
p10 END-BAD   [... odd grids have fixed vertices, so their fold is not a regular double cover, and]
p10 END-BAD   [...egral description with fixed vertices explain both the folded all-ones class and]
p10 END-BAD   [...e was obtained earlier, we would be grateful to be told, and we will correct the]
p10 END-BAD   [...riables 𝑢 = 𝑥 − 1 used by Gao et al. [GMMY24, proof of Proposition 2.5], and the]
p11 END-BAD   [...𝐻(𝐻 − 1)⋯(𝐻 − 𝑟 + 1)/𝑟! [Kos66], [Hum72, §26]; it is the distribution algebra of]
p11 END-BAD   [...the cokernel of an endomorphism that preserves a direct sum decomposition is the]
p12 END-BAD   [...𝑚 + 1) on one side and 𝑋 on the other. So 𝑋 ≅ Δ (𝑚 + 1). The quotient is free of]
p12 END-BAD   [...he free 𝐴‑module Φ(𝑁) := 𝑏 ⊗ 𝑁 ⊕ 𝑏 ⊗ 𝑁 (we write 𝑏 𝑛 for 𝑏 ⊗ 𝑛) define, for 𝑛 of]
p12 END-BAD   [... acts on 𝑁; on a vector of weight 𝑤, Ω − 𝐻 2 = 4𝐹𝐸 + 2𝑤 + 1. For a morphism 𝑓 of]
p13 END-BAD   [...f Φ(∇ (𝜇)) by weight: 𝑏 𝑤 (index 2𝑠), 𝑏 𝑤 (index 2𝑠 + 1). Then 𝐹(𝑏 𝑤 ) = 𝑏 𝑤 and]
p13 END-BAD   [...while in ∇ (2𝜇 + 1), 𝐹𝑤 ′ = (2𝜇 + 1 − 𝑅)𝑤 ′ , that is 2𝜇 + 1 − 2𝑠 for 𝑅 = 2𝑠 and]
p13 END-BAD   [...Let 𝑋 be a lattice with a sublattice 𝑁 such that 𝑋/𝑁 ≅ Δ (𝜆) and every weight of]
p13 END-BAD   [... (𝜇) lie in [−𝜇, 𝜇] ⊆ [−𝜆, 𝜆]: Lemma 3.2. If 𝜇 > 𝜆, the duality 𝜄 identifies the]
p13 END-BAD   [...y 2) gives the exact sequence Hom(𝑀, 𝑁) → Hom(𝑀, 𝑁 ⊗ 𝐹 ) → Ext 1 (𝑀, 𝑁) = 0, and]
p14 END-BAD   [...𝑓̄ and its inverse to 𝑓: 𝑋 → 𝑌, 𝑔: 𝑌 → 𝑋 (Lemma 3.3). Then 𝑔𝑓 ≡ 1 (mod 2) in the]
p14 END-BAD   [... it is onto, and both have dimension 4. Finally, with Proposition 3.1(c) and the]
p14 END-BAD   [...𝑉 ⊗ 𝑇(2𝑙 + 2) = 𝑉 ⊗ 𝑉 ⊗ Φ(𝑇(𝑙)): both it and Φ(𝑇(𝑙)) 2 ⊕ Φ(𝑉 ⊗ 𝑇(𝑙)) have Δ- and]
p14 END-BAD   [...ey can be read off by peeling the characters above off (𝑒 + 𝑒 −1 ) 𝑛 [TW21], and]
p15 END-BAD   [...], so 𝑚 (𝑛 + 1) = 𝑚 (𝑛). [1] is produced by 𝑉 · [0] and by the term 2[2𝑙 + 1] of]
p15 END-BAD   [... by floors 0, 1, …, 𝑓 , on which 𝐹 maps floor 𝑓 into floor 𝑓 + 1. A payment is a]
p15 END-BAD   [...max]
p15 START-OP  [≥0]
p15 ALONE     [≥0]
p16 START-OP  [− ∑ [𝜋 (2𝑓 + 1)𝐾 (2𝑓) + 𝐾 (2𝑓 + 1)𝜋 (2𝑓) + ∑ 𝐾 (2𝑓 + 1)𝐾 (2𝑓)]𝑏 𝑛𝜄 ,]
p16 END-BAD   [...ors 2𝑓, 2𝑓 + 1, 2𝑓 + 1, 2𝑓 + 2. They form a basis of 𝑁 over the bases of 𝑁′, and]
p16 END-BAD   [... on 𝑁′ with slots (𝑠, 𝐴), (𝑠, 𝐶), ordered lexicographically with 𝐴 before 𝐶, and]
p16 END-BAD   [...1), 𝐾 ′′(𝑢,𝐶),(𝑠′,𝐴) (𝑓) = −𝐾 (2𝑓 + 1) (𝑢 > 𝑠′), and there is no coupling from a]
p16 START-OP  [− 2𝜋 (2𝑓 + 1)𝐶 𝜄 − 2 ∑ 𝐾 (2𝑓 + 1)𝐶 𝜄 ,]
p16 END-BAD   [...and]
p16 END-BAD   [...is the grading of Propositions 4.1–⁠ 4.2: for instance 𝑏 𝑛 has weight 2𝑤 + 1 and]
p17 END-BAD   [...each 𝐷 ⊆ 𝐼 , couplings only from 𝐷′ to 𝐷 ⊋ 𝐷′, and]
p17 END-BAD   [...𝑓) = 𝜋 (𝑓), 𝑐 = 1. In the formula of Proposition 4.1, each of the three kinds of]
p17 END-BAD   [...e values of 𝜋 over two adjacent windows of level ℎ, whose union is the window of]
p17 END-BAD   [...ordered decompositions 𝐷 ∖ 𝐷′ = Δ ⊔ Δ (the intermediate slot is 𝑈 = 𝐷′ ⊔ Δ ; the]
p17 END-BAD   [...ows of the new pairs. Their coefficients −𝑐 and −𝑐 are the coefficients of 𝑥 and]
p17 END-BAD   [...cursion. Put 𝑦 := 2 𝑥 and 𝑐 = −2 𝑞 . Then 𝑐 = 1 gives 𝑞 = −1, and]
p18 END-BAD   [...𝑦 Δ , and]
p18 END-BAD   [...decompositions Δ = Δ ⊔ Δ into non-empty parts. One of min Δ , min Δ is 𝜇 and the]
p18 END-BAD   [...em 3.8, 𝑍 ⊕ Syl 𝐾(𝑄 ) is the direct sum, over the families 𝜆, of 𝑚 (𝑛) copies of]
p18 END-BAD   [... + 1 rows (with equality, for instance, when 𝜆 = 2 𝑘+1 − 2), against 2 𝑛 for the]
p19 END-BAD   [... − 1) + 𝛾(Δ). (b) 𝛾(Δ) = 0 if and only if Δ = ∅ or Δ = 𝐼 ∩ [min Δ, 𝑘) (a tail of]
p19 END-BAD   [...n Δ = ∑ ℎ (the gaps telescope), and the digits 𝑡 ≥ min Δ of 𝐼 are those of Δ and]
p19 END-BAD   [...), ∑ 𝑣 (𝑚 + 1 + 𝑑) = (𝑦 − 𝑥) − 𝑠 (𝑚 + 𝑦) + 𝑠 (𝑚 + 𝑥). With 𝑥 = 𝑜 , 𝑦 = 𝑜 + 𝐾 and]
p19 END-BAD   [...ositions 𝑡 + 1, …, next(𝑡) − 1, which lie in [0, 𝑘) ∖ 𝐼, and stops at next(𝑡), a]
p20 START-OP  [= 𝐾 + 𝑜 − 2𝑜 + 𝑘 − |𝐼| + 2|𝐷| + 𝐺(𝐷) − 𝐺(𝐸),]
p20 END-BAD   [...Step 3. 𝑥 = 𝜓(𝐷) − 𝜅(𝑚, 𝑜 ) − 𝜓(𝐸) + 𝜅(𝑚 + 𝐾, 𝑜 ), and]
p21 END-BAD   [...ap 𝐷 ↦ 𝐼 ∖ 𝐷 reverses the o-order. Put 𝐿 := {𝐷 , …, 𝐷 } (the last 𝑟 dancers) and]
p21 END-BAD   [... of the remaining 𝑠 − 1 bits. Removing the top bit of the rows gives exactly the]
p22 END-BAD   [...increment of 𝑑 in (𝑟 , 𝑟 * ] is at least 𝑞 + 1, hence so is every later one, and]
p22 END-BAD   [...asing, 𝑌(𝑟) is the sum of the 𝑟 smallest values of 𝑦̂, and the exponents are the]
p22 END-BAD   [...sts and is unique (projection onto a closed convex cone). Its level sets are the]
p22 END-BAD   [... · 𝑧), the values by 𝑆 mod 𝑝 copies of ⌈𝑆/𝑝⌉ followed by 𝑝 − (𝑆 mod 𝑝) copies of]
p22 END-BAD   [...ncreasing. Then ‖𝑥 − 𝑦‖ 2 = ‖𝑥 − 𝑧‖ 2 + ‖𝑧 − 𝑦‖ 2 +2∑ (𝑥 − 𝑧 )(𝑧 − 𝑦 ), and on a]
p22 END-BAD   [...fit(𝑥) . A position 𝑏 with fit(𝑥) > fit(𝑥) is always a cut, since Lemma 7.1 is a]
p23 END-BAD   [...catenation is a level set of one piece, or the union of a final level set of the]
p23 END-BAD   [...one of the second with the same value; Lemma 7.1 for the pieces gives it for the]
p23 END-BAD   [...s 𝑏 (𝐿 before 𝑏). 𝐿 is a final level set of fit(𝑥 ), so ∑ (𝑥 − 𝑐) = 0; hence the]
p23 END-BAD   [...f 𝐿 equals its sum over 𝐿 plus that prefix, which is ≤ 0 by Lemma 7.1 for 𝑧, and]
p23 END-BAD   [... 𝑃 ∪ 𝑃 * with value 0, where 𝑃 = {𝑍 ≤ 0} is a final segment of the first half, a]
p24 END-BAD   [...𝐽 is an up-set of the o-order (it is monotone in 𝑜 ). For integers 𝑃 , 𝑃 ≥ 0 the]
p25 END-BAD   [...) + ℎ if 𝑐 ∉ Δ ≠ ∅, and 𝛾 (Δ ∪ {𝑐}) = 𝛾 (Δ ). Consequently the first half of the]
p25 END-BAD   [...p 1), so (𝑍 ) = fit((𝑥 ) ), and Lemma 7.2(c) gives the cut. It is strict: on the]
p26 END-BAD   [...it(𝑥 ) restricted to the first half is 𝑍 , and Lemma 7.2(c) gives the cut at the]
p26 END-BAD   [... 1]𝜅𝐽′(𝐼′ ∖ 𝐷 ) (Lemma 7.7), which is non-increasing and changes only at cuts of]
p26 START-OP  [−𝑋 (𝐼′) = −𝑦̂′(𝐼′) + 𝜏 + [𝑇 = 1]𝜅𝐽′(𝐼′) − [𝑇 = 0]𝜅𝐽′(∅) ≤ 𝛼(2 𝑐 − 1) + ℎ − 𝛼2 𝑐 = ℎ − 𝛼.]
p27 END-BAD   [... every house the real fit of 𝑥 takes integer values. So does the real fit of the]
p27 END-BAD   [... identify integer fits; with Lemma 7.9 a cut suffices there (in Theorem 7.8 by a]
p27 END-BAD   [... Lemma 7.2(b) was never needed beyond integral fits; we keep the strict (Cut) of]
p27 END-BAD   [... 𝑀(𝜆, 0) is zero, so the Smith exponents are ∞ and those of the submatrix 𝑀 ♯ of]
p27 END-BAD   [...lf, and the fit and the integer fit of 𝑥 ♯ (the sequence without ∅) are those of]
p28 END-BAD   [...ns 𝐹 , and every entry of 𝑀 ♯ in the support is non-zero, because no window of a]
p28 END-BAD   [...8. Proof of the Main Theorem]
p28 END-BAD   [....10 (with 𝛼 = 1) the Smith exponents of 𝑀 are 𝐾 + 𝜅(𝑚, 𝐾) + 𝑦̂ , where 𝑦̂ is the]
p28 END-BAD   [...𝜉 ≥ 1, and 𝜅 ≥ 0. If 𝜉 = 𝐾 + 𝑜 − 𝑜 = 1, then, since 𝑜 ≤ 𝑜 < 𝐾, we need 𝑜 = 0 and]
p29 END-BAD   [...𝑁 by clearing some of its lowest set bits, not all of them. (c) 𝑌 , …, 𝑌 are the]
p29 END-BAD   [.... So 𝑅 = 𝑅 = 𝜓 and the cell is its base cell. In the proof of Theorem 7.8 at the]
p29 END-BAD   [...clocks are those of the house 𝐻 ♯ = (𝐼, 𝑘, 𝐾 − 1, 1), shifted by 𝑘 + 𝐾, with the]
p29 END-BAD   [... (∅) = 2 𝑡 1 and 𝑦̂ ({𝑡 }) = −2 𝑡 1 . At every level 𝑗 ≥ 2 a dancer 𝐷 ≠ ∅ of the]
p29 END-BAD   [...(b), let 𝑏 ≥ 2 be the largest index with 𝑡 ∈ 𝐷: at level 𝑏 the value is ≤ 0, and]
p30 END-BAD   [... ≤ 𝑝 − 𝑣 (𝐵). A carry leaves bit 𝑝 − 1, so (𝑎 mod 2 𝑝 ) + (𝐵 mod 2 𝑝 ) ≥ 2 𝑝 and]
p30 END-BAD   [...y induction along step 1 of the proof of Theorem 7.8. The first level set of the]
p30 END-BAD   [... 𝐷 ⊆ 𝑃 each digit of 𝑃 lies in half the sets, so the mean of 2𝜓(𝐷) is 𝜓(𝑃 ), and]
p30 END-BAD   [...he weight multiplicities of 𝑉 ⊗𝑛 , 𝐶(𝑛, 𝑗) at 𝑛 − 2𝑗, are ∑ 𝑚 (𝑛) mult 𝑇(𝜆), and]
p30 END-BAD   [...⟺ 𝑛 even, and for odd 𝑛, 1 ∈ 𝐼 ⟺ 𝑛 ≡ 1 (mod 4). Peeling at the weights 𝑛 − 2 and]
p31 END-BAD   [...ly 𝐺: there 𝑚 = 1, 0 ∉ 𝐼 (𝜆 odd), and as in Proposition 9.3 no carry is born and]
p31 END-BAD   [...Lemma 9.8 and Theorem 9.10, the raw sequence of (𝜆 + 1, 𝑖) in o-order is that of]
p32 END-BAD   [...e the floor of a pure tensor is its number of letters 𝑏 , (𝑛 − 𝐻)/2. On 𝑇(𝜆) the]
p33 END-BAD   [...y Proposition 4.1 with 𝛼 = 1, 𝑋(𝜆, 𝑗) ≅ coker(2𝐺′), with 𝐺′ = 𝐹 + 𝜋′(𝐷) on 𝑁 and]
p33 END-BAD   [...onjugation by the floor units 𝑠(𝐷) with 𝑠(𝑓 + 1) = −𝑢 −1 𝑠(𝑓) turn 𝐺′ into Σ and]
p33 END-BAD   [...is (𝑏 𝑁, 𝑎 · 𝑏 𝑁). The operations «column 1 += column 2, row 2 −= row 1» and the]
p33 START-OP  [− +]
p33 START-OP  [+ − 𝑀]
p34 END-BAD   [... not payment systems: they carry the divided powers 𝐹 (𝑚) , 𝑚 ≥ 2. We extend the]
p34 START-OP  [≥0 2]
p34 END-BAD   [...is that of 𝐹 (𝑎) 𝐹 (𝑏) = 𝐶(𝑎 + 𝑏, 𝑎)𝐹 (𝑎+𝑏) and 𝐹 (𝑎) 𝑝(𝐷) = 𝑝(𝐷 − 𝑎)𝐹 (𝑎) for a]
p34 END-BAD   [...Proposition 3.1(b) writes the action of 𝑥 ∈ 𝔅 in the slots 𝑏 ⊗ 𝑁′, 𝑏 ⊗ 𝑁′ as the]
p34 END-BAD   [... 1 ⊗ 𝐹 (𝑚) + 𝐹 ⊗ 𝐹 (𝑚−1) and the floor of 𝑏 ⊗ 𝑦 is 𝑣 plus the floor of 𝑦. So the]
p34 START-OP  [+ + ′]
p35 END-BAD   [...ven payment system the twist move is the elimination of Proposition 4.1, and the]
p35 END-BAD   [...ed by the twist move) has the same next system as Proposition 4.2. (b) Hence the]
p35 END-BAD   [...operation changes the Schur complement: for a pivot row 𝑝, 𝑀 − 𝑀 𝑀 −1 𝑀 = 0, and]
p35 START-OP  [−1 ℎ −1]
p35 END-BAD   [...𝐺 = [[𝑃, 𝐶], [𝐵, 𝐷𝑑]] with 𝑃 invertible; since 𝐺 is invertible, so is 𝑆, and the]
p35 END-BAD   [...ng sources) × (the remaining coordinates) is 𝑆 −1 (the standard identity for the]
p35 START-OP  [−1 −1 −1]
p36 END-BAD   [...Proof. in(𝑒 ) has floor 𝑜 and out reads the source 𝑌 at floor 𝑜 + 𝐾 − 1; of]
p36 END-BAD   [...From now on let 𝛼 ≥ 2, 𝑐 ≥ 1, 𝜂 ∈ 𝐴 a unit, and]
p36 END-BAD   [...of]
p36 END-BAD   [...of Σ is known. By Lemma 10.6(b), 𝑀 (Σ) = 𝜂 · 𝑀 (𝐹 + 𝜂 −1 𝜋(𝐷)), and the proof of]
p36 END-BAD   [...(𝐵 ∘ 𝐸)] 𝑗 𝒜, which converges because 𝒜(𝐵 ∘ 𝐸) ≡ 0 (mod 2). The (𝐷, 𝐷′) entry of]
p37 END-BAD   [...Σ is clean (Lemma 10.6). By Corollary 10.9 for Ξ and for Σ, with the same 𝛾, and]
p37 END-BAD   [...−1 𝜋(𝐷)) has the valuations and the support of 𝑀 (𝛼) (𝑙, 𝑐) (Theorem D, with the]
p37 END-BAD   [...ree matrices have the same Smith form. Proposition 10.7 gives the cokernels; and]
p37 END-BAD   [...dance of Ξ to be clean. This is not automatic: the payments are functions of the]
p37 END-BAD   [...ancers are the subsets 𝐷 of 𝑃 := 𝐼 ∩ [0, ℎ). The position of the dancer 𝐷 at the]
p37 END-BAD   [...2). Then Θ: 𝒦 → 𝒮 is a ring homomorphism, Θ(𝜗(·−𝑒)) = Θ(𝜗) for every 𝑒 ∈ 𝑍 , and]
p38 END-BAD   [... 𝑓 − 𝑎) is 𝑦 − 𝑎 · 2 ℎ − 𝑜 (𝑜 is additive on disjoint sets). The sum over 𝐷 is a]
p38 END-BAD   [...oduct of the 𝐸 . (c) 𝑅 is commutative of characteristic 2, so 𝛽 = ∑ 𝛽 𝜇 over the]
p38 END-BAD   [...f 𝐹 are odd: Γ (𝑦) is a unit for every 𝑦. Then the move of level ℎ is clean, and]
p38 END-BAD   [...y Θ : Θ(𝐷𝑑) = 0, because every coefficient of 𝐷𝑑 is (2𝑞 + 2) times an element of]
p38 END-BAD   [... 0. So every coefficient function of 𝑆 lies in ker Θ = 2𝒦: the move is clean and]
p38 END-BAD   [...nstant term, and 𝐷𝑑 has none), which is ≡ 0 (mod 8). For (b): the coefficient of]
p39 END-BAD   [... the entry valuations of 𝑀 (Σ ), which are those of 𝑀 (𝛼) (𝑙, 0) (Lemma 10.6 and]
p39 END-BAD   [...dulo 2 (Lemma 10.18), and gluing commutes with the dance (Lemma 10.19). Then the]
p40 END-BAD   [...4(𝐷 + 𝑐) + 𝜂𝐹, and]
p40 START-OP  [−1 Ψ±2 Σ Ψ±2]
p40 END-BAD   [...2)) = 𝑤(𝑑), 𝑣 (𝜋(𝑑)) = 𝑤(𝑑) + 1, and −∑ 𝑣 (𝑚 !) ≥ −𝑠′, where 𝑠′ is the number of]
p40 END-BAD   [...) = −𝑊[0, 𝑜 − 1] + 𝑐 , 𝑐 independent of 𝐷 (as 𝑣 (𝜋(𝑑)) = 𝑤(𝑑) + 1). Each term of]
p40 START-OP  [= 𝛿(𝐷 ∖ 𝑌) + 𝛿(𝑌 ∖ 𝑋) + 𝑊[𝑜 , 𝑜 + 𝐾 − 1] ≥ 1,]
p40 END-BAD   [...Corollary 10.21. In Lemma 10.20, the dances of Ψ(Ψ ± 2)/2 are clean, and]
p41 START-OP  [+ 𝑤 + − 𝑤 − ±]
p41 END-BAD   [... congruent. Ψ − Ψ = 2𝑌 ≡ 0 (mod 2). For the second side put 𝑈 := Ψ (Ψ − 2)/2 and]
p41 END-BAD   [...Lemma 10.18 the arms dance congruently modulo 2, so by Lemma 10.19 the dances of]
p41 START-OP  [− + − + − +]
p41 START-OP  [+ − + − 2]
p41 END-BAD   [...final matrices are associates and have the same Smith form; Proposition 10.7 and]
p41 START-OP  [+ 𝑖]
p41 START-OP  [− 𝑖+1]
p41 END-BAD   [...ariant factors divisible by 2 are the zero one and one for each cyclic factor of]
p42 END-BAD   [...Proposition 37], and those containing 𝟙 — the «non-generic» ones in the sense of]
p42 END-BAD   [... of 𝑍[𝑍/𝑝], and the Laplacian is again a sum over the tensor factors. Is there a]
p43 END-BAD   [...2‑adic Smith form of the Laplacian of 𝑛 = 6, 10; the rule without the]
p43 END-BAD   [...orm of 𝜎 (𝛼) 𝜆 ≤ 40, 𝛼 = 1, 2, 432/432; 0 mismatches the closed form without the]
p43 END-BAD   [...on 𝑇(𝜆) against small 𝑖 ≤ 6, factor 2 𝑜(Δ) differs from the]
p43 END-BAD   [...clocks ⊕coker(2 𝑘 𝑀); Theorem 4.4 dim 𝑇(𝜆) ≤ 64 dance in 420/420 cells, and]
p43 END-BAD   [...deletion at 𝑖 = 0; code each house with a one dancer late breaks the]
p43 END-BAD   [...gate_strict_cut.py boundary), 360 integer shift in 18 606 of]
p43 END-BAD   [...bijection; code gate_theoremO.py subset» or by «any run of]
p44 END-BAD   [...9.4 · 9.6; code 𝜆 ≤ 300 300 · 292 · 22 500 cells, none (a counter shows that the]
p45 END-BAD   [...m 7.8, every claim of 3 all houses with 43 690 houses, 0 two wrong prices of the]
p45 END-BAD   [...eger separation of adjacent 𝑘 ≤ 7, 𝛼 ≤ 3 777 240 non-zero above or one below the]
p45 END-BAD   [...𝑖 =0 strictness one dancer after the]
p45 END-BAD   [...boundary fails in 7 967 of]
p45 END-BAD   [...with 𝑖 ≥ 1 of the]
p45 END-BAD   [...and Lemma 7.5; shift 𝑖 ≤ 40 (10 455 integral block mean in 2 316 of]
p46 END-BAD   [...with the support, the entry depending on the parity of the]
p46 END-BAD   [...he changes of version 3, among them Lemma 7.9, on which the printed proof of the]
p46 END-BAD   [...udited, read cold: Lemma 7.9 in its new form (integrality of the fit), found and]
p46 END-BAD   [... proved: the turned lid (§11, question 2), and the measurements of Remark (2) of]
p47 END-BAD   [...eed any part of this work. The results are stated as theorems because every step]
p47 END-BAD   [...o fail. A step went into the chain only after the audit. The chains and then the]
p47 END-BAD   [...s: further instances that never saw the audits, and wrote their own verdicts and]
p48 END-BAD   [... proof, and cites it at each use; this repair is the reader's, re-derived by the]
p48 END-BAD   [...e verification record said more than the code did (the range of Theorem 6.2, the]
p48 END-BAD   [... flights, the audits or the earlier readings, who re-derived every changed step,]
p48 END-BAD   [...ir on every house with 𝑘 ≤ 7 and against the Smith form of 𝑀 in 7 874 cells, and]
p48 END-BAD   [...ouse check, and points of presentation, the main one being that the cases of the]
p48 END-BAD   [...gether in the pdf. It also found that the fit of every house is integral, so the]
p48 END-BAD   [... fit never acts in this paper: the gap of version 1 was a gap of proof, never of]
p48 END-BAD   [...states that integrality as Lemma 7.9, makes all the corrections above, gives the]
p48 END-BAD   [...reading record, one sentence of «Why dance», three ranges of §12) and defects of]
count 212
FIN-OK
VIGIA-FIN-OK exit=0 pico_kb=7552 t=0s
