== v7
MISS line10 words 7/10 breaks at: ['non', 'integral', 'fit']
RESULT added_lines=21 checks=63 misses=1
== CONTROL v6 pdf
MISS line1 words 236/324 breaks at: ['version', 'the', 'changes', 'version', 'and', 'its']
MISS line2 words 50/87 breaks at: ['payment', 'equal', 'minus', 'half', 'the', 'product']
MISS line3 words 55/121 breaks at: ['positive', 'there', 'otherwise', 'the', 'whole', 'first']
MISS line5 words 3/5 breaks at: ['included', 'penalties']
MISS line6 words 1/13 breaks at: ['runs', 'and', 'each', 'with', 'the', 'and']
MISS line6 words 2/4 breaks at: ['compared', 'failures']
MISS line6 words 6/12 breaks at: ['and', 'compared', 'cells', 'where', 'pooling', 'acts']
MISS line6 numbers not in pdf: ['639', '762', '102', '172']
MISS line10 words 7/10 breaks at: ['non', 'integral', 'fit']
MISS line11 words 78/92 breaks at: ['the', 'changes', 'version', 'seventh', 'and', 'the']
MISS line12 words 38/62 breaks at: ['version', 'strengthened', 'lemma', 'added', 'the', 'hypothesis']
MISS line13 words 7/13 breaks at: ['seventh', 'reading', 'appendix', 'mathematical', 'statement', 'changed']
MISS line14 words 12/18 breaks at: ['eighth', 'reading', 'appendix', 'mathematical', 'statement', 'changed']
MISS line16 words 3/54 breaks at: ['five', 'days', 'from', 'october', 'began', 'october']
MISS line18 words 4/132 breaks at: ['mathematical', 'statement', 'changed', 'its', 'changes', 'and']
MISS line19 words 6/25 breaks at: ['and', 'says', 'which', 'ranges', 'houses', 'include']
MISS line20 words 7/16 breaks at: ['with', 'appendix', 'casalaina', 'martin', 'forum', 'math']
RESULT added_lines=21 checks=63 misses=17
== CONTROL mutated
MISS line0 words 2/7 breaks at: ['zzyqxw', 'gmail', 'com', 'october', 'version']
MISS line1 words 44/324 breaks at: ['zzyqxw', 'reports', 'the', 'audits', 'the', 'earlier']
MISS line2 words 83/87 breaks at: ['zzyqxw', 'that', 'brings', 'rest']
MISS line3 words 73/121 breaks at: ['zzyqxw', 'the', 'penalty', 'shift', 'real', 'cell']
MISS line4 words 1/11 breaks at: ['zzyqxw', 'non', 'zero', 'shifts', 'each', 'house']
MISS line5 words 9/18 breaks at: ['zzyqxw', 'adjacent', 'level', 'sets', 'lemma', 'version']
MISS line6 words 9/13 breaks at: ['zzyqxw', 'exponent', 'least', 'skipped']
MISS line7 words 5/17 breaks at: ['zzyqxw', 'adjacent', 'level', 'sets', 'lemma', 'version']
MISS line8 words 1/2 breaks at: ['zzyqxw']
MISS line9 words 8/15 breaks at: ['zzyqxw', 'one', 'dancer', 'after', 'the', 'boundary']
MISS line10 words 7/10 breaks at: ['non', 'integral', 'fit']
MISS line10 words 3/6 breaks at: ['zzyqxw', 'houses', 'cells']
MISS line11 words 17/92 breaks at: ['zzyqxw', 'and', 'their', 'proofs', 'were', 'read']
MISS line12 words 39/62 breaks at: ['zzyqxw', 'lemma', 'added', 'the', 'hypothesis', 'even']
MISS line13 words 10/13 breaks at: ['zzyqxw', 'statement', 'changed']
MISS line14 words 15/18 breaks at: ['zzyqxw', 'statement', 'changed']
MISS line15 words 10/11 breaks at: ['zzyqxw']
MISS line16 words 40/54 breaks at: ['zzyqxw', 'the', 'routes', 'that', 'failed', 'kept']
MISS line17 words 107/151 breaks at: ['zzyqxw', 'the', 'main', 'one', 'being', 'that']
MISS line18 words 112/132 breaks at: ['zzyqxw', 'one', 'row', 'that', 'printed', 'only']
MISS line19 words 12/25 breaks at: ['zzyqxw', 'statement', 'changed', 'and', 'number', 'its']
MISS line20 words 2/16 breaks at: ['zzyqxw', 'theorem', 'for', 'prym', 'varieties', 'with']
RESULT added_lines=21 checks=63 misses=22
VIGIA-FIN-OK exit=0 pico_kb=16864 t=1s
