Pages:           52
Page size:       594.96 x 841.92 pts (A4)
Pages:           52
Page size:       594.96 x 841.92 pts (A4)
p-01.pgm DIFF
p-02.pgm DIFF
p-03.pgm DIFF
p-04.pgm SAME
p-05.pgm SAME
p-06.pgm SAME
p-07.pgm SAME
p-08.pgm SAME
p-09.pgm DIFF
p-10.pgm SAME
p-11.pgm SAME
p-12.pgm SAME
p-13.pgm SAME
p-14.pgm SAME
p-15.pgm SAME
p-16.pgm SAME
p-17.pgm SAME
p-18.pgm SAME
p-19.pgm SAME
p-20.pgm SAME
p-21.pgm SAME
p-22.pgm SAME
p-23.pgm SAME
p-24.pgm SAME
p-25.pgm SAME
p-26.pgm SAME
p-27.pgm SAME
p-28.pgm SAME
p-29.pgm SAME
p-30.pgm DIFF
p-31.pgm SAME
p-32.pgm SAME
p-33.pgm SAME
p-34.pgm SAME
p-35.pgm SAME
p-36.pgm SAME
p-37.pgm SAME
p-38.pgm SAME
p-39.pgm SAME
p-40.pgm SAME
p-41.pgm SAME
p-42.pgm SAME
p-43.pgm SAME
p-44.pgm DIFF
p-45.pgm SAME
p-46.pgm DIFF
p-47.pgm DIFF
p-48.pgm DIFF
p-49.pgm DIFF
p-50.pgm DIFF
p-51.pgm DIFF
p-52.pgm DIFF
VIGIA-FIN-OK exit=0 pico_kb=18496 t=4s
