----- 1 list numbers FAIL
    2. (Λ).
----- 2 md words in the pdf FAIL
    act: md 5, pdf 2
    action: md 6, pdf 5
    acts: md 26, pdf 25
    all: md 35, pdf 34
    and: md 907, pdf 897
    are: md 168, pdf 166
    because: md 38, pdf 36
    central: md 7, pdf 6
    clear: md 2, pdf 1
    commutes: md 5, pdf 4
    denominators: md 5, pdf 3
    divided: md 14, pdf 12
    dividing: md 3, pdf 1
    exactness: md 1, pdf 0
    factorials: md 1, pdf 0
    formula: md 13, pdf 12
    formulas: md 9, pdf 7
    frobenius: md 3, pdf 2
    from: md 67, pdf 66
    gives: md 47, pdf 46
    hold: md 3, pdf 2
    induction: md 17, pdf 16
    integers: md 13, pdf 12
    integral: md 28, pdf 27
    lattice: md 26, pdf 25
    leaves: md 5, pdf 4
    map: md 13, pdf 12
    module: md 25, pdf 24
    modules: md 16, pdf 14
    odd: md 59, pdf 56
    off: md 6, pdf 5
    only: md 60, pdf 59
    powers: md 13, pdf 11
    proof: md 118, pdf 117
    relations: md 8, pdf 6
    saturation: md 3, pdf 2
    stable: md 4, pdf 2
    the: md 1843, pdf 1833
    they: md 25, pdf 24
    times: md 9, pdf 8
    twist: md 21, pdf 20
    under: md 12, pdf 10
    use: md 10, pdf 9
    weight: md 41, pdf 38
    weights: md 9, pdf 8
    whose: md 22, pdf 21
----- 3 margins FAIL
    text right edge 542 pt; words beyond it: 1, max 561.8
----- 4 widows FAIL
    p. 2: «widow end.»
----- 5 page fill (a short page before a new section is allowed) FAIL
    p. 12: 54.0 % (next page begins «(c) On a vector of weight 𝑤 + 2𝑠, Ω ≡ (𝐻»)
----- 6 loose lines (no text line at 3× the median or more) FAIL
    12.00 pt (3.45x) p1  y=10   text    alpha beta gamma delta
    justified lines: 976   median stretched space: 3.48 pt
      lines with s >= 1.4 x median (4.87 pt): 113
      lines with s >= 1.6 x median (5.56 pt): 61
      lines with s >= 1.8 x median (6.26 pt): 31
      lines with s >= 2.0 x median (6.96 pt): 16
      lines with s >= 2.5 x median (8.70 pt): 5
    text pairs with a gap >= 15 pt (an object between two words, e.g. a matrix): 5
       p2 y=312 Theorem DW (the Syl 2 𝐾 (𝑛) ≅ 2 · Syl 2 𝐾(𝑄 𝑛 ); equivalently Syl 2 𝐾(𝑄 𝑛 ) ≅ (ℤ/2) 𝑎 𝑛 ⊕ §1.3, proof in §10
       p9 y=107 arms; glue; bend the two odd-family operators that make an even family; the triangular §10.2, §10.7
       p33 y=320 𝑏 0 ChSh 𝑛 − (−1) 𝑎𝑏 0 Sh 𝑛 and 𝜏 𝑗 (𝑏 0 𝑛) = 𝑏 1 𝑛 + 2(2𝑓 + 𝑗)𝑏 0 𝑛, 𝜏 𝑗 has the matrix in this basis, with
       p33 y=712 Now 𝑀 = Φ(𝑁) , and by the proof of Lemma 10.4(a) every 𝑤 ∈ 𝐴[𝜏 𝑀 , 𝑎 𝑀 ] has the circulant matrix in
       p35 y=531 Proof. If 𝑃 is invertible, unimodular row and column operations turn into diag(𝑃, 𝑆) and then into
    -----
    14.37 pt (4.13x) p11 y=154  formula (𝑠) (𝑟) min(𝑟,𝑠) (𝑟−𝑗) (𝑠−𝑗) (K)
    12.77 pt (3.67x) p9  y=168  text    formal dance; positions; covariant the dance of operators with divided powers 𝐹 (𝑚) ; the numbers §10.3, §10.5
    12.00 pt (3.45x) p1  y=10   text    alpha beta gamma delta
    11.11 pt (3.20x) p34 y=702  formula 𝑃 𝐶 10 11 00 01
     9.09 pt (2.61x) p26 y=187  text    means 𝜅 = ℎ and 𝜏 = ℎ − 𝛼2 𝑐 . The second half of the clocks is 𝑥 𝐻′ + 𝑑 2 with 𝑑 2 (𝐷 0 ) =
     8.20 pt (2.36x) p30 y=703  text    is ≤ 𝑔(𝑛 − 𝑖 + 1) ≤ 𝐺 (Proposition 9.6). Shift 1 (the family 𝑛 − 2, where 𝜆 + 1 = 𝑛 − 1): by
     7.90 pt (2.27x) p11 y=259  text    grading for any integer 𝑐 ≥ every weight of 𝑋 with 𝑐 ≡ the weights (mod 2): the floor of a weight vector of
     7.78 pt (2.24x) p33 y=337  text    𝑃 = ChSh −1 + 2(2𝐷 + 𝑗) and 𝑄 = (−1) 𝑗+1 Sh −1 . On the coinvariants 𝑇(𝜆)/(𝑎 − 1)𝑇(𝜆) ≅ 𝑁, 𝜏 𝑗 acts as
     7.67 pt (2.21x) p26 y=440  text    (E) for 𝑣′ with 𝑋 1 : 𝑣′(𝐷 0 ) − 𝑣′(𝐼 ∖ 𝐷 0 ) = (𝑉′(𝐷 0 ) − 𝑉′(𝐼′ ∖ 𝐷 0 )) + 𝑑 1 (𝐷 0 ) = 𝑦 ˆ ′(𝐷 0 ) + 𝑑 1 (𝐷
     7.29 pt (2.10x) p26 y=680  text    𝑣′(𝑝 * ) = 𝑋 1 (𝑝) > 0). So the interval [max(𝑐 3 , 𝑣′(𝑝 * )), min(𝑐 4 , 𝑣′(𝑝))] is non-empty. Choose an
     7.28 pt (2.09x) p6  y=490  text    the proof of [GMMY24, Proposition 2.5], and it is the Laplacian analogue of [CSX17, §5]).
     7.27 pt (2.09x) p11 y=460  text    Proof. 𝜎 = 𝐹 + 𝑛 − 𝐻 is an element of Dist 𝐴 (it acts through 𝐹 and 𝐻), so every isomorphism of
     7.26 pt (2.09x) p26 y=124  text    (b) 𝑇 = 1, sat = 1, 𝐽′ ≡ 0: the boundary is the middle of the sequence, and 𝑋 1 (𝐼′) = 𝑦 ˆ ′(𝐼′) +
     7.17 pt (2.06x) p33 y=660  formula Modulo 𝜏 𝑖 , 𝑔 ≡ 1 + 𝜏 𝑀 , so 𝑋(𝜆, 𝑖) ≅ 𝑀/((1 + 𝜏 𝑀 ) 2 − 1)𝑀 = coker(𝜏 𝑀 (𝜏 𝑀 + 2)). With 𝐽 = 𝐷 + 𝑖 and
     7.04 pt (2.02x) p30 y=765  text    max(𝜑(𝑛 + 1 − 2 𝑡 1 ) − 2 𝑡 1 , 𝐴 0 ), where 𝐴 0 := max 2≤𝑙≤𝑠 𝜑(𝑌 𝑙 ) ≤ 𝐺 (𝐴 0 = −∞ if 𝑠 < 2). So the factors
     7.02 pt (2.02x) p4  y=524  text    𝜆 = 6 (7 = 4 + 2 + 1, 𝑘 = 2, 𝐼 = {0, 1}, ℎ 0 = ℎ 1 = 1), shift 0: small clocks {1: 4}; raw clocks of
----- 7 fonts and glyphs FAIL
    fonts: 126, not embedded: 0
    missing or private glyphs: 1
----- 8 hyphenation (every break listed for the eye) FAIL
    «spa-/ces»
    all: elimina-/tion · low-/ering · ver-/sion · sub-/group · expo-/nents: · multi-/plicity · vec-/tors · multiplic-/ities, · sub-/sets · ele-/ment · coeffi-/cients · cheap-/est · poten-/tial · decom-/positions · com-/mutation · cov-/ering · other-/wise); · decomposi-/tion · con-/travariant · dimen-/sion · mod-/ules · lat-/tices · fil-/trations · multiplica-/tion · comple-/ment · the-/orem · cou-/plings · for-/mulas · coeffi-/cients · coeffi-/cient · fol-/lowed · con-/stants · posi-/tion · antisym-/metric · mir-/rors, · car-/ries, · sub-/traction, · contain-/ing · seg-/ment · monotonic-/ity, · num-/bers · nota-/tion · dou-/bled · invert-/ible. · the-/orem · sub-/set · invert-/ible · (reduc-/tions · coef-/ficients · neces-/sary: · inte-/gral · van-/ish). · con-/tains · fac-/tors · gov-/erned · con-/structor’s) · state-/ment · spa-/ces
----- 9 xrefs, citations and numbers (judged; the author's tools printed whole) FAIL
    --- xrefs_reader8.py
    reference keys: 32
    not cited: []
    cited, not in list: []
    defined items: 72  sections: 55
    unresolved numbered refs: 22
       ('Theorem', '4.1', "factors of `Syl_2 K(Q_n)`: Gao et al.'s Theorems 4.1 and 4.2, their Conj")
       ('Theorem', '4.2', "factors of `Syl_2 K(Q_n)`: Gao et al.'s Theorems 4.1 and 4.2, their Conj")
       ('Lemma', '7.9', 'hat the fit of every house is integral (Lemma 7.9). The cha')
       ('Lemma', '7.9', 'k mean of the raw clocks is an integer (Lemma 7.9, with Propo')
       ('Lemma', '7.9', 'the cube is always an integer sequence (Lemma 7.9) | §1.2, ')
       ('Proposition', '2.5', '1` used by Gao et al. [GMMY24, proof of Proposition 2.5], and the')
       ('Lemma', '7.9', 'heses are proved in §7 (Theorem 7.8 and Lemma 7.9).  ## 7. ')
       ('Lemma', '7.9', 'em 7.10, to identify integer fits; with Lemma 7.9 a cut suf')
       ('Lemma', '7.9', 'n Theorem 7.8 by a joint induction with Lemma 7.9, which uses')
       ('Lemma', '7.9', 'e base cell, and for the penalty shift. Lemma 7.9 also show')
       ('Lemma', '7.9', 'Cut)). Theorem 7.4 gives `T(r) ≥ Y(r)`; Lemma 7.9 gives mon')
       ('Lemma', '7.9', 'hemselves, and they are non-increasing (Lemma 7.9). This pr')
       ('Lemma', '7.9', '_i(D)`, `D ⊆ P_l`, which is an integer (Lemma 7.9). *(M) Th')
       ('Lemma', '7.9', ' integer shift in 18 606 of 192 024 | | Lemma 7.9: the fit ')
       ('Lemma', '7.9', 'eger separation of adjacent level sets (Lemma 7.9 of versio')
       ('Lemma', '7.9', 'eger separation of adjacent level sets (Lemma 7.9 of versio')
       ('Lemma', '7.9', 'integer part in 736 of 9 939 trials | | Lemma 7.9 (integral')
       ('Lemma', '7.9', ' | no non-integral level set | none | | Lemma 7.9; the stri')
       ('Lemma', '7.9', 'e cells of the rows of readers 4 and 5; Lemma 7.9 on houses')
       ('Lemma', '7.9', 'ded in version 3, audited, read cold:** Lemma 7.9 in its ne')
       ('Lemma', '7.9', ' of Theorem 7.8; version 3 strengthened Lemma 7.9, added the ')
       ('Lemma', '7.9', 'nd it was used in Theorem 7.8 (step 1), Lemma 7.9, Theorem 7.')
    unresolved §: ['26', '5.2']
    defined: [('Corollary', '1.4'), ('Corollary', '1.5'), ('Corollary', '1.6'), ('Corollary', '1.7'), ('Lemma', '2.1'), ('Lemma', '2.2'), ('Corollary', '2.3'), ('Lemma', '2.4'), ('Proposition', '3.1'), ('Lemma', '3.2'), ('Lemma', '3.3'), ('Corollary', '3.4'), ('Lemma', '3.5'), ('Theorem', '3.6'), ('Lemma', '3.7'), ('Theorem', '3.8'), ('Proposition', '4.1'), ('Proposition', '4.2'), ('Proposition', '4.3'), ('Theorem', '4.4'), ('Lemma', '4.5'), ('Lemma', '5.1'), ('Proposition', '5.2'), ('Proposition', '5.3'), ('Proposition', '5.4'), ('Lemma', '6.1'), ('Theorem', '6.2'), ('Corollary', '6.3'), ('Lemma', '6.4'), ('Theorem', '6.5'), ('Lemma', '7.1'), ('Lemma', '7.2'), ('Lemma', '7.3'), ('Theorem', '7.4'), ('Lemma', '7.5'), ('Lemma', '7.6'), ('Lemma', '7.7'), ('Theorem', '7.8'), ('Theorem', '7.10'), ('Lemma', '7.99'), ('Lemma', '9.1'), ('Lemma', '9.2'), ('Proposition', '9.3'), ('Proposition', '9.4'), ('Lemma', '9.5'), ('Proposition', '9.6'), ('Lemma', '9.7'), ('Lemma', '9.8'), ('Lemma', '9.9'), ('Theorem', '9.10'), ('Lemma', '10.1'), ('Corollary', '10.2'), ('Proposition', '10.3'), ('Lemma', '10.4'), ('Lemma', '10.5'), ('Lemma', '10.6'), ('Proposition', '10.7'), ('Lemma', '10.8'), ('Corollary', '10.9'), ('Lemma', '10.10'), ('Lemma', '10.11'), ('Theorem', '10.12'), ('Lemma', '10.13'), ('Lemma', '10.14'), ('Theorem', '10.15'), ('Theorem', '10.16'), ('Corollary', '10.17'), ('Lemma', '10.18'), ('Lemma', '10.19'), ('Lemma', '10.20'), ('Corollary', '10.21'), ('Theorem', '10.22')]
    --- numbers_reader8.py
    == §12 md numbers 108 pdf numbers 108
       replace md ['43691'] pdf ['43690'] | md before: ['124', '132', '255']
    == §1.0-1.4 md numbers 7 pdf numbers 7
    == §13+App A md numbers 6 pdf numbers 6
    DIFFERENCES 1
    --- xrefs.py (read; it does not see labels set in a blockquote)
    defined statements: 68  sections: 56
    MISSING TARGET Theorem D  …explicit rule | §1.2, proof in §8 | | **Theorem D** | each …
    MISSING TARGET Theorem O  …rix with closed-form entries | §4 | | **Theorems O and F** | the S…
    MISSING TARGET Theorem F  …rix with closed-form entries | §4 | | **Theorems O and F** | the S…
    MISSING TARGET Theorem DW  …ial built digit by digit | §6, §7 | | **Theorem DW** (the fo…
    MISSING TARGET Corollary 1.4  …{⌊(n−2)/2⌋}` | §1.3, proof in §10 | | **Corollary 1.4** | the w…
    MISSING TARGET Corollary 1.5  … of the folded cube | §1.3, §10.8 | | **Corollary 1.5** | Bai's…
    MISSING TARGET Corollary 1.6  …s, re-proved from the rule | §9.1 | | **Corollary 1.6** | the `…
    MISSING TARGET Theorem 4.1  …factors of `Syl_2 K(Q_n)`: Gao et al.'s Theorems 4.1 and 4.2, their Co…
    MISSING TARGET Theorem 4.2  …factors of `Syl_2 K(Q_n)`: Gao et al.'s Theorems 4.1 and 4.2, their Co…
    MISSING TARGET Corollary 1.7  …of the 2019 poster [MGM19] | §9.2 | | **Corollary 1.7** | `Syl_…
    MISSING TARGET Theorem 1.2  …l_p ⊕_{j=1}^{n} (ℤ/j)^{C(n,j)}` [Bai03, Theorem 1.2]. About t…
    MISSING TARGET Theorem 1.3  …ctors `ℤ/2` of `K(Q_n)`, by Bai [Bai03, Theorem 1.3] (re-prov…
    MISSING TARGET Proposition 1.9  …j)^{C(n,j)}`.  The odd part is [GMMY24, Proposition 1.9]: the Lap…
    MISSING TARGET Theorem 1.1  …quences  > **Corollary 1.5 (Bai [Bai03, Theorems 1.1, 1.3]).** `Syl…
    MISSING TARGET Proposition 2.5  …u_i = x_i − 1` in the proof of [GMMY24, Proposition 2.5], and it …
    MISSING TARGET Theorem U  … the dance, the cost form with carries, Theorems O, U and F, the ring…
    MISSING TARGET Proposition 2.12  …of every Cayley graph of `𝔽_2^r`, their Proposition 2.12 the `𝔽_2`…
    MISSING TARGET Lemma W  …## 3.2 Lifting from `𝔽_2`  **Lemma 3.2 (Lemma W).** Let `…
    MISSING TARGET Lemma K  …e recursion takes over. ∎  **Lemma 9.5 (Lemma K).** For `…
    MISSING TARGET § 5.2  …ture about its exact structure» [CSX17, §5.2]. Iga, Kl…
    MISSING TARGET § 26  …`-form of `U(sl_2)` is [Kos66], [Hum72, §26]. Kummer'…
    reference keys: 32  cited keys: 32
    cited but not in the list: []
    in the list but never cited: []
    duplicates in the list: []
    list in alphabetical order (case-insensitive): True
    FIN-OK
    --- md_vs_pdf.py (read)
    multiset check §1.0 summary table      : OK
    TABLE §1.0 summary table       md numbers   66, pdf numbers   93: NOT a subsequence; first miss (62, '5', ['1', '2', '2', '2', '1', '5', '4', '9', '3'])
       multiset check §1.6 notation table     : OK
    TABLE §1.6 notation table      md numbers   63, pdf numbers   78: subsequence OK
       multiset check §1.7 vocabulary table   : OK
    TABLE §1.7 vocabulary table    md numbers   92, pdf numbers  115: subsequence OK
       multiset check §12.1 table             : OK
    TABLE §12.1 table              md numbers  202, pdf numbers  226: NOT a subsequence; first miss (68, '64', ['0', '7', '10', '5', '7', '64', '12', '1', '2', '1638'])
       multiset check §12.2 table             : OK
    TABLE §12.2 table              md numbers  307, pdf numbers  314: subsequence OK
    STATEMENT not matched in order: **Lemma 2.1.** In `R`,
    STATEMENT not matched in order: **Corollary 2.3.** If `V^{⊗n} ≅ ⊕_j M_j` as `Dist_A`-modules, then `ℤ_
    STATEMENT not matched in order: **Lemma 9.7 (multiplicities).** `m_n(n) = 1`; `m_{n−2}(n) = n − 1 − [n
    STATEMENT not matched in order: **Lemma 10.11 (stability).** If `v_2(E_{ij}) ≥ 1` for all `i, j`, then
    statements checked: 68 not matched: 4
    FIN-OK
----- SUMMARY
FAIL 1 list numbers
FAIL 2 md words in the pdf
FAIL 3 margins
FAIL 4 widows
FAIL 5 page fill (a short page before a new section is allowed)
FAIL 6 loose lines (no text line at 3× the median or more)
FAIL 7 fonts and glyphs
FAIL 8 hyphenation (every break listed for the eye)
FAIL 9 xrefs, citations and numbers (judged; the author's tools printed whole)
controls fired: 9 of 9
VIGIA-FIN-OK exit=0 pico_kb=111200 t=2s
