MISS: Madrid, Spain · tretoef@gmail.com · 6 October 2026 · version 8
MISS: The first version of this text was read cold as a whole on 5 October 2026 by a reader with no access to the constructors' reports, the audits or the earlier rea
MISS: The second version repaired it (§7.1, §7.4, §7.5, §9.2), and its changes were read cold the same day by another reader:
MISS: That reader also found one false sentence, in a remark used nowhere (the author then found the same missing hypothesis in Lemma 10.6(a), harmless because its on
MISS: The changes of each later version were read cold in turn, each time by a new reader;
MISS: none of these readings found a gap or an error in the mathematics.
MISS: Between them, they found false or inexact sentences in the record of the work and in §12, points of presentation, and defects of typesetting;
MISS: what was corrected, and what was left as it was, is listed with its source in the record kept with the project (Appendix A).
MISS: Their proofs were read cold as text in the first version of this text, which had one gap (Lemma 7.2(b));
MISS: the repair was read cold in its turn, and so were the changes of every later version (Appendix A).
MISS: Numbered statements changed after the first version:
MISS: version 2 restated Lemma 7.2(b) and added the strictness of the cuts to the (Cut) of Theorem 7.8;
MISS: version 3 strengthened Lemma 7.9, added the hypothesis «even» to Lemma 10.6(a), and added the explicit quantifier «for every L ≥ 0 and every floor f» to Lemma 1
MISS: No other numbered statement changed in what it states;
MISS: numbers, notation and typesetting changed.
MISS: The work began on 2 October 2026 as a search, inside another project of the author, for open problems within reach of the same methods.
MISS: Later versions.
MISS: Each later version made corrections asked for by the reading before it;
MISS: version 4 also set the mathematics anew, and version 5 the page.
MISS: No numbered statement changed in what it states after version 3 (§13).
MISS: The changes of each version were read cold by a new reader (cold reader 5 and each later one, from 5 October 2026), with no access to the flights or the audits,
MISS: at every page, or at the changed pages after comparing all the pages by image.
MISS: None of these readings found a gap or an error in the mathematics.
MISS: Between them, they found false or inexact sentences in this record and in §12, points of presentation, and defects of typesetting.
MISS: This summary replaces a version-by-version account;
MISS: that account, the list of corrections of each version with its sources, every report and every grading are kept with the project.
added lines: 8; pieces missed: 26
VIGIA-FIN-OK exit=0 pico_kb=25744 t=0s
