n= 1 A(rule==Smith)=True B(free=1,orders)=True C(DW)=True D(a_n form)=True | t_cube=0.0s t_fold=0.0s t_x12=0.0s
      Syl2 K(Q_1) = {inf: 1}
      Syl2 Kbar(1) = {inf: 1}
n= 2 A(rule==Smith)=True B(free=1,orders)=True C(DW)=True D(a_n form)=True | t_cube=0.0s t_fold=0.0s t_x12=0.0s
      Syl2 K(Q_2) = {2: 1, inf: 1}
      Syl2 Kbar(2) = {1: 1, inf: 1}
      Syl2 K(Q_2/<x1x2>) = {1: 1, inf: 1}   2·Syl2K(Q_n) = {1: 1, inf: 1}
n= 3 A(rule==Smith)=True B(free=1,orders)=True C(DW)=True D(a_n form)=True | t_cube=0.0s t_fold=0.0s t_x12=0.0s
      Syl2 K(Q_3) = {1: 1, 3: 2, inf: 1}
      Syl2 Kbar(3) = {2: 2, inf: 1}
      Syl2 K(Q_3/<x1x2>) = {2: 1, inf: 1}   2·Syl2K(Q_n) = {2: 2, inf: 1}
n= 4 A(rule==Smith)=True B(free=1,orders)=True C(DW)=True D(a_n form)=True | t_cube=0.0s t_fold=0.0s t_x12=0.0s
      Syl2 K(Q_4) = {1: 2, 3: 4, 5: 1, inf: 1}
      Syl2 Kbar(4) = {2: 4, 4: 1, inf: 1}
      Syl2 K(Q_4/<x1x2>) = {2: 2, 4: 1, inf: 1}   2·Syl2K(Q_n) = {2: 4, 4: 1, inf: 1}
n= 5 A(rule==Smith)=True B(free=1,orders)=True C(DW)=True D(a_n form)=True | t_cube=0.0s t_fold=0.0s t_x12=0.0s
      Syl2 K(Q_5) = {1: 6, 3: 4, 4: 1, 6: 4, inf: 1}
      Syl2 Kbar(5) = {2: 4, 3: 1, 5: 4, inf: 1}
      Syl2 K(Q_5/<x1x2>) = {1: 2, 2: 2, 5: 3, inf: 1}   2·Syl2K(Q_n) = {2: 4, 3: 1, 5: 4, inf: 1}
n= 6 A(rule==Smith)=True B(free=1,orders)=True C(DW)=True D(a_n form)=True | t_cube=0.0s t_fold=0.0s t_x12=0.0s
      Syl2 K(Q_6) = {1: 12, 2: 4, 3: 1, 5: 4, 6: 10, inf: 1}
      Syl2 Kbar(6) = {1: 4, 2: 1, 4: 4, 5: 10, inf: 1}
      Syl2 K(Q_6/<x1x2>) = {1: 4, 2: 4, 4: 1, 5: 4, 6: 2, inf: 1}   2·Syl2K(Q_n) = {1: 4, 2: 1, 4: 4, 5: 10, inf: 1}
n= 7 A(rule==Smith)=True B(free=1,orders)=True C(DW)=True D(a_n form)=True | t_cube=0.0s t_fold=0.0s t_x12=0.0s
      Syl2 K(Q_7) = {1: 28, 2: 1, 4: 8, 5: 6, 6: 14, 7: 6, inf: 1}
      Syl2 Kbar(7) = {1: 1, 3: 8, 4: 6, 5: 14, 6: 6, inf: 1}
      Syl2 K(Q_7/<x1x2>) = {1: 12, 2: 4, 3: 1, 5: 4, 6: 10, inf: 1}   2·Syl2K(Q_n) = {1: 1, 3: 8, 4: 6, 5: 14, 6: 6, inf: 1}
n= 8 A(rule==Smith)=True B(free=1,orders)=True C(DW)=True D(a_n form)=True | t_cube=0.0s t_fold=0.0s t_x12=0.0s
      Syl2 K(Q_8) = {1: 56, 2: 2, 4: 16, 5: 12, 6: 28, 7: 12, 10: 1, inf: 1}
      Syl2 Kbar(8) = {1: 2, 3: 16, 4: 12, 5: 28, 6: 12, 9: 1, inf: 1}
      Syl2 K(Q_8/<x1x2>) = {1: 24, 2: 8, 3: 2, 5: 8, 6: 20, 9: 1, inf: 1}   2·Syl2K(Q_n) = {1: 2, 3: 16, 4: 12, 5: 28, 6: 12, 9: 1, inf: 1}
n= 9 A(rule==Smith)=True B(free=1,orders)=True C(DW)=True D(a_n form)=True | t_cube=0.0s t_fold=0.0s t_x12=0.0s
      Syl2 K(Q_9) = {1: 120, 2: 10, 4: 16, 5: 26, 6: 48, 7: 26, 9: 1, 11: 8, inf: 1}
      Syl2 Kbar(9) = {1: 10, 3: 16, 4: 26, 5: 48, 6: 26, 8: 1, 10: 8, inf: 1}
      Syl2 K(Q_9/<x1x2>) = {1: 56, 2: 10, 3: 6, 5: 8, 6: 40, 10: 7, inf: 1}   2·Syl2K(Q_n) = {1: 10, 3: 16, 4: 26, 5: 48, 6: 26, 8: 1, 10: 8, inf: 1}
CONTROLS failed (as they must) at n = {'c1': [2, 4, 5, 6, 7, 8, 9], 'c2': [2, 3, 4, 5, 6, 7, 8, 9], 'c3': [3, 4, 5, 6, 7, 8, 9]}
ALL MAIN CHECKS: PASS
VIGIA-FIN-OK exit=0 pico_kb=2560 t=0s
