 1  62.6%  <-- short
 2  92.6%
 3 100.0%
 4  97.0%
 5  88.9%
 6  97.4%
 7  98.1%
 8  97.0%
 9  99.6%
10  95.4%
11  95.1%
12  98.2%
13  89.0%
14  97.9%
15  92.8%
16  94.3%
17  98.9%
18  86.1%
19  99.9%
20  90.8%
21  98.7%
22  98.0%
23  98.9%
24  99.2%
25  96.8%
26  96.6%
27  99.7%
28  99.5%
29  99.3%
30  98.4%
31  96.3%
32  94.1%
33  96.1%
34  95.8%
35  98.8%
36  99.8%
37  99.0%
38  97.2%
39  98.6%
40  99.7%
41  99.0%
42  96.2%
43  92.0%
44  83.7%  <-- short
45  96.1%
46  98.5%
47  97.9%
48  99.6%
49  98.4%
50  96.2%
51  24.4%
VIGIA-FIN-OK exit=0 pico_kb=48752 t=0s
