TALLY (top 40):
   136  'Z' -> 'ℤ'
    37  '' -> '`'
    34  'F' -> '𝔽'
    23  'Q' -> 'ℚ'
     8  '`' -> ''
     4  '4' -> '5'
     4  '' -> ','
     4  '—' -> 'none'
     3  'ir' -> ''
     3  '…' -> '⋯'
     3  '' -> 'The set '
     3  ' ' -> '\n'
     2  '' -> ', with a two-line proof,'
     2  '' -> 'The map '
     2  '' -> 'The symbol '
     2  's' -> ''
     1  '' -> ' of three of them'
     1  '' -> 'For '
     1  '' -> ' [MGM19]'
     1  ', in' -> ':'
     1  '' -> 'integer '
     1  '' -> 'a'
     1  'oof' -> 't'
     1  '' -> ' was false as stated, and four proofs us'
     1  '' -> ' the fit of'
     1  'fit ' -> 'ho'
     1  'd in the proofs' -> ''
     1  '' -> 'corrected in version 4 except two (Appen'
     1  '' -> 'se number and one fa'
     1  '' -> 'se sentence in the record of the reading'
     1  '4' -> '5 except as stated in Appendix A'
     1  '' -> ' of Marx-Kuo, Gao and McDonald'
     1  '' -> 'As usual, '
     1  '' -> 'Here '
     1  '' -> ' For `n = 5`,'
     1  '' -> 'factors '
     1  "'s" -> ''
     1  '' -> ' [Bai03, Lemma 2.2, Corollary 2.3]'
     1  ' [Bai03, Lemma 2.2, Corollary 2.3]' -> ''
     1  'at' -> 'bounded'
VIGIA-FIN-OK exit=0 pico_kb=12240 t=0s
