block   1 hunk 1 v5 6-6 [The 2-part of the sandpile group of the ] text :: 'Madrid, Spain · tretoef@gmail.com · 5 October 2026 · version 5'
block   2 hunk 1 v5 11-11 [Abstract] text :: 'Let `K(Q_n)` be the sandpile group (critical group, Jacobian) of the `'
block   3 hunk 2 v5 19-19 [1.0 Summary of results] text :: 'For `n ≥ 1`, `K(Q_n)` is the sandpile group of the `n`-cube, `K̄(n)` t'
block   4 hunk 2 v5 23-23 [1.0 Summary of results] text :: '| **Main Theorem** (the Dancing Sand Theorem) | `Syl_2 K(Q_n) ⊕ ℤ_2 ≅ '
block   5 hunk 2 v5 26-26 [1.0 Summary of results] text :: '| **Theorem DW** (the fold law, «dry and wet») | `Syl_2 K̄(n) ≅ 2·Syl_'
block   6 hunk 2 v5 29-30 [1.0 Summary of results] text :: '| **Corollary 1.6** | the `n + 1` largest cyclic factors of `Syl_2 K(Q'
block   7 hunk 2 v5 32-32 [1.0 Summary of results] text :: 'Every proof behind the table was re-derived by a reader other than its'
block   8 hunk 2 v5 36-36 [1.1 The problem] text :: 'For a finite connected graph `G` with Laplacian `L(G)`, the cokernel o'
block   9 hunk 2 v5 38-38 [1.1 The problem] text :: 'Reiner conjectured in 2001 the number of cyclic factors of `K(Q_n)` an'
block  10 hunk 2 v5 44-44 [1.2 The main theorem] text :: 'We write `Syl_2 A` for the `2`-primary part of a finite abelian group '
block  11 hunk 3 v5 67-68 [1.2 The main theorem] text :: '  **`X(λ, i) := ⊕_{a=1}^{k−1} (ℤ/2^a)^{2^{|I| + k − 1 − a}} ⊕ ⊕_{D ⊆ I'
block  12 hunk 3 v5 70-71 [1.2 The main theorem] STATEMENT :: '> **Main Theorem (the Dancing Sand Theorem).** For every `n ≥ 1`, as `'
block  13 hunk 4 v5 89-89 [1.3 The fold law: dry and wet] text :: 'Let `𝟙 = (1, …, 1)`. The **folded `n`-cube** is the quotient graph `Q_'
block  14 hunk 4 v5 91-91 [1.3 The fold law: dry and wet] text :: '**A naming trap.** In the literature on interconnection networks the «'
block  15 hunk 4 v5 96-96 [1.3 The fold law: dry and wet] STATEMENT :: '>   **`Syl_2 K(Q_n) ≅ (ℤ/2)^{a_n} ⊕ (Syl_2 K̄(n) with every exponent r'
block  16 hunk 4 v5 98-98 [1.3 The fold law: dry and wet] text :: 'Here `a_n` is the number of factors `ℤ/2` of `K(Q_n)`, by Bai [Bai03, '
block  17 hunk 4 v5 102-102 [1.3 The fold law: dry and wet] text :: '**Example.** For `n = 5`, `Syl_2 K(Q_5) = {1: 6, 3: 4, 4: 1, 6: 4}` an'
block  18 hunk 4 v5 104-104 [1.3 The fold law: dry and wet] STATEMENT :: '> **Corollary 1.4 (the sandpile group of the folded cube).** For every'
block  19 hunk 4 v5 108-108 [1.3 The fold law: dry and wet] text :: '**The mod-2 layer.** Theorem DW explains a coincidence noted by Gao et'
block  20 hunk 4 v5 112-112 [1.4 Consequences] STATEMENT :: '> **Corollary 1.5 (Bai [Bai03, Theorems 1.1, 1.3]).** `Syl_2 K(Q_n)` h'
block  21 hunk 4 v5 114-114 [1.4 Consequences] text :: 'Bai states the first count for the invariant factors of `K(Q_n)`. They'
block  22 hunk 4 v5 116-116 [1.4 Consequences] text :: 'Write `c_1(Q_n) ≥ c_2(Q_n) ≥ ⋯` for the exponents of the cyclic factor'
block  23 hunk 5 v5 129-129 [1.4 Consequences] STATEMENT :: '>   `Syl_2 K(Q_{2^e}) ≅ Syl_2 K(Q_{2^e − 1})^2 ⊕ ℤ/2^{2^e + e − 1}`.'
block  24 hunk 5 v5 135-136 [1.5 The idea of the proof] text :: '1. **The group ring as an `SL_2`-module (§2).** In the group ring `ℤ[('
block  25 hunk 5 v5 138-138 [1.5 The idea of the proof] text :: '4. **The Smith form of `M` (§6–§8).** The `r`-th determinantal divisor'
block  26 hunk 6 v5 152-152 [1.6 Notation and conventions] text :: '| `R = ℤ[(ℤ/2)^n]`, `s_S`, `σ` | the group ring, its basis `∏_{i∈S}(1 '
block  27 hunk 6 v5 154-154 [1.6 Notation and conventions] text :: '| `A = ℤ_2` | the base ring | §2.2 |'
block  28 hunk 6 v5 157-159 [1.6 Notation and conventions] text :: '| `D` (operator), `π(d)`, `σ^{(α)}_i` | the floor operator, a payment,'
block  29 hunk 6 v5 164-164 [1.6 Notation and conventions] text :: 'A few letters have two meanings, each clear from its argument: `D` is '
block  30 hunk 7 v5 173-173 [1.7 Vocabulary, and why these names] text :: '| dance lattice `T(λ)` | a `ℤ_2`-lattice whose reduction modulo `2` is'
block  31 hunk 7 v5 180-180 [1.7 Vocabulary, and why these names] text :: '| clock | a cyclic factor `ℤ/2^e`, named by its exponent `e`; the smal'
block  32 hunk 8 v5 191-191 [1.7 Vocabulary, and why these names] text :: '| dry; wet | reduction modulo `2`; the lattice over `ℤ_2` | below |'
block  33 hunk 8 v5 196-196 [1.7 Vocabulary, and why these names] text :: '**Why «dance».** Read the binary word of `λ + 1` from the bottom. At a'
block  34 hunk 8 v5 198-198 [1.7 Vocabulary, and why these names] text :: '**Why «dry» and «wet».** Modulo `2` — dry — the module `T(2l + 1)` bec'
block  35 hunk 9 v5 209-209 [1.8 Literature and priority] text :: "**What is not ours.** Bai determined the odd part and proved Reiner's "
block  36 hunk 9 v5 215-215 [2. The group ring as a module over the h] text :: '## 2. The group ring as a module over the hyperalgebra of `SL_2`'
block  37 hunk 9 v5 219-219 [2.1 The Laplacian in the group ring] text :: 'Let `G = (ℤ/2)^n` with generators `x_1, …, x_n`, and `R := ℤ[G]`. The '
block  38 hunk 9 v5 221-221 [2.1 The Laplacian in the group ring] text :: 'Since `Q_n` is connected, `coker(σ on R) ≅ ℤ ⊕ K(Q_n)` [Lor91], [Big99'
block  39 hunk 10 v5 229-229 [2.1 The Laplacian in the group ring] text :: 'Up to the sign `(−1)^{|S|}`, these are the monomials of the change of '
block  40 hunk 10 v5 233-233 [2.2 The hyperalgebra and the dictionary] text :: 'Let `U_ℚ` be the universal enveloping algebra of `sl_2` over `ℚ`, with'
block  41 hunk 10 v5 235-235 [2.2 The hyperalgebra and the dictionary] text :: 'holds in `U_ℚ`. Put `A := ℤ_2` and `Dist_A := A ⊗ Dist_ℤ`, a Hopf alge'
block  42 hunk 11 v5 246-246 [2.2 The hyperalgebra and the dictionary] STATEMENT :: '**Corollary 2.3.** If `V^{⊗n} ≅ ⊕_j M_j` as `Dist_A`-modules, then `ℤ_'
block  43 hunk 11 v5 252-252 [2.3 Weyl lattices, duality, filtrations] text :: 'For `λ ≥ 0` let `Δ_ℚ(λ)` be the simple `U_ℚ`-module of highest weight '
block  44 hunk 11 v5 256-256 [2.3 Weyl lattices, duality, filtrations] text :: 'A **`Δ`-filtration** of a lattice `X` is a chain of sublattices `0 = X'
block  45 hunk 11 v5 258-258 [2.3 Weyl lattices, duality, filtrations] STATEMENT :: '**Lemma 2.4.** For `m ≥ 1`, `Δ_A(m) ⊗ V` has a `Δ`-filtration with fac'
block  46 hunk 11 v5 260-260 [2.3 Weyl lattices, duality, filtrations] PROOF :: '*Proof.* Let `v` be the highest weight vector of `Δ_A(m)`. The vectors'
block  47 hunk 12 v5 277-277 [3.1 The doubling functor] STATEMENT :: '(c) `Φ(N) ⊗ 𝔽_2 ≅ V ⊗ (N ⊗ 𝔽_2)^{[1]}` as `Dist_{𝔽_2}`-modules, where '
block  48 hunk 12 v5 280-281 [3.1 The doubling functor] PROOF :: '*Proof.* (a) *The relations.* On `b_0 n` (weight `2w + 1`): `EF(b_0 n)'
block  49 hunk 12 v5 284-284 [3.1 The doubling functor] PROOF :: 'dividing by the factorials leaves `E^{(s)}` or `E^{(s+1)}` of `N` time'
block  50 hunk 12 v5 286-286 [3.1 The doubling functor] PROOF :: '(d) Order the basis of `Φ(∇_A(μ))` by weight: `b_0 w_s` (index `2s`), '
block  51 hunk 12 v5 288-288 [3.2 Lifting from `𝔽_2`] text :: '### 3.2 Lifting from `𝔽_2`'
block  52 hunk 13 v5 298-298 [3.2 Lifting from `𝔽_2`] STATEMENT :: '**Lemma 3.3.** For all `λ, μ ≥ 0`, `Ext^1(Δ_A(λ), ∇_A(μ)) = 0` (extens'
block  53 hunk 13 v5 300-300 [3.2 Lifting from `𝔽_2`] STATEMENT :: 'with integer coefficients `(Δ^r P)(w_0)`, and the `C(H − w_0, r)` lie '
block  54 hunk 13 v5 302-303 [3.2 Lifting from `𝔽_2`] PROOF :: '*Proof.* If `μ ≤ λ`, the weights of `∇_A(μ)` lie in `[−μ, μ] ⊆ [−λ, λ]'
block  55 hunk 13 v5 305-305 [3.2 Lifting from `𝔽_2`] STATEMENT :: '**Corollary 3.4.** Let `X, Y` be lattices that both have a `Δ`-filtrat'
block  56 hunk 14 v5 317-317 [3.3 The dance lattices] text :: 'By Lemma 2.4 and Proposition 3.1(d), every `T(λ)` and every `V^{⊗n} ⊗ '
block  57 hunk 14 v5 319-320 [3.3 The dance lattices] STATEMENT :: '**Lemma 3.5.** Over `𝔽_2`, `V^{⊗3} ≅ Δ(3) ⊕ V^2` and `Δ(3) ≅ V ⊗ V^{[1'
block  58 hunk 14 v5 322-324 [3.3 The dance lattices] PROOF :: '*Proof.* The submodule of `V^{⊗3}` generated by `b_0^{⊗3}` is `Δ(3)`; '
block  59 hunk 14 v5 330-330 [3.3 The dance lattices] PROOF :: '*Proof.* Induction on `n`, applying `V ⊗ −` to the decomposition for `'
block  60 hunk 14 v5 332-333 [3.3 The dance lattices] text :: '**Remarks.** (1) `T(λ) ⊗ 𝔽_2` is the indecomposable tilting module of '
block  61 hunk 14 v5 337-337 [3.3 The dance lattices] PROOF :: '*Proof.* In the rule `V·[λ]` the produced symbols are `[1]`, `[λ + 1]`'
block  62 hunk 15 v5 345-345 [3.4 The groups of the families] STATEMENT :: '**Theorem 3.8.** For every `n ≥ 1`, **`ℤ_2 ⊕ Syl_2 K(Q_n) ≅ ⊕_λ X^{(1)'
block  63 hunk 16 v5 356-356 [4.1 Payment systems] text :: 'Let `N` be a lattice graded by floors `0, 1, …, f_{max}`, on which `F`'
block  64 hunk 17 v5 368-368 [4.2 The two moves] PROOF :: "*Proof.* On `Φ(N')`, `F(b_0 n) = b_1 n` and `F(b_1 n) = 2 b_0 (F n)`. "
block  65 hunk 18 v5 392-392 [4.3 The dance] STATEMENT :: '  **`X^{(α)}(λ, i) ≅ ⊕_{a=1}^{k−1} (ℤ/2^a)^{2^{|I| + k − 1 − a}} ⊕ cok'
block  66 hunk 18 v5 394-394 [4.3 The dance] PROOF :: '*Proof.* If `λ = 2l + 1`, then `λ + 1` has last digit `0`, `T(λ) = Φ(T'
block  67 hunk 18 v5 396-396 [4.3 The dance] text :: 'We use the notation **`coker(2^k M)`** for the module whose Smith expo'
block  68 hunk 18 v5 402-404 [4.4 The final matrix in closed form] STATEMENT :: '**Theorem 4.4 (windows).** Let `q_0 := −1` and `q_{t+1} := q_t^2 − [t '
block  69 hunk 18 v5 410-411 [4.4 The final matrix in closed form] PROOF :: 'where `c^{(h)} = Σ_Δ c^{(h)}_Δ x^Δ ∈ ℚ[x_t : t ∈ I_{<h}]/(x_t^2)` sati'
block  70 hunk 19 v5 427-427 [4.5 The coefficients: the deficit law] STATEMENT :: '>   **`X^{(α)}(λ, i) ≅ ⊕_{a=1}^{k−1} (ℤ/2^a)^{2^{|I|+k−1−a}} ⊕ coker(2'
block  71 hunk 19 v5 430-430 [4.5 The coefficients: the deficit law] STATEMENT :: '> Hence, by Theorem 3.8, `ℤ_2 ⊕ Syl_2 K(Q_n)` is the direct sum, over '
block  72 hunk 20 v5 500-500 [5. The valuations: rulers, gold and cloc] PROOF :: '*Proof.* Let `E ≠ ∅`. Then `K − 1 + o_E = K + (o_E − 1)` and `s_2(o_E '
block  73 hunk 20 v5 504-504 [6. The Smith form of `M`: the ceiling] text :: '## 6. The Smith form of `M`: the ceiling'
block  74 hunk 21 v5 540-540 [6.3 From the natural sums to the pooled ] STATEMENT :: '**Lemma 6.4 (convexity).** Let `d: {0, …, N} → ℤ` be convex with integ'
block  75 hunk 22 v5 552-552 [7. The Smith form of `M`: the floor] text :: '## 7. The Smith form of `M`: the floor'
block  76 hunk 23 v5 571-571 [7.1 Antitonic fits] PROOF :: '*Proof.* (a) Each level set of the concatenation is a level set of one'
block  77 hunk 24 v5 597-597 [7.3 Houses, windows and penalties] text :: 'The sequence `x_H` is antisymmetric, and `J_H` is an up-set of the o-o'
block  78 hunk 25 v5 629-629 [7.4 Theorem F] STATEMENT :: '**Theorem 7.8 (Theorem F, the floor).** For every house `H = (I, k, ℓ,'
block  79 hunk 26 v5 640-640 [7.4 Theorem F] PROOF :: '1. **The walk.** The sequence `d_1` is integer, non-increasing, and ch'
block  80 hunk 27 v5 685-685 [8. Proof of the Main Theorem] text :: '  `ℤ_2 ⊕ Syl_2 K(Q_n) ≅ ⊕_λ X^{(1)}(λ, (n − λ)/2)^{m_λ(n)}`,'
block  81 hunk 27 v5 688-688 [8. Proof of the Main Theorem] text :: '- If `i = 0` (so `λ = n` and `m_n(n) = 1`), the Smith exponents of `M`'
block  82 hunk 28 v5 703-703 [9.1 Bai's counts] PROOF :: 'cyclic factors, all non-trivial (Lemma 9.1), one of which is `ℤ_2` exa'
block  83 hunk 29 v5 736-736 [9.2 The podium] PROOF :: '*Proof.* By Theorem 7.10 the clocks are those of the house `H^♯ = (I, '
block  84 hunk 30 v5 746-746 [9.2 The podium] PROOF :: '*Proof.* *(H) The head is dyadic.* The first level set of the real fit'
block  85 hunk 31 v5 781-781 [9.3 Gao et al.'s Conjecture 5.4] PROOF :: '*Proof of Corollary 1.7.* By Lemma 9.8 and Theorem 9.10, the raw seque'
block  86 hunk 31 v5 787-787 [10.1 The fold on the families] text :: 'Let `a := x_1 x_2 ⋯ x_n ∈ G`. The folded cube is the Cayley graph of `'
block  87 hunk 32 v5 799-799 [10.1 The fold on the families] STATEMENT :: '  `ℤ_2 ⊕ Syl_2 K̄(n) ≅ ⊕_λ X̄(λ, (n − λ)/2)^{m_λ(n)}`.'
block  88 hunk 32 v5 804-805 [10.1 The fold on the families] PROOF :: '  `ℤ_2 ⊕ Syl_2 K̄(n) ≅ ⊕_λ (2X)^{m_λ(n)} = 2(ℤ_2 ⊕ Syl_2 K(Q_n)) ≅ ℤ_2'
block  89 hunk 33 v5 838-838 [10.2 The two families on the half-size l] PROOF :: 'Now `M = Φ(N)`, and by the proof of Lemma 10.4(a) every `w ∈ A[τ_M, a_'
block  90 hunk 34 v5 848-848 [10.3 The formal dance] text :: '**Formal operators.** Let `𝔅` be the set of formal sums `x = Σ_{m≥0} x'
block  91 hunk 34 v5 850-850 [10.3 The formal dance] text :: 'It is an associative `ℚ_2`-algebra (the rule is that of `F^{(a)}F^{(b)'
block  92 hunk 35 v5 868-869 [10.3 The formal dance] PROOF :: '*Proof.* (a) For an even payment system `G = F + π(D) + K(D)` (couplin'
block  93 hunk 35 v5 872-872 [10.3 The formal dance] STATEMENT :: '  **`coker(G on T(l)^{⊕r}) ≅ ⊕_{a=1}^{k−1} (ℤ/2^a)^{r·2^{|I|+k−1−a}} ⊕'
block  94 hunk 35 v5 875-875 [10.3 The formal dance] PROOF :: '*Proof.* If `P` is invertible, unimodular row and column operations tu'
block  95 hunk 35 v5 881-881 [10.4 Rigidity: the inverse block] STATEMENT :: '**Lemma 10.8 (inverse block).** Suppose `Ξ` is invertible on `T(l) ⊗ ℚ'
block  96 hunk 36 v5 889-889 [10.4 Rigidity: the inverse block] STATEMENT :: 'where `γ_{YX} ∈ ℚ_2` depends only on the word `w`, and `γ_{YX} = 0` if'
block  97 hunk 37 v5 914-914 [10.4 Rigidity: the inverse block] PROOF :: '*Proof.* Diagonal scalings commute with `∘`, so it suffices to treat `'
block  98 hunk 38 v5 928-928 [10.5 Cleanliness: the ring 𝒦] text :: 'where `c` is a fixed element of `ℤ_2` (the shift). A system `G` of lev'
block  99 hunk 38 v5 932-933 [10.5 Cleanliness: the ring 𝒦] text :: '**The ring 𝒦.** Let **`𝒦`** be the set of functions `ϑ: ℤ_2 → ℤ_2` of '
block 100 hunk 38 v5 936-937 [10.5 Cleanliness: the ring 𝒦] STATEMENT :: '**Lemma 10.13.** (a) The representation `(a, χ)` of `ϑ ∈ 𝒦` is unique.'
block 101 hunk 38 v5 940-940 [10.5 Cleanliness: the ring 𝒦] PROOF :: "*Proof.* (a) If `a + 2χ(2y) = a' + 2χ'(2y)` for all `y ∈ ℤ_2`, the pow"
block 102 hunk 38 v5 942-945 [10.5 Cleanliness: the ring 𝒦] PROOF :: '*Shifts.* `χ(X − 2e) = χ(−2e) + χ̃(X)` with `χ̃ ∈ X ℤ_2[[X]]`, and `χ('
block 103 hunk 39 v5 958-958 [10.5 Cleanliness: the ring 𝒦] STATEMENT :: '  (a) the payments are `≡ 0 (mod 4)`: `Γ_{∅,0}(y) ∈ 4ℤ_2` for every `y'
block 104 hunk 39 v5 960-960 [10.5 Cleanliness: the ring 𝒦] STATEMENT :: 'Then the move of level `h` is clean, and `G_{h+1} ∈ 𝒯_{h+1}` again sat'
block 105 hunk 40 v5 971-971 [10.5 Cleanliness: the ring 𝒦] text :: '**Remarks.** (1) At `α = 1` the payment `2y` is not in `𝒦` (`χ` would '
block 106 hunk 41 v5 979-979 [10.6 The odd families] STATEMENT :: '**Theorem 10.16.** Let `α ≥ 2`, `c ≥ 0`, `η ∈ A` a unit, `ζ_m ∈ ℤ_2` c'
block 107 hunk 41 v5 981-981 [10.6 The odd families] PROOF :: '*Proof.* For `c ≥ 1`: Theorems 10.15 and 10.12. For `c = 0`, let `Ξ_c`'
block 108 hunk 42 v5 992-992 [10.7 The even families] text :: 'Fix the shift `c ∈ ℤ_2` used for the positions, and let `𝔞: 𝒦 → ℤ_2`, '
block 109 hunk 42 v5 996-996 [10.7 The even families] PROOF :: '*Proof.* By induction it suffices to treat one twist move (a `V`-split'
block 110 hunk 42 v5 998-998 [10.7 The even families] PROOF :: 'because the shift `2^h` between `B` and `C` is invisible modulo `4`. N'
block 111 hunk 42 v5 1002-1002 [10.7 The even families] PROOF :: '*Proof.* `glue(X, Y) = L^{−1} diag(X, Y) L` with the scalar matrix `L '
block 112 hunk 42 v5 1004-1004 [10.7 The even families] STATEMENT :: '**Lemma 10.20 (the bend).** Let `c ≥ 1`, `Ψ := 4(D + c) + ηF + Σ_{m≥2}'
block 113 hunk 42 v5 1006-1006 [10.7 The even families] STATEMENT :: 'with the maps `out = out_k`, `in = in_k` of Lemma 10.8 (`Ψ ± 2` is inv'
block 114 hunk 43 v5 1016-1016 [10.7 The even families] STATEMENT :: '  **`M_w(Ψ(Ψ + 2)/2) = W_+·M_w(Ψ)`,  `M_w(Ψ(Ψ − 2)/2) = W_−·M_w(Ψ)`,  '
block 115 hunk 44 v5 1031-1032 [10.7 The even families] PROOF :: "since `glue(X, Y)·glue(X', Y') = glue(XX', YY')`. Now `glue(W_−, W_+) "
block 116 hunk 44 v5 1034-1034 [10.7 The even families] PROOF :: 'with `W_± = ±(I − M_w(·)N_±)^{−1}`. The set `2·Mat(ℤ_2)` is closed, so'
block 117 hunk 44 v5 1040-1040 [10.8 Proof of Theorem DW, and the folded] PROOF :: '*Proof of Corollary 1.4.* The `2`-part is Theorem DW: `Syl_2 K̄(n) ≅ 2'
block 118 hunk 44 v5 1042-1042 [10.8 Proof of Theorem DW, and the folded] text :: '**The mod-2 layer.** Let `L̄` be the Laplacian of the folded cube, a s'
block 119 hunk 44 v5 1048-1048 [11. Open questions] text :: '1. **Other quotients of the cube.** The Cayley graphs of `𝔽_2^r` are t'
block 120 hunk 44 v5 1052-1052 [11. Open questions] text :: '5. **Other primes and other graphs.** For the Hamming graphs `H(n, p)`'
block 121 hunk 45 v5 1065-1065 [12.1 The checks published with this pape] text :: '| Propositions 5.2 · 5.3 · 5.4 (5.2 against the closed form of Theorem'
block 122 hunk 46 v5 1078-1078 [12.1 The checks published with this pape] text :: '| Remark (2) of §10.5 (a measurement); code `gate_remark2.py`, in `rem'
block 123 hunk 46 v5 1080-1080 [12.1 The checks published with this pape] text :: 'The folder `remark2/` contains three engines of the project, copied un'
block 124 hunk 46 v5 1084-1084 [12.2 Independent re-computations] text :: 'Six readers of the project (Appendix A) recomputed what follows, each '
block 125 hunk 46 v5 1091-1091 [12.2 Independent re-computations] text :: "| Gao et al.'s Table 1 | 3 | `n = 7, …, 11` | agrees entry by entry | "
block 126 hunk 47 v5 1100-1102 [12.2 Independent re-computations] text :: '| Lemma 7.9 (integrality) | 4 | every house with `k ≤ 7`, `α ≤ 3`, and'
block 127 hunk 48 v5 1111-1112 [12.2 Independent re-computations] text :: '| the turned lid (§11, question 2) | 3 | `n = 3, …, 12`, every `b` | 0'
block 128 hunk 48 v5 1116-1119 [13. Exact status] text :: '- **Proved, with the grade «pencil, audited, read cold»:** the Main Th'
block 129 hunk 48 v5 1121-1121 [13. Exact status] text :: '- **Not done:** a cold reading of the changes of version 5; a human re'
block 130 hunk 49 v5 1145-1148 [Appendix A. How this work was done] text :: '- **Version 2** repaired the gap. Its changes were read cold on 5 Octo'
block 131 hunk 50 v5 1162-1162 [References] text :: '- [DJ14] J. E. Ducey, D. M. Jalil, Integer invariants of abelian Cayle'
block 132 hunk 50 v5 1165-1165 [References] text :: '- [GMMY24] J. Gao, J. Marx-Kuo, V. McDonald, C. H. Yuen, Sandpile grou'
block 133 hunk 50 v5 1170-1170 [References] text :: '- [Kos66] B. Kostant, Groups over `ℤ`, in *Algebraic Groups and Discon'
block 134 hunk 50 v5 1174-1174 [References] text :: "- [LZ22] Y. Len, D. Zakharov, Kirchhoff's theorem for Prym varieties, "
block 135 hunk 50 v5 1177-1177 [References] text :: '- [RT14] V. Reiner, D. Tseng, Critical groups of covering, voltage and'
VIGIA-FIN-OK exit=0 pico_kb=4672 t=0s
