OK ./material/paper/CORRECTIONS_v4_to_v5.md
OK ./material/paper/DIFF_v4_to_v5.txt
OK ./material/paper/THE_DANCING_SAND_THEOREM_v4.md
OK ./material/paper/THE_DANCING_SAND_THEOREM_v4.pdf
OK ./material/paper/THE_DANCING_SAND_THEOREM_v5.html
OK ./material/paper/THE_DANCING_SAND_THEOREM_v5.md
OK ./material/paper/THE_DANCING_SAND_THEOREM_v5.pdf
OK ./material/sources/Adinkras2rank_arXiv2301.02517.pdf
OK ./material/sources/Adinkras2rank_arXiv2301.02517.txt
OK ./material/sources/Adinkras_arXiv2202.02821.pdf
OK ./material/sources/Adinkras_arXiv2202.02821.txt
OK ./material/sources/Bai_cube_group_LAA2003.pdf
OK ./material/sources/Bai_cube_group_LAA2003.txt
OK ./material/sources/ChandlerSinXiang_arXiv1511.00272.pdf
OK ./material/sources/ChandlerSinXiang_arXiv1511.00272.txt
OK ./material/sources/DuceyJalil_AbelianCayley_arXiv1308.2335.pdf
OK ./material/sources/DuceyJalil_AbelianCayley_arXiv1308.2335.txt
OK ./material/sources/DuceySin_Kneser2subsets_arXiv1707.09115.pdf
OK ./material/sources/DuceySin_Kneser2subsets_arXiv1707.09115.txt
OK ./material/sources/GaoMarxKuoMcDonaldYuen_arXiv1912.06919v3.pdf
OK ./material/sources/GaoMarxKuoMcDonaldYuen_arXiv1912.06919v3.txt
OK ./material/sources/GaoMarxKuoMcDonald_JMMposter2019.pdf
OK ./material/sources/GaoMarxKuoMcDonald_JMMposter2019.txt
OK ./material/sources/HarmonicAbelianQuotients_arXiv2409.04629.pdf
OK ./material/sources/HarmonicAbelianQuotients_arXiv2409.04629.txt
OK ./material/sources/Larsen_arXiv2405.16015.pdf
OK ./material/sources/Larsen_arXiv2405.16015.txt
OK ./material/sources/LenZakharov_KirchhoffPrym_arXiv2012.15235.pdf
OK ./material/sources/LenZakharov_KirchhoffPrym_arXiv2012.15235.txt
OK ./material/sources/ReinerTseng_arXiv1301.2977.pdf
OK ./material/sources/ReinerTseng_arXiv1301.2977.txt
OK ./material/sources/SubsetIntersection_arXiv2310.09227.pdf
OK ./material/sources/SubsetIntersection_arXiv2310.09227.txt
OK ./material/sources/TwoAdicAllOnesSquare_arXiv2609.10625.pdf
OK ./material/sources/TwoAdicAllOnesSquare_arXiv2609.10625.txt
OK ./material/tools/formula_lines.py
OK ./material/tools/gaps_text_words.py
OK ./material/tools/margins.py
OK ./material/tools/md_vs_pdf.py
OK ./material/tools/structure.py
OK ./material/tools/widows.py
OK ./material/tools/xrefs.py
OK ./vigia.sh
VIGIA-FIN-OK exit=0 pico_kb=2240 t=0s
