### block 1: v4 6-6 / v5 6-6: CONTENT-DIFF
  [replace] …October 2026 · version ‹4› → ‹5› …
### block 2: v4 11-11 / v5 11-11: CONTENT-DIFF
  [replace] …We determine the whole ‹`2`› → ‹2› - part of `K(Q_n)`…
  [replace] …th factor stated in ‹their› → ‹the› 2019 poster . We…
  [insert] …in their 2019 poster ‹› → ‹of three of them› . We also prove…
  [replace] …fold law : the ‹`2`› → ‹2› - part of the…
### block 3: v4 19-19 / v5 19-19: CONTENT-DIFF
  [insert] … ‹› → ‹For› `n ≥ 1` , `K(Q_n)` is…
### block 4: v4 23-23 / v5 23-23: TYPO-ONLY
### block 5: v4 26-26 / v5 26-26: TYPO-ONLY
### block 6: v4 29-30 / v5 29-30: CONTENT-DIFF
  [replace] …- th factor of ‹their› → ‹the› 2019 poster | §…
  [insert] …of their 2019 poster ‹› → ‹[ MGM19 ]› | § 9 .…
### block 7: v4 32-32 / v5 32-32: CONTENT-DIFF
  [replace] …It found one gap ‹, in› → ‹:› the proof of Lemma…
  [replace] …gap , in the ‹proof› → ‹integer part› of Lemma 7 .…
  [insert] …2 ( b ) ‹› → ‹was false as stated , and four proofs used it ; no theorem was affected› . Version 2 repaired…
  [insert] …; it also found ‹› → ‹, with a two - line proof ,› that every fit used…
  [insert] …it also found that ‹› → ‹the fit of› every fit used in…
  [replace] …also found that every ‹fit used in the proofs› → ‹house› is integral ( Lemma…
  [delete] …defects of typesetting , ‹all› → ‹› corrected in this version…
  [delete] …, all corrected in ‹this› → ‹› version 4 . The…
  [insert] …in this version 4 ‹› → ‹except two ( Appendix A )› . The changes of…
  [insert] …changes of version 4 ‹› → ‹were read cold by a sixth reader : the mathematics of every change holds , with no gap and no error ; that reader found one false number and one false sentence in the record of the readings , inexact sentences , and defects of typesetting , corrected in this version 5 except as stated in Appendix A . The changes of version 5› have not yet been…
### block 8: v4 36-36 / v5 36-36: TYPO-ONLY
### block 9: v4 38-38 / v5 38-38: CONTENT-DIFF
  [replace] …critical group of the ‹n› → ‹`n`› - cube is still…
  [replace] …Smith group of the ‹n› → ‹`n`› - cube remain unknown…
  [replace] …both odd and even ‹n› → ‹`n`› . We do not…
  [replace] …factor was conjectured on ‹their› → ‹the› 2019 poster , which…
  [insert] …on their 2019 poster ‹› → ‹of Marx - Kuo , Gao and McDonald› , which says that…
### block 10: v4 44-44 / v5 44-44: CONTENT-DIFF
  [insert] …`{e_1: c_1, e_2: c_2, …}` means `⊕ (Z/2^{e_j})^{c_j}` . ‹› → ‹As usual ,› `Z_2` is the ring…
### block 11: v4 67-68 / v5 67-68: TYPO-ONLY
### block 12: v4 70-71 / v5 70-71: TYPO-ONLY
### block 13: v4 89-89 / v5 89-89: TYPO-ONLY
### block 14: v4 91-91 / v5 91-91: TYPO-ONLY
### block 15: v4 96-96 / v5 96-96: TYPO-ONLY
### block 16: v4 98-98 / v5 98-98: CONTENT-DIFF
  [insert] … ‹› → ‹Here› `a_n` is the number…
### block 17: v4 102-102 / v5 102-102: CONTENT-DIFF
  [insert] …Example . ‹› → ‹For `n = 5` ,› `Syl_2 K(Q_5) = {1: 6, 3: 4, 4: 1, 6: 4}` and `a_5 = 6` ,…
### block 18: v4 104-104 / v5 104-104: TYPO-ONLY
### block 19: v4 108-108 / v5 108-108: CONTENT-DIFF
  [replace] …The mod - ‹`2`› → ‹2› layer . Theorem DW…
  [insert] …`Syl_2 K(Q_n)` other than the ‹› → ‹factors› `Z/2` ' s keeps…
  [delete] …other than the `Z/2` ‹' s› → ‹› keeps a non -…
### block 20: v4 112-112 / v5 112-112: TYPO-ONLY
### block 21: v4 114-114 / v5 114-114: CONTENT-DIFF
  [insert] …They are all even ‹› → ‹[ Bai03 , Lemma 2 . 2 , Corollary 2 . 3 ]› : in his proof…
  [delete] …matrix with even entries ‹[ Bai03 , Lemma 2 . 2 , Corollary 2 . 3 ]› → ‹› . So his count…
### block 22: v4 116-116 / v5 116-116: TYPO-ONLY
### block 23: v4 129-129 / v5 129-129: TYPO-ONLY
### block 24: v4 135-136 / v5 135-136: TYPO-ONLY
### block 25: v4 138-138 / v5 138-138: CONTENT-DIFF
  [replace] …`d_r` of `M` is ‹at least› → ‹bounded below by› the cheapest `r` -…
### block 26: v4 152-152 / v5 152-152: TYPO-ONLY
### block 27: v4 154-154 / v5 154-154: CONTENT-DIFF
  [delete] …| `A = Z_2` ‹, `k_0 = F_2`› → ‹› | the base ring…
  [delete] …| the base ring ‹and its residue field› → ‹› | § 2 |…
  [insert] …field | § 2 ‹› → ‹. 2› |…
### block 28: v4 157-159 / v5 157-159: CONTENT-DIFF
  [insert] …payment , `F + 2^α(D + i)` | ‹› → ‹§ 2 . 2 , § 3 . 4 ,› § 4 | |…
  [insert] …| § 4 . ‹› → ‹4 , § 4 .› 5 | | `R_μ(D)`…
  [insert] …, `Σ_{t∈E}(h_t − 2^t)` | § ‹› → ‹1 . 2 , §› 5 |…
### block 29: v4 164-164 / v5 164-164: TYPO-ONLY
### block 30: v4 173-173 / v5 173-173: TYPO-ONLY
### block 31: v4 180-180 / v5 180-180: TYPO-ONLY
### block 32: v4 191-191 / v5 191-191: TYPO-ONLY
### block 33: v4 196-196 / v5 196-196: CONTENT-DIFF
  [replace] …`2^α(i + d)` ; each move ‹multiplies› → ‹replaces› the payments of two…
  [replace] …of two adjacent floors ‹and halves them› → ‹by minus half their product› , so every payment…
### block 34: v4 198-198 / v5 198-198: TYPO-ONLY
### block 35: v4 209-209 / v5 209-209: CONTENT-DIFF
  [insert] …for `n ≤ 11` , and ‹› → ‹the monomials of› their change of variables…
  [replace] …change of variables `u_i = x_i − 1` ‹is› → ‹( proof of their Proposition 2 . 5 ) are , up to the sign `(−1)^{|S|}` ,› the basis we use…
### block 36: v4 215-215 / v5 215-215: CONTENT-DIFF
  [replace] …over the hyperalgebra of ‹SL₂› → ‹`SL_2`› …
### block 37: v4 219-219 / v5 219-219: TYPO-ONLY
### block 38: v4 221-221 / v5 221-221: TYPO-ONLY
### block 39: v4 229-229 / v5 229-229: CONTENT-DIFF
  [replace] … ‹This is› → ‹Up to the sign `(−1)^{|S|}` , these are the monomials of› the change of variables…
  [insert] …5 ] , and ‹› → ‹the basis is› the Laplacian analogue of…
### block 40: v4 233-233 / v5 233-233: TYPO-ONLY
### block 41: v4 235-235 / v5 235-235: TYPO-ONLY
### block 42: v4 246-246 / v5 246-246: TYPO-ONLY
### block 43: v4 252-252 / v5 252-252: TYPO-ONLY
### block 44: v4 256-256 / v5 256-256: CONTENT-DIFF
  [replace] …A ‹Δ› → ‹`Δ`› - filtration of a…
  [replace] …with `X_j/X_{j−1} ≅ Δ_A(λ_j)` ; a ‹∇› → ‹`∇`› - filtration is the…
  [insert] …same with `∇_A` . ‹› → ‹The map› `ι` exchanges them .…
### block 45: v4 258-258 / v5 258-258: CONTENT-DIFF
  [replace] …, `Δ_A(m) ⊗ V` has a ‹Δ› → ‹`Δ`› - filtration with factors…
  [replace] …, and `∇_A(m) ⊗ V` a ‹∇› → ‹`∇`› - filtration with factors…
  [insert] …`∇_A(m − 1)` , `∇_A(m + 1)` . ‹› → ‹Moreover ,› `Δ_A(0) ⊗ V = V = Δ_A(1) = ∇_A(1)` .…
### block 46: v4 260-260 / v5 260-260: CONTENT-DIFF
  [delete] …is `Dist_A·v' ≅ Δ_A(m − 1)` . The ‹∇› → ‹› statement is the `ι`…
  [replace] …. The ∇ statement ‹is› → ‹for `∇` follows by› the `ι` - dual…
  [insert] …∇ statement is the ‹› → ‹duality› `ι` - dual .…
  [delete] …statement is the `ι` ‹- dual› → ‹› . ∎…
### block 47: v4 277-277 / v5 277-277: TYPO-ONLY
### block 48: v4 280-281 / v5 280-281: TYPO-ONLY
### block 49: v4 284-284 / v5 284-284: CONTENT-DIFF
  [insert] …is a lattice . ‹› → ‹The map› `Φ(f) = 1 ⊗ f` commutes with all…
### block 50: v4 286-286 / v5 286-286: CONTENT-DIFF
  [insert] …and `1` ) . ‹› → ‹Finally ,› `Φ(A) = V` is ( d…
### block 51: v4 288-288 / v5 288-288: CONTENT-DIFF
  [replace] …. 2 Lifting from ‹F₂› → ‹`F_2`› …
### block 52: v4 298-298 / v5 298-298: CONTENT-DIFF
  [replace] …3 . 3 . ‹`Ext^1(Δ_A(λ), ∇_A(μ)) = 0` for› → ‹For› all `λ, μ ≥ 0` ( extensions…
  [insert] …`Ext^1(Δ_A(λ), ∇_A(μ)) = 0` for all `λ, μ ≥ 0` ‹› → ‹, `Ext^1(Δ_A(λ), ∇_A(μ)) = 0`› ( extensions of `Dist_A`…
### block 53: v4 300-300 / v5 300-300: CONTENT-DIFF
  [replace] …if `M` has a ‹Δ› → ‹`Δ`› - filtration and `N`…
  [replace] …filtration and `N` a ‹∇› → ‹`∇`› - filtration , then…
### block 54: v4 302-303 / v5 302-303: TYPO-ONLY
### block 55: v4 305-305 / v5 305-305: CONTENT-DIFF
  [replace] …that both have a ‹Δ› → ‹`Δ`› - filtration and a…
  [replace] …- filtration and a ‹∇› → ‹`∇`› - filtration . If…
### block 56: v4 317-317 / v5 317-317: CONTENT-DIFF
  [replace] …every `V^{⊗n} ⊗ A` has a ‹Δ› → ‹`Δ`› - filtration and a…
  [replace] …- filtration and a ‹∇› → ‹`∇`› - filtration ( both…
### block 57: v4 319-320 / v5 319-320: TYPO-ONLY
### block 58: v4 322-324 / v5 322-324: CONTENT-DIFF
  [replace] …form is contravariant . ‹`Δ(3)^⊥`› → ‹This complement› has weights `±1` only…
### block 59: v4 330-330 / v5 330-330: CONTENT-DIFF
  [insert] …1 . 2 . ‹› → ‹Now› `V ⊗ T(0) = V = Φ(A) = T(1)` and `V ⊗ T(2l + 1) = V ⊗ Φ(T(l)) = T(2l + 2)` by…
  [insert] …. 2 . `V ⊗ T(0) = V = Φ(A) = T(1)` ‹› → ‹,› and `V ⊗ T(2l + 1) = V ⊗ Φ(T(l)) = T(2l + 2)` by definition…
  [replace] …it and `Φ(T(l))^2 ⊕ Φ(V ⊗ T(l))` have ‹Δ› → ‹`Δ`› - and ∇ -…
  [replace] …have Δ - and ‹∇› → ‹`∇`› - filtrations , and…
  [insert] …. 4 ) . ‹› → ‹Here› `Φ(T(l))^2 = T(2l+1)^2` , and `V ⊗ T(l)`…
### block 60: v4 332-333 / v5 332-333: TYPO-ONLY
### block 61: v4 337-337 / v5 337-337: CONTENT-DIFF
  [insert] …is never produced . ‹› → ‹The symbol› `[λ + 1]` is the largest…
  [insert] …, so `m_n(n) = 1` . ‹› → ‹The symbol› `[2]` is produced only…
  [insert] …, so `m_2(n + 1) = m_1(n)` . ‹› → ‹The symbol› `[1]` is produced by…
### block 62: v4 345-345 / v5 345-345: TYPO-ONLY
### block 63: v4 356-356 / v5 356-356: TYPO-ONLY
### block 64: v4 368-368 / v5 368-368: CONTENT-DIFF
  [insert] …in `b_0 ⊗ N'` . Eliminating ‹› → ‹these› , `coker G` is the…
  [insert] …`b_0 ⊗ N'` . Eliminating , ‹› → ‹we see that› `coker G` is the quotient…
  [replace] …the relations `G(b_1 n ι_{s'})` , ‹in which› → ‹where› every `b_1 x ι_s` is replaced…
### block 65: v4 392-392 / v5 392-392: TYPO-ONLY
### block 66: v4 394-394 / v5 394-394: TYPO-ONLY
### block 67: v4 396-396 / v5 396-396: TYPO-ONLY
### block 68: v4 402-403 / v5 402-404: CONTENT-DIFF
  [delete] …`M_{DD'} = −2^{1 − K + o(D∖D')} · a_k(D∖D') · ∏_{d = o_D}^{o_{D'} + K − 1} π_0(d)` if `D' ⊆ D` , ‹and› → ‹› `M_{DD'} = 0` otherwise .…
### block 69: v4 409-410 / v5 410-411: CONTENT-DIFF
  [replace] …, with `o_{D∪{h}} = o_D + 2^h` . ‹The› → ‹In the› formulas of Proposition 4…
  [insert] …Proposition 4 . 2 ‹› → ‹, the diagonal entries› have the windows `[2^{h+1}f + o_D, … + 2^{h+1} − 1]`…
  [delete] …windows `[2^{h+1}f + o_D, … + 2^{h+1} − 1]` and `[2^{h+1}f + o_D + 2^h, … + 2^{h+1} − 1]` ‹on the diagonal› → ‹› ; the coupling `−π_{D'}(2f+1)`…
### block 70: v4 426-426 / v5 427-427: TYPO-ONLY
### block 71: v4 429-429 / v5 430-430: TYPO-ONLY
### block 72: v4 499-499 / v5 500-500: CONTENT-DIFF
  [replace] …* Proof . * ‹For› → ‹Let› `E ≠ ∅` , `K − 1 + o_E = K + (o_E − 1)` and…
  [replace] …. * For `E ≠ ∅` ‹,› → ‹. Then› `K − 1 + o_E = K + (o_E − 1)` and `s_2(o_E − 1) = |E| − 1 + min E` ,…
  [insert] …and `s_2(o_E − 1) = |E| − 1 + min E` , so ‹› → ‹that› `κ(K − 1, o_E) = k + |E| − 1 − s_2(o_E − 1) = k − min E` ; for `E = ∅`…
  [insert] …, `R^♯(E) = G(E) − α o_E + s_2(K − 1 + o_E) − k` , and ‹› → ‹,› for `D ≠ ∅` , `s_2(K − 1 + o_D) = 1 + s_2(o_D − 1)`…
  [insert] …Legendre ' s formula ‹› → ‹, applied› at `i = 0` with `x = o_D ≥ 1`…
  [insert] …at `i = 0` with `x = o_D ≥ 1` ‹› → ‹and `y = o_b + K`› , `y = o_b + K` gives…
  [delete] …`i = 0` with `x = o_D ≥ 1` , ‹`y = o_b + K`› → ‹› gives…
### block 73: v4 503-503 / v5 504-504: CONTENT-DIFF
  [replace] …The Smith form of ‹M› → ‹`M`› : the ceiling…
### block 74: v4 539-539 / v5 540-540: TYPO-ONLY
### block 75: v4 551-551 / v5 552-552: CONTENT-DIFF
  [replace] …The Smith form of ‹M› → ‹`M`› : the floor…
### block 76: v4 570-570 / v5 571-571: CONTENT-DIFF
  [insert] …before `b` ) . ‹› → ‹The set› `L_1` is a final…
### block 77: v4 596-596 / v5 597-597: CONTENT-DIFF
  [insert] … ‹› → ‹The sequence› `x_H` is antisymmetric ,…
### block 78: v4 628-628 / v5 629-629: TYPO-ONLY
### block 79: v4 639-639 / v5 640-640: CONTENT-DIFF
  [insert] …. The walk . ‹› → ‹The sequence› `d_1` is integer ,…
### block 80: v4 684-684 / v5 685-685: TYPO-ONLY
### block 81: v4 687-687 / v5 688-688: TYPO-ONLY
### block 82: v4 702-702 / v5 703-703: TYPO-ONLY
### block 83: v4 735-735 / v5 736-736: CONTENT-DIFF
  [replace] …half follows `y_j = max(y_{j−1} + 2^{t_j} − h_{t_j}, 0)` , ‹and› → ‹where› `2^{t_j} − h_{t_j} = −ψ_{t_j}` . Since `k + K − Σ_{j>l} ψ_{t_j} = φ(Y_l)`…
### block 84: v4 745-745 / v5 746-746: CONTENT-DIFF
  [insert] …Theorem 7 . 8 ‹› → ‹, which keeps the level sets of the child because `d_1` changes only at strict cuts ( Lemma 7 . 2 ( b ) )› . The first level…
### block 85: v4 780-780 / v5 781-781: TYPO-ONLY
### block 86: v4 786-786 / v5 787-787: TYPO-ONLY
### block 87: v4 798-798 / v5 799-799: TYPO-ONLY
### block 88: v4 803-804 / v5 804-805: CONTENT-DIFF
  [replace] … ‹`Z_2 ⊕ Syl_2 K̄(n) ≅ ⊕(2X)^{m_λ} = 2(Z_2 ⊕ Syl_2 K(Q_n)) ≅ Z_2 ⊕ 2Syl_2 K(Q_n)`› → ‹`Z_2 ⊕ Syl_2 K̄(n) ≅ ⊕_λ (2X)^{m_λ(n)} = 2(Z_2 ⊕ Syl_2 K(Q_n)) ≅ Z_2 ⊕ 2Syl_2 K(Q_n)`› ; cancel `Z_2` (…
  [replace] …is determined ) . ‹The factor `2·`› → ‹Passing to `2·Syl_2 K(Q_n)`› removes exactly the factors…
### block 89: v4 837-837 / v5 838-838: CONTENT-DIFF
  [replace] …the basis `(b_0 N, a·b_0 N)` . ‹The operations «› → ‹Adding column 2 to› column 1 + =…
  [replace] …operations « column 1 ‹+ = column› → ‹, subtracting row 1 from row› 2 , row 2…
  [delete] …= column 2 , ‹row 2 − = row 1 »› → ‹› and the exchange of…
  [replace] …row 1 » and ‹the exchange of› → ‹exchanging› the two slots give…
### block 90: v4 847-847 / v5 848-848: TYPO-ONLY
### block 91: v4 849-849 / v5 850-850: TYPO-ONLY
### block 92: v4 867-867 / v5 868-869: TYPO-ONLY
### block 93: v4 870-870 / v5 872-872: TYPO-ONLY
### block 94: v4 873-873 / v5 875-875: TYPO-ONLY
### block 95: v4 879-879 / v5 881-881: TYPO-ONLY
### block 96: v4 887-887 / v5 889-889: CONTENT-DIFF
  [insert] …`γ_{YX} ∈ Q_2` depends only on ‹› → ‹the word› `w` ( and `γ_{YX} = 0`…
  [replace] …depends only on `w` ‹(› → ‹,› and `γ_{YX} = 0` if `L < 0`…
  [delete] …and `γ_{YX} = 0` if `L < 0` ‹)› → ‹› . The floors visited…
  [insert] …the window `[o_X, o_Y + K − 1]` , ‹› → ‹which is› the window of Theorem…
### block 97: v4 912-912 / v5 914-914: CONTENT-DIFF
  [insert] …to treat `𝒜` . ‹› → ‹Its inverse› `𝒜^{−1}` is multiplication by…
  [replace] …chains `D ⊇ E_1 ⊇ F_1 ⊇ … ⊇ E_j ⊇ F_j ⊇ D'` of products ‹of› → ‹whose› valuation at least `δ(D ∖ E_1) + δ(E_1 ∖ F_1) + 1 + … + δ(F_j ∖ D') ≥ δ(D ∖ D') + j`…
  [insert] …of products of valuation ‹› → ‹is , by subadditivity ,› at least `δ(D ∖ E_1) + δ(E_1 ∖ F_1) + 1 + … + δ(F_j ∖ D') ≥ δ(D ∖ D') + j` ,…
  [delete] …valuation at least `δ(D ∖ E_1) + δ(E_1 ∖ F_1) + 1 + … + δ(F_j ∖ D') ≥ δ(D ∖ D') + j` ‹, by subadditivity› → ‹› . Since `v_2(𝒜_{DD'}) = δ(D ∖ D')` exactly…
  [replace] …by subadditivity . Since ‹`v_2(𝒜_{DD'}) = δ(D ∖ D')`› → ‹`v_2(𝒜_{DD'})` is› exactly , the terms…
  [insert] …. Since `v_2(𝒜_{DD'}) = δ(D ∖ D')` exactly ‹› → ‹`δ(D ∖ D')`› , the terms `j ≥ 1`…
### block 98: v4 926-926 / v5 928-928: TYPO-ONLY
### block 99: v4 930-931 / v5 932-933: TYPO-ONLY
### block 100: v4 934-935 / v5 936-937: CONTENT-DIFF
  [insert] …`ϑ ∈ 𝒦` is unique . ‹› → ‹The set› `𝒦` is a ring…
### block 101: v4 938-938 / v5 940-940: TYPO-ONLY
### block 102: v4 940-941 / v5 942-945: CONTENT-DIFF
  [insert] …`2` , the coefficient ‹› → ‹`Σ_{n≥j} c_n C(n, j)(−2e)^{n−j}`› of `X^j` in `χ̃`…
  [replace] …`X^j` in `χ̃` is ‹`Σ_{n≥j} c_n C(n, j)(−2e)^{n−j} ≡ c_j`› → ‹`≡ c_j`› , and `2χ(−2e) ∈ 4Z_2` ;…
  [insert] …shift - invariant . ‹› → ‹Finally ,› `Θ(ϑ) = 0` means `a` ,…
### block 103: v4 954-954 / v5 958-958: TYPO-ONLY
### block 104: v4 956-956 / v5 960-960: TYPO-ONLY
### block 105: v4 967-967 / v5 971-971: CONTENT-DIFF
  [insert] …whatever its payments ( ‹› → ‹proof of› Lemma 10 . 6…
### block 106: v4 975-975 / v5 979-979: TYPO-ONLY
### block 107: v4 977-977 / v5 981-981: CONTENT-DIFF
  [insert] …forms agree , and ‹› → ‹the cokernels follow from› Proposition 10 . 7…
  [delete] …Proposition 10 . 7 ‹gives the cokernels› → ‹› . ∎…
### block 108: v4 988-988 / v5 992-992: TYPO-ONLY
### block 109: v4 992-992 / v5 996-996: TYPO-ONLY
### block 110: v4 994-994 / v5 998-998: CONTENT-DIFF
  [insert] …factor `2q + 2` ) . ‹› → ‹Next ,› `β` changes to `β + 2δ'`…
  [insert] …( commutativity ) . ‹› → ‹The inverse› `π^{−1}` changes by `−2π^{−2}δ'' (mod 4)`…
### block 111: v4 998-998 / v5 1002-1002: TYPO-ONLY
### block 112: v4 1000-1000 / v5 1004-1004: TYPO-ONLY
### block 113: v4 1002-1002 / v5 1006-1006: TYPO-ONLY
### block 114: v4 1012-1012 / v5 1016-1016: TYPO-ONLY
### block 115: v4 1027-1028 / v5 1031-1032: TYPO-ONLY
### block 116: v4 1030-1030 / v5 1034-1034: CONTENT-DIFF
  [insert] …with `W_± = ±(I − M_w(·)N_±)^{−1}` . ‹› → ‹The set› `2·Mat(Z_2)` is closed ,…
### block 117: v4 1036-1036 / v5 1040-1040: CONTENT-DIFF
  [insert] …The odd part is ‹› → ‹given by› [ GMMY24 , Proposition…
### block 118: v4 1038-1038 / v5 1042-1042: CONTENT-DIFF
  [replace] …The mod - ‹`2`› → ‹2› layer . Let `L̄`…
### block 119: v4 1044-1044 / v5 1048-1048: TYPO-ONLY
### block 120: v4 1048-1048 / v5 1052-1052: TYPO-ONLY
### block 121: v4 1061-1061 / v5 1065-1065: CONTENT-DIFF
  [insert] …Theorem 4 . 4 ‹› → ‹; of 5 . 4 , the formula for the clocks `u_0(D)` , `D ≠ ∅`› ) ; code `gate_sections5to7.py`…
  [insert] …4 | 109 200 ‹› → ‹matrix entries› · 14 560 ·…
  [insert] …200 · 14 560 ‹› → ‹clocks› · 301 entries ,…
  [replace] …14 560 · 301 ‹entries› → ‹clocks› , 0 failures |…
### block 122: v4 1074-1074 / v5 1078-1078: CONTENT-DIFF
  [replace] …as stated there | ‹—› → ‹none› |…
### block 123: v4 1076-1076 / v5 1080-1080: CONTENT-DIFF
  [insert] … ‹› → ‹The folder› `remark2/` contains three engines…
### block 124: v4 1080-1080 / v5 1084-1084: CONTENT-DIFF
  [replace] … ‹Five› → ‹Six› readers of the project…
  [insert] …' s record . ‹› → ‹As in § 12 . 1 , « none » means that the row has no control ; « fires » means that the reader ' s control failed , as it must .› …
### block 125: v4 1087-1087 / v5 1091-1091: CONTENT-DIFF
  [replace] …entry by entry | ‹—› → ‹none› |…
### block 126: v4 1096-1098 / v5 1100-1102: CONTENT-DIFF
  [delete] …the 7 634 cells ‹with `i ≥ 1`› → ‹› of the row above…
  [replace] …of the row above ‹( 7 874 less› → ‹other than› the 240 with `i = 0`…
  [insert] …the 240 with `i = 0` ‹› → ‹and `I ≠ ∅` ( the 7 620 with `i ≥ 1` , and the 14 with `i = 0` and `I = ∅` , where `M = 0`› ) | no non…
  [replace] …integral level set | ‹—› → ‹none› | | Lemma 7…
  [replace] …) ; penalties `P_r, P_c ≤ 4` ‹for› → ‹on the 8 001 houses with› `k ≤ 6` ( 192 024…
  [insert] …penalties `P_r, P_c ≤ 4` for `k ≤ 6` ‹› → ‹that have a boundary› ( 192 024 cells…
  [insert] …| 0 failures | ‹› → ‹for the integrality :› the raw clocks with…
  [insert] …in 2 316 of ‹› → ‹the› 9 880 cells |…
  [insert] …of 9 880 cells ‹› → ‹with `I ≠ ∅` and `i ≥ 1` ; none for ( H ) and Lemma 7 . 5› |…
### block 127: v4 1107-1107 / v5 1111-1112: CONTENT-DIFF
  [replace] …a measurement ) | ‹—› → ‹none› |…
  [insert] …) | — | ‹› → ‹| the cells of the rows of readers 4 and 5 ; Lemma 7 . 9 on houses and on the cells of § 1 . 2 | 6 | `λ ≤ 127` , `i ≤ 30` , `α = 1, 2` ; houses with `k ≤ 6` , `α ≤ 3` ; `λ ≤ 255` , `i ≤ 40` | 7 874 cells : 254 with `i = 0` ( 240 with `I ≠ ∅` ) , 7 620 with `i ≥ 1` ; 16 380 houses and 10 455 cells , no non - integral fit | the controls of reader 5 reproduced : 1 942 of 16 380 houses , 2 316 of 9 880 cells |› …
### block 128: v4 1111-1113 / v5 1116-1119: CONTENT-DIFF
  [insert] …by a fifth reader ‹› → ‹, and the changes of version 4 by a sixth› ( Appendix A )…
  [insert] …versions 2 , 3 ‹› → ‹, 4› or 4 . Lemma…
  [replace] …2 , 3 or ‹4› → ‹5› . Lemma 7 .…
  [delete] …4 , audited , ‹not yet› → ‹› read cold : the…
  [insert] …mathematical statement changed . ‹› → ‹- Changed in version 5 , audited , not yet read cold : the corrections of the sixth reading and the typesetting ( Appendix A ) . No mathematical statement changed .› …
### block 129: v4 1115-1115 / v5 1121-1121: CONTENT-DIFF
  [replace] …the changes of version ‹4› → ‹5› ; a human referee…
### block 130: v4 1139-1141 / v5 1145-1148: CONTENT-DIFF
  [insert] …. It also found ‹› → ‹, with a two - line proof ,› that the fit of…
  [delete] …. - Version 3 ‹( this text )› → ‹› states that integrality as…
  [insert] …( § 12 ) ‹› → ‹, but three ranges were printed wider or vaguer than the code ran› . Its changes were…
  [replace] …. - Version 4 ‹( this text ) makes› → ‹made› those corrections and sets…
  [insert] …) makes those corrections ‹› → ‹, except two defects of typesetting ( a short page in § 1 ,› and sets the mathematics…
  [replace] …makes those corrections and ‹sets› → ‹a break inside a formula of § 10 . 5 ) , and set› the mathematics anew :…
  [insert] …No mathematical statement changed ‹› → ‹. The three ranges of § 12 were corrected ; § 12 . 2 gained the two rows of the fifth reader ; and the row of the fourth reader ' s check of Lemma 7 . 9 gained a parenthesis , composed by the author and not checked by the fifth reader , which was wrong . Its changes were read cold on 5 October 2026 ( cold reader 6 ) by a reader with no access to the flights , the audits or the earlier readings , who compared every changed passage with version 3 by a script with a control , re - derived every new sentence , re - counted the cells of § 12 with its own code , and looked at every page of the pdf : the mathematics of every change holds , with no gap and no error . It found one false number ( the 7 634 cells of the fourth reader ' s row are not the cells with `i ≥ 1` : they are the 7 620 with `i ≥ 1` and the 14 with `i = 0` and `I = ∅` ) , one false sentence ( version 3 was still called « this text » ) , inexact sentences in this record and in § 12 , points of presentation , and defects of typesetting in 32 kinds : bars and hats placed off their letters , no page numbers , stray bold words , matrices written as lists , breaks inside short formulas , the number sets in italic , the end - of - proof mark from another font , and loose lines . - Version 5 ( this text ) makes those corrections and sets the page anew : accents centred over their letters , the number sets in double - struck letters , matrices as matrices , limits under `max` and `min` in displays , enlarged brackets around sums with limits , page numbers , the end - of - proof mark at the right margin , tables with horizontal rules only , no sentence of the running text beginning with a formula , no break inside a short formula , a short bracket group , a pure tensor or a citation , and fourteen passages reworded to remove loose lines . Left as they are : two lines that carry a small matrix in the text keep wide word spaces ; a statement set right after its bold label may begin with a formula ; and short last lines of paragraphs are kept , as TeX keeps them ( the end - of - proof mark never stands alone on a line ) . No mathematical statement changed› , and no number…
  [replace] …number , except the ‹ranges› → ‹description› of § 12 that…
  [delete] …except the ranges of ‹§ 12 that› → ‹› the fifth reader checked…
  [replace] …§ 12 that the ‹fifth reader checked against the code› → ‹7 634 cells› . Its changes have…
### block 131: v4 1155-1155 / v5 1162-1162: CONTENT-DIFF
  [insert] …, 316 – 325 ‹› → ‹; arXiv : 1308› .…
  [insert] …316 – 325 . ‹› → ‹2335 .› …
### block 132: v4 1158-1158 / v5 1165-1165: TYPO-ONLY
### block 133: v4 1163-1163 / v5 1170-1170: TYPO-ONLY
### block 134: v4 1167-1167 / v5 1174-1174: CONTENT-DIFF
  [insert] …Paper No . e11 ‹› → ‹; arXiv : 2012› .…
  [insert] …No . e11 . ‹› → ‹15235 .› …
### block 135: v4 1170-1170 / v5 1177-1177: CONTENT-DIFF
  [insert] …, 10 – 40 ‹› → ‹; arXiv : 1301› .…
  [insert] …10 – 40 . ‹› → ‹2977 .› …
TOTAL blocks=135 typo_only=68 content_diff=67
VIGIA-FIN-OK exit=0 pico_kb=3968 t=0s
