statements found in the md: 75
Main Theorem                 missing in pdf: {'ŷ': 1} | extra in pdf: {}
Theorem DW                   missing in pdf: {'̄': 2} | extra in pdf: {}
Corollary 1.4                missing in pdf: {'̄': 2} | extra in pdf: {}
Lemma 3.3                    missing in pdf: {"'": 2} | extra in pdf: {'3': 1, '1': 1, '’': 2}
Proposition 4.1              missing in pdf: {'⁄': 1} | extra in pdf: {}
Proposition 5.2              missing in pdf: {} | extra in pdf: {'r': 2, 'o': 1, 's': 1, 'i': 1, 'n': 1, '.': 1, '(': 1, 'e': 3, 'f': 1, ')': 1, 'd': 2, 'b': 1, 'v': 1, 'K': 1, '+': 2, '−': 1, '1': 1, 'B': 1, 'y': 1, 'L': 1, 'g': 1, '’': 1}
Proposition 5.4              missing in pdf: {} | extra in pdf: {'2': 1, '0': 1}
Lemma 6.1                    missing in pdf: {'̂': 1} | extra in pdf: {'ˆ': 1}
Corollary 6.3                missing in pdf: {'̂': 1} | extra in pdf: {'ˆ': 1}
Theorem 6.5                  missing in pdf: {'ŷ': 2, '̂': 1} | extra in pdf: {'y': 2, 'ˆ': 3}
Theorem 7.4                  missing in pdf: {'ĉ': 2, 'ŷ': 2} | extra in pdf: {'T': 2, 'h': 3, 'e': 4, 'o': 1, 'r': 6, 'm': 1, '.': 1, '(': 3, ')': 3, 'L': 1, 't': 6, 'a': 4, 'c': 4, 'l': 1, 'v': 1, 's': 4, 'ˆ': 5, ',': 1, 'n': 2, 'i': 2, 'y': 4, 'g': 1, ';': 1, 'D': 2, '=': 1, 'Y': 2, 'Σ': 1, '∈': 1, '≥': 1}
Lemma 7.6                    missing in pdf: {} | extra in pdf: {'e': 2, 'a': 1, '.': 1, '(': 6, 't': 9, ')': 6, 'E': 7, 'I': 1, ',': 1, 'c': 3, '∈': 3, '0': 1, '1': 1, 'n': 2, 'd': 1, '=': 4, '[': 1, ']': 1, 'T': 2, 'k': 1, 'κ': 1, '∨': 1, '∧': 2, 'H': 3, 'R': 1, 'Σ': 2, 'τ': 1, '−': 1, '·': 1, '∉': 1, 'J': 1}
Theorem 7.8                  missing in pdf: {'ŷ': 2, 'ĉ': 1} | extra in pdf: {'h': 7, 'e': 18, 'o': 5, 'r': 16, 'm': 3, '.': 3, '(': 8, ',': 3, 't': 19, 'f': 4, 'l': 3, ')': 8, 'v': 1, 'y': 4, 'u': 3, 's': 9, 'H': 5, '=': 3, 'k': 3, 'α': 1, 'ˆ': 4, 'b': 6, 'i': 13, 'n': 10, 'g': 1, 'x': 2, 'a': 15, 'c': 8, ':': 2, '2': 2, 'w': 2, '−': 1, ';': 1, 'd': 6, '≤': 1, 'C': 1, 'J': 2, '1': 2, '≠': 1, '∅': 2, '[': 1, '≥': 1, ']': 1, '0': 1, 'Λ': 1, '|': 2}
Theorem 7.10                 missing in pdf: {'ŷ': 4} | extra in pdf: {'y': 4, 'ˆ': 4}
Lemma 9.1                    missing in pdf: {} | extra in pdf: {'2': 1, '8': 1}
Lemma 9.9                    missing in pdf: {} | extra in pdf: {'1': 1, '3': 1}
Corollary 10.2               missing in pdf: {'̄': 2} | extra in pdf: {}
Proposition 10.3             missing in pdf: {'̄': 1} | extra in pdf: {'3': 1, '2': 1}
Lemma 10.4                   missing in pdf: {'̄': 1} | extra in pdf: {}
Lemma 10.5                   missing in pdf: {'̄': 1} | extra in pdf: {'3': 2}
Proposition 10.7             missing in pdf: {} | extra in pdf: {'P': 1, 'o': 2, 'i': 3, 't': 3, 'n': 4, 'e': 1, 'a': 2, '(': 1, ')': 1, 'h': 1, 'd': 2, ',': 1, 'S': 1, 'C': 1, 'g': 1}
Lemma 10.8                   missing in pdf: {} | extra in pdf: {'e': 6, 'a': 1, '1': 1, 'i': 8, 'n': 4, 'v': 2, 'r': 2, 's': 4, 'b': 3, 'l': 3, 'o': 3, 'c': 2, 'k': 1, 'S': 1, 't': 4, 'd': 1, 'h': 2, 'f': 1, ',': 2, '−': 1, 'G': 2, 'w': 1, 'C': 1, 'P': 1, ';': 1}
Lemma 10.10                  missing in pdf: {'/': 1} | extra in pdf: {}
Lemma 10.13                  missing in pdf: {'ā': 1, '̄': 1} | extra in pdf: {'a': 1}
Corollary 10.17              missing in pdf: {'̄': 1} | extra in pdf: {}
Lemma 10.20                  missing in pdf: {} | extra in pdf: {'0': 1, '4': 1}
Theorem 10.22                missing in pdf: {'̄': 1} | extra in pdf: {}
statements with a difference: 27 of 75
FIN-OK
VIGIA-FIN-OK exit=0 pico_kb=8384 t=0s
