p1 END-BAD   [...tions of its entries. It needs a unique cheapest matching for an upper bound and]
p1 END-BAD   [...Yuen on the largest factors, and we prove their Conjectures 4.14 and 5.4 and the]
p1 END-BAD   [...ctor stated in the 2019 poster of three of them. We also prove the fold law: the]
p1 END-BAD   [... With the results above this gives the whole 2‑part of the sandpile group of the]
p1 END-BAD   [...e known odd part, its whole sandpile group. This work has not been refereed by a]
p2 END-BAD   [...DW were read cold before this text was written, by readers with no access to the]
p2 END-BAD   [...ext was read cold as a whole on 5 October 2026 by a reader with no access to the]
p2 END-BAD   [...Lemma 10.6(a), harmless because its only use is for an even system), two rows of]
p2 END-BAD   [...code, and points of presentation; it also found, with a two-line proof, that the]
p3 END-BAD   [...the full structure of the 2-primary component of both the critical group and the]
p3 END-BAD   [...𝑛‑cube remain unknown»). Chandler, Sin and Xiang computed the Smith group of the]
p3 END-BAD   [..., Kostiuk and Yuen observed that for Cayley graphs of 𝔽 «the 2-Sylow subgroup of]
p3 END-BAD   [...ension 2 𝑘 − 1 and 2 𝑘 [GMMY24, Conjecture 5.4], and wrote that «determining the]
p3 END-BAD   [...seems out of reach at this moment». The (𝑛 + 1)‑th factor was conjectured on the]
p3 END-BAD   [...in the binary expansion of 𝑥 ≥ 0, 𝑣 the 2‑adic valuation, and]
p4 END-BAD   [...le tilting module 𝑇(𝜆) of SL in characteristic 2 in the tensor power 𝑉 ⊗𝑛 of the]
p4 END-BAD   [...integer) and]
p4 END-BAD   [...easing (adjacent blocks with equal means are merged) and each block value is the]
p4 END-BAD   [...mod 𝑝 copies of ⌈𝑆/𝑝⌉ followed by 𝑝 − (𝑆 mod 𝑝) copies of ⌊𝑆/𝑝⌋. In the cube the]
p4 END-BAD   [... + 1, 𝑘 = 2, 𝐼 = {0, 1}, ℎ = ℎ = 1), shift 0: small clocks {1: 4}; raw clocks of]
p4 END-BAD   [...𝐼 = {0}, ℎ = 2), shift 1: small clocks {1: 2}; raw clocks 𝜑(5) + 𝜅(0, 5) = 5 and]
p4 END-BAD   [... 1, 𝐼 = {0}, ℎ = 1), shift 2: no small clocks; raw clocks 𝜑(3) + 𝜅(1, 3) = 5 and]
p5 END-BAD   [...once for each pair of words, one from each, that differ in one letter. It is the]
p5 END-BAD   [... literature on interconnection networks the «folded hypercube 𝐹𝑄 » is 𝑄 with the]
p5 END-BAD   [...our folded cube in dimension 𝑚 + 1: our folded 𝑛‑cube 𝑄 /⟨𝟙⟩ is 𝐹𝑄 . We keep the]
p6 END-BAD   [...[Bai03, Theorems 1.1, 1.3]). Syl 𝐾(𝑄 ) has exactly 2 𝑛−1 − 1 cyclic factors, and]
p6 END-BAD   [...⋯ for the exponents of the cyclic factors of Syl 𝐾(𝑄 ), in decreasing order, and]
p6 END-BAD   [...max (𝑥 + 𝑣 𝑥). (Gao et al. write 𝑐 (𝑄 ) for the 𝑖‑th largest invariant factor of]
p6 END-BAD   [...with the same multiplicity, and each of its dancers becomes two dancers with the]
p6 END-BAD   [...n the basis 𝑠 = ∏ (1 − 𝑥 ) it becomes 𝑈 + 2𝐷, with 𝑈 the raising operator of the]
p6 END-BAD   [...n Φ(𝑁) half of the relations have unit pivots; eliminating them leaves twice the]
p6 END-BAD   [...⊗ Φ(𝑁) the same happens with two coupled «dancers». After 𝑘 moves 𝑋(𝜆, 𝑖) is the]
p7 END-BAD   [...h has a unique cheapest matching (Theorem O); that valuation is a partial sum of]
p7 END-BAD   [...to both. Every move stays clean because the coefficients of every level lie in a]
p7 END-BAD   [...t vanish modulo 2 (Theorem 10.15). The perturbation then changes no valuation of]
p8 END-BAD   [...the Schur complement, divide by 2. The split move first separates the]
p9 END-BAD   [... the start each floor 𝑑 pays the even amount 2 𝛼 (𝑖 + 𝑑); each move replaces the]
p9 END-BAD   [... floors by minus half their product, so every payment stays even; at the end the]
p9 END-BAD   [...t (Proposition 3.1(c)), and the cokernel of the Laplacian modulo 2 sees only the]
p9 END-BAD   [...he 2‑part. Over ℤ — wet — the twist has an integral form, the lattice Φ(𝑇(𝑙)) of]
p9 END-BAD   [...of our knowledge, after a search of the literature up to October 2026 (arXiv and]
p9 END-BAD   [...dd part of every Cayley graph of 𝔽 𝑟 , their Proposition 2.12 the 𝔽 ‑rank of the]
p10 END-BAD   [... of abelian covers [VZ24], and Len and Zakharov the order of the Prym group of a]
p10 END-BAD   [...give orders, not group structure. Akyar et al. recall that the exact sequence of]
p10 END-BAD   [... odd grids have fixed vertices, so their fold is not a regular double cover, and]
p10 END-BAD   [...egral description with fixed vertices explain both the folded all-ones class and]
p10 END-BAD   [...e was obtained earlier, we would be grateful to be told, and we will correct the]
p11 END-BAD   [...write the adjacency matrix [CSX17, §5, (5)]. Since (ℤ ⊕ 𝐾) ⊗ ℤ ≅ ℤ ⊕ Syl 𝐾 for a]
p11 END-BAD   [...𝐻(𝐻 − 1)⋯(𝐻 − 𝑟 + 1)/𝑟! [Kos66], [Hum72, §26]; it is the distribution algebra of]
p11 END-BAD   [... every weight of 𝑋 with 𝑐 ≡ the weights (mod 2): the floor of a weight vector of]
p11 END-BAD   [...the cokernel of an endomorphism that preserves a direct sum decomposition is the]
p11 END-BAD   [...𝑉 (the dual basis of 𝑏 , 𝑏 ). The dual Weyl lattice is ∇ (𝜆) := Δ (𝜆) 𝜄 ; in the]
p12 END-BAD   [...he free 𝐴‑module Φ(𝑁) := 𝑏 ⊗ 𝑁 ⊕ 𝑏 ⊗ 𝑁 (we write 𝑏 𝑛 for 𝑏 ⊗ 𝑛) define, for 𝑛 of]
p12 END-BAD   [... acts on 𝑁; on a vector of weight 𝑤, Ω − 𝐻 2 = 4𝐹𝐸 + 2𝑤 + 1. For a morphism 𝑓 of]
p13 END-BAD   [...f Φ(∇ (𝜇)) by weight: 𝑏 𝑤 (index 2𝑠), 𝑏 𝑤 (index 2𝑠 + 1). Then 𝐹(𝑏 𝑤 ) = 𝑏 𝑤 and]
p13 END-BAD   [...𝑤 , while in ∇ (2𝜇 + 1), 𝐹𝑤 = (2𝜇 + 1 − 𝑅)𝑤 , that is 2𝜇 + 1 − 2𝑠 for 𝑅 = 2𝑠 and]
p13 END-BAD   [...-dimensional 𝑈 ‑module with the character of a simple module is simple; and on a]
p13 END-BAD   [...ojection onto the weight space of weight 𝑤 is 𝑃(𝐻), where 𝑃 is the polynomial of]
p14 END-BAD   [... (𝜇) lie in [−𝜇, 𝜇] ⊆ [−𝜆, 𝜆]: Lemma 3.2. If 𝜇 > 𝜆, the duality 𝜄 identifies the]
p14 END-BAD   [...y 2) gives the exact sequence Hom(𝑀, 𝑁) → Hom(𝑀, 𝑁 ⊗ 𝔽 ) → Ext 1 (𝑀, 𝑁) = 0, and]
p14 END-BAD   [... 𝑓 and its inverse to 𝑓: 𝑋 → 𝑌, 𝑔: 𝑌 → 𝑋 (Lemma 3.3). Then 𝑔𝑓 ≡ 1 (mod 2) in the]
p14 END-BAD   [... pair {𝑝, 𝐹𝑝} spans a copy of 𝑉: Δ(3) ⊥ ≅ 𝑉 2 . The construction in the proof of]
p15 END-BAD   [...ey can be read off by peeling the characters above off (𝑒 + 𝑒 −1 ) 𝑛 [TW21], and]
p15 END-BAD   [... of 𝑉 ⊗2 in characteristic 2 [Lar24, §2]; iterating Larsen’s rule reproduces the]
p15 END-BAD   [... by floors 0, 1, …, 𝑓 , on which 𝐹 maps floor 𝑓 into floor 𝑓 + 1. A payment is a]
p15 END-BAD   [...max]
p15 START-OP  [≥0]
p15 ALONE     [≥0]
p16 START-OP  [− [ 𝜋 (2𝑓 + 1)𝐾 (2𝑓) + 𝐾 (2𝑓 + 1)𝜋 (2𝑓) + 𝐾 (2𝑓 + 1)𝐾 (2𝑓) ] 𝑏 𝑛𝜄 ,]
p16 END-BAD   [...ors 2𝑓, 2𝑓 + 1, 2𝑓 + 1, 2𝑓 + 2. They form a basis of 𝑁 over the bases of 𝑁′, and]
p16 END-BAD   [... on 𝑁′ with slots (𝑠, 𝐴), (𝑠, 𝐶), ordered lexicographically with 𝐴 before 𝐶, and]
p16 END-BAD   [...1), 𝐾 ′′(𝑢,𝐶),(𝑠′,𝐴) (𝑓) = −𝐾 (2𝑓 + 1) (𝑢 > 𝑠′), and there is no coupling from a]
p16 START-OP  [− 2𝜋 (2𝑓 + 1)𝐶 𝜄 − 2 ∑ 𝐾 (2𝑓 + 1)𝐶 𝜄 ,]
p17 END-BAD   [...and]
p17 END-BAD   [...) is the grading of Propositions 4.1–4.2: for instance 𝑏 𝑛 has weight 2𝑤 + 1 and]
p17 END-BAD   [...2 = 𝑙 − 𝑤 = 2𝑓. So the moves can be applied digit by digit, and 𝑇(0) = 𝐴 has the]
p17 END-BAD   [...n infinite one stays ℤ ). The dancers are the subsets 𝐷 ⊆ 𝐼: a split move at the]
p17 END-BAD   [...each 𝐷 ⊆ 𝐼 , couplings only from 𝐷′ to 𝐷 ⊋ 𝐷′, and]
p17 END-BAD   [...𝑓) = 𝜋 (𝑓), 𝑐 = 1. In the formula of Proposition 4.1, each of the three kinds of]
p17 END-BAD   [...e values of 𝜋 over two adjacent windows of level ℎ, whose union is the window of]
p17 END-BAD   [...ordered decompositions 𝐷 ∖ 𝐷′ = Δ ⊔ Δ (the intermediate slot is 𝑈 = 𝐷′ ⊔ Δ ; the]
p18 END-BAD   [...s proves the recursion. Put 𝑦 := 2 𝑥 and 𝑐 = −2 𝑞 . Then 𝑐 = 1 gives 𝑞 = −1, and]
p18 END-BAD   [...to 𝑦 Δ , and]
p18 END-BAD   [...decompositions Δ = Δ ⊔ Δ into non-empty parts. One of min Δ , min Δ is 𝜇 and the]
p18 END-BAD   [...em 3.8, ℤ ⊕ Syl 𝐾(𝑄 ) is the direct sum, over the families 𝜆, of 𝑚 (𝑛) copies of]
p19 END-BAD   [... + 1 rows (with equality, for instance, when 𝜆 = 2 𝑘+1 − 2), against 2 𝑛 for the]
p19 END-BAD   [...n Δ = ∑ ℎ (the gaps telescope), and the digits 𝑡 ≥ min Δ of 𝐼 are those of Δ and]
p19 END-BAD   [...), ∑ 𝑣 (𝑚 + 1 + 𝑑) = (𝑦 − 𝑥) − 𝑠 (𝑚 + 𝑦) + 𝑠 (𝑚 + 𝑥). With 𝑥 = 𝑜 , 𝑦 = 𝑜 + 𝐾 and]
p20 END-BAD   [...a constant of the cell, plus a row term read from the carries of 𝑚 + 𝑜 , minus a]
p20 END-BAD   [...ositions 𝑡 + 1, …, next(𝑡) − 1, which lie in [0, 𝑘) ∖ 𝐼, and stops at next(𝑡), a]
p20 START-OP  [= 𝐾 + 𝑜 − 2𝑜 + 𝑘 − |𝐼| + 2|𝐷| + 𝐺(𝐷) − 𝐺(𝐸),]
p20 END-BAD   [...Step 3. 𝑥 = 𝜓(𝐷) − 𝜅(𝑚, 𝑜 ) − 𝜓(𝐸) + 𝜅(𝑚 + 𝐾, 𝑜 ), and]
p21 END-BAD   [...ap 𝐷 ↦ 𝐼 ∖ 𝐷 reverses the o‑order. Put 𝐿 := {𝐷 , …, 𝐷 } (the last 𝑟 dancers) and]
p21 END-BAD   [... of the remaining 𝑠 − 1 bits. Removing the top bit of the rows gives exactly the]
p22 END-BAD   [...increment of 𝑑 in (𝑟 , 𝑟 * ] is at least 𝑞 + 1, hence so is every later one, and]
p22 END-BAD   [...asing, 𝑌(𝑟) is the sum of the 𝑟 smallest values of 𝑦 , and the exponents are the]
p22 END-BAD   [...sts and is unique (projection onto a closed convex cone). Its level sets are the]
p23 END-BAD   [... · 𝑧), the values by 𝑆 mod 𝑝 copies of ⌈𝑆/𝑝⌉ followed by 𝑝 − (𝑆 mod 𝑝) copies of]
p23 END-BAD   [...on-increasing. Then ‖𝑥 − 𝑦‖ 2 = ‖𝑥 − 𝑧‖ 2 + ‖𝑧 − 𝑦‖ 2 + 2∑ (𝑥 − 𝑧 )(𝑧 − 𝑦 ), and]
p23 END-BAD   [...fit(𝑥) . A position 𝑏 with fit(𝑥) > fit(𝑥) is always a cut, since Lemma 7.1 is a]
p23 END-BAD   [...catenation is a level set of one piece, or the union of a final level set of the]
p23 END-BAD   [...one of the second with the same value; Lemma 7.1 for the pieces gives it for the]
p23 START-OP  [≥𝑏]
p23 END-BAD   [...t of an antisymmetric sequence is antisymmetric, and so is its integer fit (on a]
p23 END-BAD   [...um −𝑆 the rule gives 𝑝 − (𝑆 mod 𝑝) copies of −⌊𝑆/𝑝⌋ followed by −⌈𝑆/𝑝⌉); hence a]
p24 END-BAD   [... 𝑃 ∪ 𝑃 * with value 0, where 𝑃 = {𝑍 ≤ 0} is a final segment of the first half, a]
p24 END-BAD   [...s also ℓ. (One of the two penalties is 0: the bit 𝑘 is 1 in exactly one of 𝑚 and]
p25 END-BAD   [...) + ℎ if 𝑐 ∉ Δ ≠ ∅, and 𝛾 (Δ ∪ {𝑐}) = 𝛾 (Δ ). Consequently the first half of the]
p26 END-BAD   [... ≢ 0: the boundary 𝑏 of 𝐽 is the boundary of 𝐽′ in the first half. Saturation of]
p26 END-BAD   [...it(𝑥 ) restricted to the first half is 𝑍 , and Lemma 7.2(c) gives the cut at the]
p26 START-OP  [−𝑋 (𝐼′) = − 𝑦 ˆ ′(𝐼′) + 𝜏 + [𝑇 = 1]𝜅𝐽′(𝐼′) − [𝑇 = 0]𝜅𝐽′(∅) ≤ 𝛼(2 𝑐 − 1) + ℎ − 𝛼2 𝑐 = ℎ − 𝛼.]
p27 END-BAD   [... every house the real fit of 𝑥 takes integer values. So does the real fit of the]
p28 END-BAD   [... 𝑀(𝜆, 0) is zero, so the Smith exponents are ∞ and those of the submatrix 𝑀 ♯ of]
p28 END-BAD   [...lf, and the fit and the integer fit of 𝑥 ♯ (the sequence without ∅) are those of]
p28 END-BAD   [...ns 𝐹 , and every entry of 𝑀 ♯ in the support is non-zero, because no window of a]
p28 END-BAD   [...8. Proof of the Main Theorem]
p28 END-BAD   [...0 (with 𝛼 = 1) the Smith exponents of 𝑀 are 𝐾 + 𝜅(𝑚, 𝐾) + 𝑦 ˆ , where 𝑦 ˆ is the]
p29 END-BAD   [...𝜉 ≥ 1, and 𝜅 ≥ 0. If 𝜉 = 𝐾 + 𝑜 − 𝑜 = 1, then, since 𝑜 ≤ 𝑜 < 𝐾, we need 𝑜 = 0 and]
p29 END-BAD   [...𝑁 by clearing some of its lowest set bits, not all of them. (c) 𝑌 , …, 𝑌 are the]
p29 END-BAD   [.... So 𝑅 = 𝑅 = 𝜓 and the cell is its base cell. In the proof of Theorem 7.8 at the]
p30 END-BAD   [...clocks are those of the house 𝐻 ♯ = (𝐼, 𝑘, 𝐾 − 1, 1), shifted by 𝑘 + 𝐾, with the]
p30 END-BAD   [...(∅) = 2 𝑡 1 and 𝑦 ˆ ({𝑡 }) = −2 𝑡 1 . At every level 𝑗 ≥ 2 a dancer 𝐷 ≠ ∅ of the]
p30 END-BAD   [...(b), let 𝑏 ≥ 2 be the largest index with 𝑡 ∈ 𝐷: at level 𝑏 the value is ≤ 0, and]
p30 END-BAD   [... ≤ 𝑝 − 𝑣 (𝐵). A carry leaves bit 𝑝 − 1, so (𝑎 mod 2 𝑝 ) + (𝐵 mod 2 𝑝 ) ≥ 2 𝑝 and]
p30 END-BAD   [...only at strict cuts (Lemma 7.2(b)). The first level set of the first half is the]
p30 END-BAD   [...ue is positive; otherwise 𝑍 ≤ 0 on the whole first half, the fit vanishes on the]
p30 END-BAD   [...eorem 7.8, (Cut), and Lemma 7.2(b)); this is where strictness is needed, since a]
p30 END-BAD   [... is not strict, inside the head, would split it. So the largest big clock is the]
p30 END-BAD   [... 𝐷 ⊆ 𝑃 each digit of 𝑃 lies in half the sets, so the mean of 2𝜓(𝐷) is 𝜓(𝑃 ), and]
p30 END-BAD   [...he weight multiplicities of 𝑉 ⊗𝑛 , 𝐶(𝑛, 𝑗) at 𝑛 − 2𝑗, are ∑ 𝑚 (𝑛) mult 𝑇(𝜆), and]
p31 END-BAD   [...⟺ 𝑛 even, and for odd 𝑛, 1 ∈ 𝐼 ⟺ 𝑛 ≡ 1 (mod 4). Peeling at the weights 𝑛 − 2 and]
p31 END-BAD   [...ly 𝐺: there 𝑚 = 1, 0 ∉ 𝐼 (𝜆 odd), and as in Proposition 9.3 no carry is born and]
p31 END-BAD   [...≥ 1. In the cube 𝑁, 𝑢(𝐷) = 2 𝑒 − 2𝐽 + 𝑣 (𝐽) + 𝑠 (𝐽) + ℎ(𝐷). In the cube 𝑛, for a]
p32 END-BAD   [...Lemma 9.8 and Theorem 9.10, the raw sequence of (𝜆 + 1, 𝑖) in o‑order is that of]
p32 END-BAD   [...e the floor of a pure tensor is its number of letters 𝑏 , (𝑛 − 𝐻)/2. On 𝑇(𝜆) the]
p33 START-OP  [−1 𝑗 −1 𝑃 𝑄]
p33 END-BAD   [...y Proposition 4.1 with 𝛼 = 1, 𝑋(𝜆, 𝑗) ≅ coker(2𝐺′), with 𝐺′ = 𝐹 + 𝜋′(𝐷) on 𝑁 and]
p33 START-OP  [−1 −1]
p33 END-BAD   [...d conjugation by the floor units 𝑠(𝐷) with 𝑠(𝑓 + 1) = −𝑢 𝑠(𝑓) turn 𝐺′ into Σ and]
p33 START-OP  [−1 1 0]
p34 END-BAD   [... 1 + 𝜏 , so 𝑋(𝜆, 𝑖) ≅ 𝑀/((1 + 𝜏 ) 2 − 1)𝑀 = coker(𝜏 (𝜏 + 2)). With 𝐽 = 𝐷 + 𝑖 and]
p34 END-BAD   [...y the proof of Lemma 10.4(a) every 𝑤 ∈ 𝐴[𝜏 , 𝑎 ] has the circulant matrix in the]
p34 START-OP  [− +]
p34 START-OP  [+ − 𝑀]
p34 START-OP  [− 𝑖+1 + 𝑖 𝑖 − 𝑖+1 𝑖+1]
p34 END-BAD   [... not payment systems: they carry the divided powers 𝐹 (𝑚) , 𝑚 ≥ 2. We extend the]
p34 START-OP  [≥0 2]
p34 END-BAD   [...is that of 𝐹 (𝑎) 𝐹 (𝑏) = 𝐶(𝑎 + 𝑏, 𝑎)𝐹 (𝑎+𝑏) and 𝐹 (𝑎) 𝑝(𝐷) = 𝑝(𝐷 − 𝑎)𝐹 (𝑎) for a]
p34 END-BAD   [...Proposition 3.1(b) writes the action of 𝑥 ∈ 𝔅 in the slots 𝑏 ⊗ 𝑁′, 𝑏 ⊗ 𝑁′ as the]
p35 END-BAD   [... 1 ⊗ 𝐹 (𝑚) + 𝐹 ⊗ 𝐹 (𝑚−1) and the floor of 𝑏 ⊗ 𝑦 is 𝑣 plus the floor of 𝑦. So the]
p35 END-BAD   [...ven payment system the twist move is the elimination of Proposition 4.1, and the]
p35 END-BAD   [...ed by the twist move) has the same next system as Proposition 4.2. (b) Hence the]
p35 END-BAD   [...ing column of the source 𝑏 ⊗ 𝑏 𝑛 by itself minus the pivot column of 𝐶 , and the]
p35 START-OP  [−1]
p35 END-BAD   [... column. So the two next systems coincide, slot (𝑠, 𝐴) with the dancer 𝑣 = 0 and]
p36 START-OP  [−1 ℎ −1]
p36 END-BAD   [... (the remaining coordinates) is 𝑆 −1 (the standard identity for the inverse of a]
p36 END-BAD   [...𝑣 adds 𝑣 to the level-ℎ floor. By induction, a coordinate of level ℎ sits at the]
p36 END-BAD   [...Proof. in(𝑒 ) has floor 𝑜 and out reads the source 𝑌 at floor 𝑜 + 𝐾 − 1; of]
p36 END-BAD   [...From now on let 𝛼 ≥ 2, 𝑐 ≥ 1, 𝜂 ∈ 𝐴 a unit, and]
p36 END-BAD   [...of]
p37 END-BAD   [...of Σ is known. By Lemma 10.6(b), 𝑀 (Σ) = 𝜂 · 𝑀 (𝐹 + 𝜂 −1 𝜋(𝐷)), and the proof of]
p37 START-OP  [−𝑜 𝐷′ ∏]
p37 END-BAD   [...1 for 𝑘 ≥ 1; for 𝑘 = 0 everything is 1 × 1); its (𝐷, 𝐷′) entry is a sum over the]
p37 END-BAD   [...Σ is clean (Lemma 10.6). By Corollary 10.9 for Ξ and for Σ, with the same 𝛾, and]
p37 END-BAD   [...−1 𝜋(𝐷)) has the valuations and the support of 𝑀 (𝛼) (𝑙, 𝑐) (Theorem D, with the]
p37 END-BAD   [...ree matrices have the same Smith form. Proposition 10.7 gives the cokernels; and]
p37 END-BAD   [...dance of Ξ to be clean. This is not automatic: the payments are functions of the]
p37 END-BAD   [...ancers are the subsets 𝐷 of 𝑃 := 𝐼 ∩ [0, ℎ). The position of the dancer 𝐷 at the]
p38 END-BAD   [...2). Then Θ: 𝒦 → 𝒮 is a ring homomorphism, Θ(𝜗(·−𝑒)) = Θ(𝜗) for every 𝑒 ∈ ℤ , and]
p38 END-BAD   [... 𝑓 − 𝑎) is 𝑦 − 𝑎 · 2 ℎ − 𝑜 (𝑜 is additive on disjoint sets). The sum over 𝐷 is a]
p38 END-BAD   [... and 𝜇 2 = 𝐶(2𝑞, 𝑞)𝐹 (2𝑞) 𝐸 2Δ = 0 unless 𝜇 = 1 (𝐶(2𝑞, 𝑞) is even for 𝑞 ≥ 1, and]
p38 END-BAD   [...f 𝐹 are odd: Γ (𝑦) is a unit for every 𝑦. Then the move of level ℎ is clean, and]
p38 END-BAD   [...ℎ floors 2𝑓′ and 2𝑓′ + 1 have the positions 𝑦′ and 𝑦′ + 2 ℎ . By the formulas of]
p39 END-BAD   [... 0. So every coefficient function of 𝑆 lies in ker Θ = 2𝒦: the move is clean and]
p39 END-BAD   [...nstant term, and Dd has none), which is ≡ 0 (mod 8). For (b): the coefficient of]
p39 END-BAD   [...plit: by §10.3 the dancer 𝐷 gives the dancers 𝐷 (𝑣 = 0) and 𝐷 ∪ {ℎ} (𝑣 = 1); the]
p39 END-BAD   [... the entry valuations of 𝑀 (Σ ), which are those of 𝑀 (𝛼) (𝑙, 0) (Lemma 10.6 and]
p40 END-BAD   [...dulo 2 (Lemma 10.18), and gluing commutes with the dance (Lemma 10.19). Then the]
p40 END-BAD   [...2 ≡ 0 (mod 2): modulo 2, 𝛽 2 is the square of the constant term of 𝛽, that is of]
p40 START-OP  [−1 1 0]
p40 END-BAD   [...ture, so the move of 𝐿 −1 𝑍𝐿 is 𝐿 −1 times the move of 𝑍 times 𝐿: the pivot, the]
p40 END-BAD   [... glue(𝑋 , 𝑌 ) as rational systems. A glued system glue(𝑈, 𝑈′) is integral if and]
p40 END-BAD   [...4(𝐷 + 𝑐) + 𝜂𝐹, and]
p41 START-OP  [−1 Ψ±2 Σ Ψ±2]
p41 START-OP  [·]
p41 END-BAD   [...2)) = 𝑤(𝑑), 𝑣 (𝜋(𝑑)) = 𝑤(𝑑) + 1, and −∑ 𝑣 (𝑚 !) ≥ −𝑠′, where 𝑠′ is the number of]
p41 END-BAD   [...) = −𝑊[0, 𝑜 − 1] + 𝑐 , 𝑐 independent of 𝐷 (as 𝑣 (𝜋(𝑑)) = 𝑤(𝑑) + 1). Each term of]
p41 START-OP  [= 𝛿(𝐷 ∖ 𝑌) + 𝛿(𝑌 ∖ 𝑋) + 𝑊[𝑜 , 𝑜 + 𝐾 − 1] ≥ 1,]
p41 END-BAD   [...Corollary 10.21. In Lemma 10.20, the dances of Ψ(Ψ ± 2)/2 are clean, and]
p41 START-OP  [+ 𝑤 + − 𝑤 − ±]
p41 END-BAD   [... congruent. Ψ − Ψ = 2𝑌 ≡ 0 (mod 2). For the second side put 𝑈 := Ψ (Ψ − 2)/2 and]
p41 END-BAD   [...Lemma 10.18 the arms dance congruently modulo 2, so by Lemma 10.19 the dances of]
p41 END-BAD   [...𝑋, 𝑌) · glue(𝑋′, 𝑌′) = glue(𝑋𝑋′, 𝑌𝑌′). Now glue(𝑊 , 𝑊 ) = is integral (𝑊 ≡ 𝐼 and]
p41 START-OP  [− + (𝑊 − 𝑊 )/2 𝑊 +]
p41 START-OP  [+ − +]
p41 START-OP  [− + − 2 2]
p42 START-OP  [+ 𝑖]
p42 START-OP  [− 𝑖+1]
p42 END-BAD   [... (·)𝑁 ) −1 . The set 2 · Mat(ℤ ) is closed, so at 𝑐 = 0 the products 𝑀 (Ψ )𝑁 and]
p42 END-BAD   [...· Mat; then 𝑊 are defined and ≡ ±𝐼 (mod 2) there, and the identity passes to the]
p42 END-BAD   [...ariant factors divisible by 2 are the zero one and one for each cyclic factor of]
p42 END-BAD   [...Proposition 37], and those containing 𝟙 — the «non-generic» ones in the sense of]
p43 END-BAD   [... of ℤ[ℤ/𝑝], and the Laplacian is again a sum over the tensor factors. Is there a]
p43 END-BAD   [...direct 2‑adic Smith form of the 𝑛 = 6, 10; the rule without the]
p43 END-BAD   [...orm of 𝜎 (𝛼) 𝜆 ≤ 40, 𝛼 = 1, 2, 432/432; 0 mismatches the closed form without the]
p43 END-BAD   [...on 𝑇(𝜆) against small 𝑖 ≤ 6, factor 2 𝑜(Δ) differs from the]
p43 END-BAD   [...clocks ⊕ coker(2 𝑘 𝑀); dim 𝑇(𝜆) ≤ 64 dance in 420/420 cells, and]
p44 END-BAD   [...gate_strict_cut.py a boundary), the integer shift in 18 606 of]
p44 END-BAD   [...bijection; code gate_theoremO.py subset» or by «any run of]
p44 END-BAD   [...9.4 · 9.6; code 𝜆 ≤ 300 300 · 292 · 22 500 cells, none (a counter shows that the]
p44 END-BAD   [...ins three engines of the project, copied unchanged, and the driver that sets the]
p45 END-BAD   [...oject (Appendix A) recomputed what follows, each with code of its own, never the]
p45 END-BAD   [...of, strict (Cut), the 𝑘 ≤ 7, 𝛼 = 1, 2, 0 failures flat are detected in 2 550 and]
p45 END-BAD   [...level sets (Lemma 7.9 of]
p45 END-BAD   [...eger separation of adjacent 𝑘 ≤ 7, 𝛼 ≤ 3 non-zero shifts, above or one below the]
p45 END-BAD   [...𝑖 =0 strictness one dancer after the]
p45 END-BAD   [...boundary fails in 7 967 of]
p46 END-BAD   [...the 7 634 cells of]
p46 END-BAD   [...other than the]
p46 END-BAD   [...240 with 𝑖 = 0 and]
p46 END-BAD   [...𝑃 𝑟 , 𝑃 𝑐 ≤ 4 on the strictness one dancer after the]
p46 END-BAD   [...8 001 houses with boundary fails in 7 967 of]
p46 END-BAD   [...Proposition 9.6 (H) (10 455 cells; (H) block mean in 2 316 of the]
p46 END-BAD   [...on the 10 200 with 9 880 cells with 𝐼 ≠ ∅ and]
p46 END-BAD   [...𝑖 ≥ 1) 𝑖 ≥ 1; none for (H) and]
p46 END-BAD   [...with the support, the entry depending on the parity of the]
p47 END-BAD   [...he cells of the rows of 6 𝜆 ≤ 127, 𝑖 ≤ 30, 7 874 cells: 254 with the controls of]
p47 END-BAD   [... 4 and 5; 𝛼 = 1, 2; houses 𝑖 = 0 (240 with 𝐼 ≠ ∅), reader 5 reproduced: 1 942 of]
p47 END-BAD   [....9 on houses and on with 𝑘 ≤ 6, 𝛼 ≤ 3; 7 620 with 𝑖 ≥ 1; 16 380 houses, 2 316 of]
p47 END-BAD   [...he changes of version 3, among them Lemma 7.9, on which the printed proof of the]
p47 END-BAD   [...udited, read cold: Lemma 7.9 in its new form (integrality of the fit), found and]
p47 END-BAD   [... proved: the turned lid (§11, question 2), and the measurements of Remark (2) of]
p47 END-BAD   [...eed any part of this work. The results are stated as theorems because every step]
p48 END-BAD   [...o fail. A step went into the chain only after the audit. The chains and then the]
p48 END-BAD   [...s: further instances that never saw the audits, and wrote their own verdicts and]
p48 END-BAD   [... proof, and cites it at each use; this repair is the reader’s, re-derived by the]
p48 END-BAD   [...e verification record said more than the code did (the range of Theorem 6.2, the]
p48 END-BAD   [... flights, the audits or the earlier readings, who re-derived every changed step,]
p49 END-BAD   [...g of the integer fit never acts in this paper: the gap of version 1 was a gap of]
p49 END-BAD   [...), and set the mathematics anew: letters italic, digits, brackets, operators and]
p49 END-BAD   [...ed the two rows of the fifth reader; and the row of the fourth reader’s check of]
p49 END-BAD   [... or the earlier readings, who compared every changed passage with version 3 by a]
p49 END-BAD   [...e-derived every new sentence, re-counted the cells of §12 with its own code, and]
count 244
FIN-OK
VIGIA-FIN-OK exit=0 pico_kb=9664 t=0s
