## 'gives every new floor' [9]
   p9: ...artners, the split move. After 𝑘 digits there are 2|𝐼| dancers, the subsets of 𝐼. At the start each floor 𝑑 pays the even amount 2𝛼(𝑖 + 𝑑); each move gives every new floor the payment minus half the product of the payments of two adjacent old floors, so every payment stays even; at the end the final matrix records who owes what to whom. The sand is the sandpile; the dance is the elimination that b...
## 'one for each' [8, 16, 43]
   p8: ...omplement, divide by 2. The split move first separates the two basis vectors of 𝑉, so that each dancer becomes two §4.2, §10.3 the dance the 𝑘 moves, one for each binary digit of 𝜆 + 1 below the leading one §4.3 final matrix; window the triangular matrix 𝑀(𝜆, 𝑖) of size 2|𝐼| left by the dance; the range of floors whose payments are multiplied in one of its entries §4.4 clock a cyclic factor ℤ/2𝑒, ...
   p16: ...0𝑛𝜄𝑠′) = 𝑏1𝑛𝜄𝑠′ + 𝜋𝑠′(2𝑓)𝑏0𝑛𝜄𝑠′ + ∑𝑠>𝑠′ 𝐾𝑠𝑠′(2𝑓)𝑏0𝑛𝜄𝑠 has coefficient 1 on 𝑏1𝑛𝜄𝑠′, and every other term lies in 𝑏0 ⊗ 𝑁′. Eliminating these relations (one for each 𝑛 and 𝑠′), we see that coker 𝐺 is the quotient of (𝑏0 ⊗ 𝑁′)⊕𝑟 by the relations 𝐺(𝑏1𝑛𝜄𝑠′), where every 𝑏1𝑥𝜄𝑠 is replaced by −𝜋𝑠(2𝑓)𝑏0𝑥𝜄𝑠 − ∑𝑢>𝑠 𝐾𝑢𝑠(2𝑓)𝑏0𝑥𝜄𝑢. That relation is 2𝑏0(𝐹𝑛)𝜄𝑠′ − 𝜋𝑠′(2𝑓 + 1)𝜋𝑠′(2𝑓)𝑏0𝑛𝜄𝑠′ − ∑ 𝜋𝑠′(2𝑓 + 1)𝐾𝑢𝑠′(2𝑓) +...
   p43: ...aplacian of the folded cube, a square matrix of size 2𝑛−1 (𝑛 ≥ 2), with coker 𝐿 ≅ ℤ ⊕ 𝐾(𝑛). Its invariant factors divisible by 2 are the zero one and one for each cyclic factor of Syl2 𝐾(𝑛). By Corollary 1.5, Syl2 𝐾(𝑄𝑛) has 2𝑛−1 − 1 cyclic factors, of which 𝑎𝑛 are ℤ/2; by Theorem DW, Syl2 𝐾(𝑛) has 2𝑛−1 − 1 − 𝑎𝑛. So rank𝔽2 𝐿 = 2𝑛−1 − (2𝑛−1 − 𝑎𝑛) = 𝑎𝑛. This is [GMMY24, Proposition 2.12] (with their ...
## 'the house' [20, 28, 28, 28, 30, 30, 30, 49, 49]
   p20: ...𝑥 − 1) (𝑥 ≥ 1), is the case «𝑚 = −1»: since 𝑚 + 𝐾 + 𝑜𝑏 = 𝐾 − 1 + 𝑜𝑏, both rulers are read at 𝐾 − 1 (Proposition 5.4). In the language of §7.3 this is the house with ℓ = 𝐾 − 1. 20 ...
   p28: ...f 𝑥𝐻 takes integer values. So does the real fit of the clocks of every penalty cell Cell(𝐻; 𝑃𝑟, 𝑃𝑐), and that of 𝑥𝐻 with its first dancer deleted, in the house ℓ = 2𝑘 − 1. Consequently, in each of these the integer fit is the real fit, and it is non-increasing. Proof. Induction on |𝐼|. For 𝐼 = ∅ the sequence is (0). Let 𝐼 ≠ ∅, with 𝐻′ and 𝑑1 as in Lemma 7.7. The shift 𝑑1 is integer, non-increasing...
   p28: ...alty shift of a cell is integer, non-increasing, and changes only at cuts of 𝑥𝐻 (Theorem 7.8, (Cut)), so Lemma 7.2(b) again gives an integral fit. In the house ℓ = 2𝑘 − 1 with 𝐼 ≠ ∅, 𝑥𝐻 is cut at its second dancer {𝑡1} (Theorem 7.8, (Cut)), so the fit of the sequence without its first dancer is the restriction of fit(𝑥𝐻). Finally, on a level set of integral value 𝑧 with 𝑝 positions the sum is 𝑆 = ...
## 'exp(' [7, 33, 33, 33, 33, 33, 33, 33, 33, 33, 33, 43, 43]
   p7: ...ed clocks, by a potential built digit by digit from the bottom of 𝜆 + 1. The two bounds meet. 5. The fold (§10). On each family the antipode acts as ±exp(𝐹). The folded group is the cokernel of an operator that differs from the doubled one by a perturbation ∑ 𝜁𝑚𝐹(𝑚) of higher divided powers. The same dance applies to both. Every move stays clean because the coefficients of every level lie in a rin...
   p33: ...Lemma 10.1. Under the dictionary of Lemma 2.2, 𝑎 acts on 𝑉⊗𝑛 as 𝑎 = (−1)(𝑛−𝐻)/2 exp(𝐹), exp(𝐹) := ∑ 𝐹(𝑟). 𝑟≥0 On a summand 𝑇(𝜆) of 𝑉⊗𝑛 at shift 𝑖 = (𝑛 − 𝜆)/2 this is 𝑎 = (−1)𝐷+𝑖 exp(𝐹), 𝐷 the floor operator of 𝑇(𝜆). Proof. On 𝑉, 𝑥 = 1 − 𝑠 acts by 𝑔: 𝑏0 ↦ 𝑏0 − 𝑏1, 𝑏1 ↦ −𝑏1 (Lemma 2.1), and 𝑔 = (−1)𝐷𝑉 exp(𝐹) (exp(𝐹)𝑏0 = 𝑏0 + 𝑏1, e...
   p33: ...Lemma 10.1. Under the dictionary of Lemma 2.2, 𝑎 acts on 𝑉⊗𝑛 as 𝑎 = (−1)(𝑛−𝐻)/2 exp(𝐹), exp(𝐹) := ∑ 𝐹(𝑟). 𝑟≥0 On a summand 𝑇(𝜆) of 𝑉⊗𝑛 at shift 𝑖 = (𝑛 − 𝜆)/2 this is 𝑎 = (−1)𝐷+𝑖 exp(𝐹), 𝐷 the floor operator of 𝑇(𝜆). Proof. On 𝑉, 𝑥 = 1 − 𝑠 acts by 𝑔: 𝑏0 ↦ 𝑏0 − 𝑏1, 𝑏1 ↦ −𝑏1 (Lemma 2.1), and 𝑔 = (−1)𝐷𝑉 exp(𝐹) (exp(𝐹)𝑏0 = 𝑏0 + 𝑏1, exp(𝐹)𝑏1 ...
## 'cosh(' [33]
   p33: ...alf-size lattice On Φ(𝑁) put Ch := ∑𝑠≥0 𝐹(𝑠)/(2𝑠 − 1)!! and Sh := ∑𝑠≥0 𝐹(𝑠)/(2𝑠 + 1)!!, operators on 𝑁 (𝐹 = 𝐹𝑁); Sh is invertible. With 𝑢2 = 2𝐹, Ch = cosh(𝑢) and Sh = sinh(𝑢)/𝑢 as power series, since 𝐹(𝑠)/(2𝑠 − 1)!! = (2𝐹)𝑠/(2𝑠)!. For 𝑗 ≥ 0 put Ψ𝑗 := 2(2𝐷 + 𝑗) + (Ch − (−1)𝑗) · Sh−1 and Σ𝑐 := 𝐹 + 4(𝐷 + 𝑐), operators on 𝑁. As power series, (Ch − 1)Sh−1 = 𝑢 · tanh(𝑢/2) and (Ch + 1)Sh−1 = 𝑢 · coth(𝑢/2...
## 'by subadditivity' [37]
   p37: ...r chains 𝐷 ⊇ 𝐸1 ⊇ 𝐹1 ⊇ ⋯ ⊇ 𝐸𝑗 ⊇ 𝐹𝑗 ⊇ 𝐷′ of products whose valuation is at least 𝛿(𝐷 ∖ 𝐸1) + 𝛿(𝐸1 ∖ 𝐹1) + 1 + ⋯ + 𝛿(𝐹𝑗 ∖ 𝐷′), which is ≥ 𝛿(𝐷 ∖ 𝐷′) + 𝑗 by subadditivity. Since 𝑣2(𝒜𝐷𝐷′) is exactly 𝛿(𝐷 ∖ 𝐷′), the terms 𝑗 ≥ 1 change 𝒜𝐷𝐷′ by a factor 1 + 𝐸′𝐷𝐷′ with 𝑣2(𝐸′𝐷𝐷′) ≥ 1, and they vanish where 𝒜 does. ∎ 37 ...
## '1/2' [34, 41]
   p34: ...n 𝑁, put on 𝑁 ⊕ 𝑁 glue(𝑋, 𝑌) := 𝑋 0 (𝑌 − 𝑋)/2 𝑌 , 1 0 , and glue(𝑋, 𝑌) · glue(𝑋′, 𝑌′) = glue(𝑋𝑋′, 𝑌𝑌′). so that glue(𝑋, 𝑌) = 𝐿−1 diag(𝑋, 𝑌)𝐿 with 𝐿 = 1/2 1 Lemma 10.5 (even families). For 𝜆 = 2𝑙 + 2, 𝑁 = 𝑇(𝑙) and every 𝑖 ≥ 0: (a) 𝑋(𝜆, 𝑖) ≅ coker(glue(Ψ𝑖+1, Ψ𝑖) on 𝑁 ⊕ 𝑁); (b) 2𝑋(𝜆, 𝑖) ≅ coker(glue(Ψ𝑖+1(Ψ𝑖+1 − 2)/2, Ψ𝑖(Ψ𝑖 + 2)/2) on 𝑁 ⊕ 𝑁). Proof. Let 𝜈 = 2𝑙 + 1, so 𝑇(𝜆) = 𝑉 ⊗ 𝑇(𝜈) (§3.3) at the sam...
   p41: ...ticular 𝑀𝑤(glue(𝑋, 𝑌)) = glue(𝑀𝑤(𝑋), 𝑀𝑤(𝑌)). 1 0 , which acts on the outer slot. Every Proof. glue(𝑋, 𝑌) = 𝐿−1 diag(𝑋, 𝑌)𝐿 with the scalar matrix 𝐿 = 1/2 1 move acts slot by slot on the inner structure, so the move of 𝐿−1𝑍𝐿 is 𝐿−1 times the move of 𝑍 times 𝐿: the pivot, the other blocks and the Schur complement are conjugated by 𝐿. For 𝑍 = diag(𝑋, 𝑌) the dance is the two dances side by side. So gl...
## 'its row on' [46]
   p46: ...cut that is not strict breaks the integer part in 736 of 9 939 trials Lemma 7.9 (integrality) 4 every house with 𝑘 ≤ 7, 𝛼 ≤ 3, and the 7 634 cells of its row on the matrices 𝑀 other than the 240 with 𝑖 = 0 and 𝐼 ≠ ∅ (the 7 620 with 𝑖 ≥ 1, and the 14 with 𝑖 = 0 and 𝐼 = ∅, where 𝑀 = 0) no non-integral level set none Lemma 7.9; the strict (Cut); Lemma 7.2(b) at the penalty shifts; the deletion at 𝑖 =...
## 'Propositions 5.3 and 5.4' [47]
   p47: ...ntegrality: the raw clocks with 1 added at the first dancer have a non-integral block mean in 2 316 of the 9 880 cells with 𝐼 ≠ ∅ and 𝑖 ≥ 1; none for Propositions 5.3 and 5.4, Lemma 7.5 and (H) Theorem 6.2 3 |𝐼| ≤ 5 69/69 «any run» and «any subset» fail in 26 and 42 cases Corollaries 1.5, 1.6 (from the rule) and 1.7 3 𝑛 ≤ 300; 𝑒 ≤ 8 0 failures a wrong exponent in Corollary 1.5 and a wrong constant...
## 'no other statement' [48]
   p48: ...by the auditor, and re-derived by the fifth reader. Version 2 added the strictness of the cuts to the (Cut) of Theorem 7.8 and restated Lemma 7.2(b); no other statement of a theorem changed in versions 2 to 6. In version 3, Lemma 7.9 was strengthened, Lemma 10.6(a) gained the hypothesis «even», and Lemma 10.10 gained the explicit quantifier «for every 𝐿 ≥ 0 and every floor 𝑓». Changed in version 4...
## 'Version 2 added' [48]
   p48: ...ma 7.9 in its new form (integrality of the fit), found and proved by the fourth reader, re-proved by the auditor, and re-derived by the fifth reader. Version 2 added the strictness of the cuts to the (Cut) of Theorem 7.8 and restated Lemma 7.2(b); no other statement of a theorem changed in versions 2 to 6. In version 3, Lemma 7.9 was strengthened, Lemma 10.6(a) gained the hypothesis «even», and Le...
## 'four days' [48]
   p48: ... whole text, cold, with no access to the audits (Appendix A). The author directed the project and takes responsibility for the content. The work took four days, from 2 to 5 October 2026. It began on 2 October 2026 as a search, inside another project of the author, for open problems within reach of the same methods. The full record — the missions, the reports, the audits, the cold readings, the eng...
## 'Version 6' [50]
   p50: ... points of presentation, and defects of typesetting, the main one being that two steps of the proof of Theorem 7.8 had lost their numbers in the pdf. Version 6 (this text) makes those corrections. No mathematical statement changed. Its changes have not yet been read cold. References [ABERS55] [Aky26] [Bai03] M. Ayer, H. D. Brunk, G. M. Ewing, W. T. Reid, E. Silverman, An empirical distribution fun...
VIGIA-FIN-OK exit=0 pico_kb=5152 t=0s
