W1 replace: md<non increasing> pdf<nonincreasing>  | ctx: explicit integers binomial valuations and carries into
W2 delete: md<FQ> pdf<>  | ctx: literature on interconnection networks the folded hypercube
W3 delete: md<FQ> pdf<>  | ctx: cube in dimension our folded cube is
W4 insert: md<> pdf<our word standard meaning where>  | ctx: and this floor is not the grading
W5 delete: md<D'> pdf<>  | ctx: numbers system whose coefficients depend only on
W6 delete: md<sl> pdf<>  | ctx: Kostant's commutation formula in the form of
W7 replace: md<subset intersection> pdf<subsetintersection>  | ctx: of Sin's school CSX DHS and the
W8 delete: md<sl> pdf<>  | ctx: Let be the universal enveloping algebra of
W9 delete: md<v'> pdf<>  | ctx: by the images of indeed The image
W10 delete: md<v'> pdf<>  | ctx: since for so the quotient is Dist
W11 delete: md<FE> pdf<>  | ctx: write for define for of weight where
W12 delete: md<FE> pdf<>  | ctx: FE acts on on vector of weight
W13 delete: md<EF FE> pdf<>  | ctx: as and Proof The relations On weight
W14 delete: md<FE FE> pdf<>  | ctx: The relations On weight EF FE and
W15 delete: md<EF EF> pdf<>  | ctx: FE and FE FE so On weight
W16 delete: md<FE FE> pdf<>  | ctx: FE so On weight EF EF and
W17 delete: md<EF FE> pdf<>  | ctx: weight EF EF and FE FE so
W18 delete: md<w' w'> pdf<>  | ctx: weight index index Then and while in
W19 delete: md<w'> pdf<>  | ctx: is for and for The diagonal map
W20 replace: md<Hom Dist Hom Dist> pdf<HomDist HomDist>  | ctx: filtration then Ext and the reduction map
W21 replace: md<Hom Dist Hom Dist> pdf<HomDist HomDist>  | ctx: the exact sequence Hom Hom Ext and
W22 delete: md<gf> pdf<>  | ctx: isomorphism and its inverse to Lemma Then
W23 delete: md<gf> pdf<>  | ctx: is free module of finite rank so
W24 delete: md<fg> pdf<>  | ctx: so gf is invertible is complete likewise
W25 delete: md<EF> pdf<>  | ctx: weights only on its weight space so
W26 delete: md<Fp> pdf<>  | ctx: onto the weight space and each pair
W27 delete: md<s' s' s' s' ss'> pdf<>  | ctx: operator on with slots of the form
W28 delete: md<ss'> pdf<>  | ctx: an element in slot and the couplings
W29 delete: md<ss'> pdf<>  | ctx: even if every value of every and
W30 delete: md<N'> pdf<>  | ctx: two moves Proposition the twist move Let
W31 delete: md<n'> pdf<>  | ctx: with its floor grading the floor of
W32 delete: md<n'> pdf<>  | ctx: grading the floor of n' is if
W33 delete: md<G'> pdf<>  | ctx: payment system of size on coker coker
W34 delete: md<G'> pdf<>  | ctx: of size on coker coker G' where
W35 delete: md<N'> pdf<>  | ctx: the even payment system of size on
W36 delete: md<K' us' s' us' us' s' ss' us> pdf<>  | ctx: payment system of size on N' with
W37 delete: md<N'> pdf<>  | ctx: us' us' s' ss' us Proof On
W38 delete: md<N'> pdf<>  | ctx: ss' us Proof On N' and For
W39 delete: md<s' s' s' s' s' ss'> pdf<>  | ctx: and For N' of floor the relation
W40 delete: md<s'> pdf<>  | ctx: s' s' s' ss' has coefficient on
W41 delete: md<N'> pdf<>  | ctx: s' and every other term lies in
W42 delete: md<s'> pdf<>  | ctx: Eliminating these relations one for each and
W43 delete: md<N'> pdf<>  | ctx: see that coker is the quotient of
W44 delete: md<s'> pdf<>  | ctx: the quotient of N' by the relations
W45 delete: md<us> pdf<>  | ctx: relations s' where every is replaced by
W46 delete: md<Fn s' s' s' s' s' s' us' us' s' ss' us> pdf<>  | ctx: is replaced by us That relation is
W47 delete: md<G' s'> pdf<>  | ctx: us' us' s' ss' us which is
W48 delete: md<G'> pdf<>  | ctx: is G' s' under The values of
W49 delete: md<N'> pdf<>  | ctx: lie in Proposition the split move Let
W50 delete: md<N'> pdf<>  | ctx: Proposition the split move Let N' For
W51 delete: md<N'> pdf<>  | ctx: form basis of over the bases of
W52 delete: md<Fn> pdf<>  | ctx: of over the bases of N' and
W53 delete: md<Fn> pdf<>  | ctx: bases of N' and Fn Dd Dd
W54 delete: md<G''> pdf<>  | ctx: payment system of size on coker coker
W55 delete: md<G''> pdf<>  | ctx: of size on coker coker G'' where
W56 delete: md<N'> pdf<>  | ctx: the even payment system of size on
W57 delete: md<s'> pdf<>  | ctx: ordered lexicographically with before and the couplings
W58 delete: md<s'> pdf<>  | ctx: Proposition at the floors and the couplings
W59 delete: md<K'' s' s' s' K'' s' us' s'> pdf<>  | ctx: couplings s' are the same formula at
W60 delete: md<Fn> pdf<>  | ctx: for follow from and for instance and
W61 delete: md<s'> pdf<>  | ctx: and for instance and Fn The relations
W62 delete: md<s'> pdf<>  | ctx: instance and Fn The relations s' and
W63 delete: md<s'> pdf<>  | ctx: relations s' and s' have coefficient on
W64 delete: md<s'> pdf<>  | ctx: s' have coefficient on s' and Dd
W65 delete: md<s'> pdf<>  | ctx: s' respectively eliminate those vectors Substituting into
W66 delete: md<Fn s' s' s' s'> pdf<>  | ctx: eliminate those vectors Substituting into s' gives
W67 delete: md<s' s' s' us'> pdf<>  | ctx: s' s' s' coupling of Proposition at
W68 delete: md<s'> pdf<>  | ctx: s' s' us' and substituting into Dd
W69 delete: md<Fn s' s' s' s'> pdf<>  | ctx: us' and substituting into Dd s' gives
W70 delete: md<G''> pdf<>  | ctx: at Both are twice the relations of
W71 delete: md<G'> pdf<>  | ctx: rank rank and turns coker into coker
W72 delete: md<G'> pdf<>  | ctx: half the rank and the exponents of
W73 delete: md<DD'> pdf<>  | ctx: is lower triangular in either order since
W74 delete: md<D'> pdf<>  | ctx: in either order since DD' only if
W75 delete: md<D' DD' D' D' D'> pdf<>  | ctx: the coefficient of in Then for dancers
W76 delete: md<D' DD'> pdf<>  | ctx: dancers D' DD' D' D' D' if
W77 delete: md<D'> pdf<>  | ctx: D' if D' DD' otherwise The window
W78 delete: md<D'> pdf<>  | ctx: D' DD' otherwise The window D' has
W79 delete: md<D'> pdf<>  | ctx: one slot for each couplings only from
W80 delete: md<D'> pdf<>  | ctx: for each couplings only from D' to
W81 replace: md<DD' D' D'> pdf<For>  | ctx: couplings only from D' to D' and
W82 delete: md<For> pdf<>  | ctx: and DD' D' D' where satisfies and
W83 delete: md<D' DD'> pdf<>  | ctx: is the window of level for instance
W84 delete: md<D'> pdf<>  | ctx: level for instance D' DD' multiplies over
W85 delete: md<D' D'> pdf<>  | ctx: instance D' DD' multiplies over D' and
W86 delete: md<D'> pdf<>  | ctx: monomial and the coefficient of the pair
W87 delete: md<D'> pdf<>  | ctx: pair D' is over the ordered decompositions
W88 delete: md<D'> pdf<>  | ctx: ordered decompositions D' the intermediate slot is
W89 delete: md<D'> pdf<>  | ctx: are the first two terms this is
W90 delete: md<D'> pdf<>  | ctx: entries have the windows and the coupling
W91 delete: md<D'> pdf<>  | ctx: the windows and the coupling D' from
W92 delete: md<D'> pdf<>  | ctx: and the coupling D' from D' to
W93 delete: md<DD'> pdf<>  | ctx: from D' to D' and the coupling
W94 delete: md<D'> pdf<>  | ctx: to D' and the coupling DD' from
W95 delete: md<D' D'> pdf<>  | ctx: DD' from D' to have the windows
W96 delete: md<D'> pdf<>  | ctx: to have the windows D' D' and
W97 delete: md<D'> pdf<>  | ctx: of the new pairs Their coefficients and
W98 delete: md<D'> pdf<>  | ctx: and D' are the coefficients of and
W99 delete: md<so> pdf<>  | ctx: the recursion Put and Then gives and
W100 replace: md<DD' DD'> pdf<so>  | ctx: At there is only the floor and
W101 delete: md<DD' D' D' D' D'> pdf<>  | ctx: of Theorem whose entries have the valuations
W102 delete: md<D' D'> pdf<>  | ctx: where is in the order row column
W103 replace: md<ab Proof> pdf<By Legendre's forProof>  | ctx: Each Proposition the cost form For dancers
W104 replace: md<ab By Legendre's formula> pdf<mula>  | ctx: form For dancers ab Proof By Theorem
W105 delete: md<ab> pdf<>  | ctx: Theorem ab By Legendre's formula With and
W106 delete: md<ab> pdf<>  | ctx: By Lemma with Since we have Substituting
W107 delete: md<Db> pdf<>  | ctx: the house with Proposition For and every
W108 delete: md<Db> pdf<>  | ctx: Legendre's formula applied at with and gives
W109 delete: md<Db> pdf<>  | ctx: and gives Db and with the difference
W110 replace: md<non negative> pdf<nonnegative>  | ctx: and add up to The gold is
W111 delete: md<pq> pdf<>  | ctx: the end Inside level set with sum
W112 delete: md<N'> pdf<>  | ctx: antisymmetric gluing Let be antisymmetric of length
W113 delete: md<N'> pdf<>  | ctx: be antisymmetric of length N' let fit
W114 delete: md<N'> pdf<>  | ctx: and let be the integer fit of
W115 delete: md<N'> pdf<>  | ctx: are the mirror negatives of so fit
W116 delete: md<min if> pdf<>  | ctx: starting at bit and put min if
W117 insert: md<> pdf<min if>  | ctx: sat the window is saturated if sat
W118 delete: md<I' H' I'> pdf<>  | ctx: into Lemma the top digit Let max
W119 delete: md<I' H' H' H' H'> pdf<>  | ctx: of the window of of length For
W120 delete: md<H'> pdf<>  | ctx: For I' H' H' H' H' sat
W121 delete: md<H'> pdf<>  | ctx: H' H' H' H' sat H' sat
W122 delete: md<I'> pdf<>  | ctx: H' sat H' sat H' and for
W123 delete: md<I'> pdf<>  | ctx: sat H' and for I' if and
W124 delete: md<H'> pdf<>  | ctx: base clocks of the dancers without is
W125 delete: md<H' H' I'> pdf<>  | ctx: of the dancers without is H' with
W126 delete: md<I'> pdf<>  | ctx: Proof The windows of the digits of
W127 delete: md<H'> pdf<>  | ctx: I' are the same in and in
W128 delete: md<H' I'> pdf<>  | ctx: types and data the carry into is
W129 delete: md<H'> pdf<>  | ctx: H' I' Apply Lemma to and to
W130 delete: md<I'> pdf<>  | ctx: otherwise The clocks follow by subtraction with
W131 delete: md<H'> pdf<>  | ctx: is one dancer and Let and let
W132 delete: md<V' J'> pdf<>  | ctx: H' sat be as in Lemma with
W133 delete: md<H'> pdf<>  | ctx: J' given by the induction hypothesis for
W134 delete: md<I'> pdf<>  | ctx: hypothesis for H' Write on the dancers
W135 delete: md<J'> pdf<>  | ctx: changes only at the first dancer with
W136 delete: md<J'> pdf<>  | ctx: dancer with J' and at its mirror
W137 delete: md<J'> pdf<>  | ctx: its mirror J' is an up set
W138 delete: md<H'> pdf<>  | ctx: down set These are strict cuts of
W139 delete: md<H'> pdf<>  | ctx: strict cuts of H' by Cut for
W140 delete: md<H'> pdf<>  | ctx: So by Lemma the real fit of
W141 delete: md<H'> pdf<>  | ctx: the real fit of H' is fit
W142 delete: md<H'> pdf<>  | ctx: H' with the level sets of fit
W143 delete: md<H'> pdf<>  | ctx: By Lemma max min since With for
W144 delete: md<J'> pdf<>  | ctx: follows by antisymmetry Cut By Lemma sat
W145 delete: md<J'> pdf<>  | ctx: Cut By Lemma sat J' or sat
W146 delete: md<J'> pdf<>  | ctx: its values on the two halves sat
W147 delete: md<J'> pdf<>  | ctx: the boundary of is the boundary of
W148 delete: md<hJ'> pdf<>  | ctx: half Saturation of type means so and
W149 delete: md<J'> pdf<>  | ctx: type means so and hJ' Just before
W150 delete: md<H'> pdf<>  | ctx: hJ' Just before J' and by for
W151 delete: md<H'> pdf<>  | ctx: first half fit max Lemma and fit
W152 delete: md<H'> pdf<>  | ctx: max Lemma and fit H' with fit
W153 delete: md<J'> pdf<>  | ctx: and So max drops strictly at sat
W154 delete: md<I' I'> pdf<>  | ctx: is the middle of the sequence and
W155 delete: md<I'> pdf<>  | ctx: the middle It is strict fit is
W156 delete: md<I'> pdf<>  | ctx: It is strict fit is I' at
W157 delete: md<J'> pdf<>  | ctx: I' at I' and min at sat
W158 delete: md<b'> pdf<>  | ctx: min at sat J' the boundary is
W159 delete: md<b'> pdf<>  | ctx: sat J' the boundary is b' with
W160 delete: md<J'> pdf<>  | ctx: is b' with b' the boundary of
W161 delete: md<H'> pdf<>  | ctx: The second half of the clocks is
W162 delete: md<J' J' I'> pdf<>  | ctx: half of the clocks is H' with
W163 delete: md<H'> pdf<>  | ctx: increasing and changes only at cuts of
W164 delete: md<b'> pdf<>  | ctx: so the second half is cut at
W165 delete: md<b' b' b'> pdf<>  | ctx: b' and its integer fit is Here
W166 delete: md<b'> pdf<>  | ctx: of the second half is negative from
W167 delete: md<b' b'> pdf<>  | ctx: half is negative from b' on fit
W168 delete: md<b'> pdf<>  | ctx: from b' on fit b' b' fit
W169 delete: md<b'> pdf<>  | ctx: Lemma gives the cut It is strict
W170 delete: md<J'> pdf<>  | ctx: the cut It is strict b' as
W171 delete: md<H'> pdf<>  | ctx: second half fit min Lemma and fit
W172 delete: md<b'> pdf<>  | ctx: fit min Lemma and fit H' Lemma
W173 delete: md<H'> pdf<>  | ctx: H' Lemma b' being strict cut of
W174 delete: md<b'> pdf<>  | ctx: of H' drops by at least at
W175 delete: md<b'> pdf<>  | ctx: is negative So min drops strictly at
W176 delete: md<J'> pdf<>  | ctx: strictly at b' Otherwise sat or and
W177 delete: md<v' V' J'> pdf<>  | ctx: inherited potential On the first half put
W178 delete: md<v' V' J'> pdf<>  | ctx: V' J' and on the second half
W179 delete: md<v'> pdf<>  | ctx: the second half v' V' J' Then
W180 delete: md<V' H' I'> pdf<>  | ctx: half v' V' J' Then v' with
W181 delete: md<v'> pdf<>  | ctx: v' with V' H' I' and for
W182 delete: md<v' v'> pdf<>  | ctx: v' with slack on same half arrows
W183 delete: md<v' v'> pdf<>  | ctx: half arrows v' v' if or and
W184 delete: md<v' v' V' H' I' V' H' I'> pdf<>  | ctx: if or and v' v' if Indeed
W185 delete: md<I' I'> pdf<>  | ctx: H' I' V' H' I' which is
W186 delete: md<H'> pdf<>  | ctx: I' which is I' I' by for
W187 delete: md<I' I'> pdf<>  | ctx: I' I' by for H' and when
W188 delete: md<I'> pdf<>  | ctx: when I' I' and Lemma compares with
W189 delete: md<v'> pdf<>  | ctx: I' and Lemma compares with I' for
W190 delete: md<v' v' V' V' I'> pdf<>  | ctx: Lemma compares with I' for v' with
W191 delete: md<H'> pdf<>  | ctx: v' v' V' V' I' by for
W192 delete: md<v'> pdf<>  | ctx: and on the second half with for
W193 delete: md<V'> pdf<>  | ctx: half with for v' inside each half
W194 delete: md<J'> pdf<>  | ctx: each half V' is non increasing and
W195 delete: md<v' v' I' I'> pdf<>  | ctx: J' is an up set The junction
W196 delete: md<H' I' I' J' I' J'> pdf<>  | ctx: v' v' I' I' and by for
W197 delete: md<I'> pdf<>  | ctx: J' I' J' No central flat If
W198 delete: md<v'> pdf<>  | ctx: No central flat If I' then and
W199 delete: md<I'> pdf<>  | ctx: by step and The central flat If
W200 delete: md<I'> pdf<>  | ctx: final segment of the first half containing
W201 delete: md<v'> pdf<>  | ctx: the dancer just after if any Put
W202 delete: md<v' v'> pdf<>  | ctx: just after if any Put v' max
W203 delete: md<v'> pdf<>  | ctx: any Put v' max v' v' min
W204 delete: md<v' v' v'> pdf<>  | ctx: v' v' min v' Then by for
W205 delete: md<v' v'> pdf<>  | ctx: Then by for v' v' v' and
W206 delete: md<v' v'> pdf<>  | ctx: v' v' v' and v' v' because
W207 delete: md<v'> pdf<>  | ctx: because v' v' So the interval max
W208 delete: md<v'> pdf<>  | ctx: v' So the interval max v' min
W209 delete: md<v'> pdf<>  | ctx: integer in it and put on and
W210 delete: md<v' v'> pdf<>  | ctx: changed is constant on the segment and
W211 delete: md<v'> pdf<>  | ctx: of the second the cases are before
W212 delete: md<v' v'> pdf<>  | ctx: second the cases are before v' and
W213 delete: md<v' v' I' v'> pdf<>  | ctx: v' and v' v' before same half
W214 delete: md<v' v'> pdf<>  | ctx: same half v' v' I' v' and
W215 delete: md<v'> pdf<>  | ctx: v' I' v' and v' v' so
W216 delete: md<v'> pdf<>  | ctx: v' and v' v' so v' after
W217 delete: md<v' v'> pdf<>  | ctx: v' v' so v' after v' and
W218 delete: md<v' I' v' v'> pdf<>  | ctx: v' and v' v' after same half
W219 delete: md<v' v'> pdf<>  | ctx: same half v' I' v' v' and
W220 delete: md<v'> pdf<>  | ctx: I' v' v' and v' v' so
W221 delete: md<v' v' v' I' v'> pdf<>  | ctx: so v' Both ends in same half
W222 delete: md<v' v' I'> pdf<>  | ctx: I' v' If both lie in then
W223 delete: md<v' v'> pdf<>  | ctx: lie in then v' v' I' and
W224 delete: md<v' v' I'> pdf<>  | ctx: v' v' if both lie in then
W225 delete: md<v' v'> pdf<>  | ctx: lie in then v' v' I' and
W226 delete: md<v' v'> pdf<>  | ctx: and v' v' Both ends in and
W227 delete: md<H'> pdf<>  | ctx: on For the sequence is Let with
W228 delete: md<H'> pdf<>  | ctx: increasing and changes only at cuts of
W229 delete: md<H'> pdf<>  | ctx: fit of the first half is fit
W230 delete: md<pz> pdf<>  | ctx: integral value with positions the sum is
W231 delete: md<J'> pdf<>  | ctx: the notation of and at every level
W232 delete: md<I'> pdf<>  | ctx: of the proof of Theorem At level
W233 delete: md<H'> pdf<>  | ctx: which keeps the level sets of fit
W234 delete: md<H'> pdf<>  | ctx: level sets of fit H' the house
W235 delete: md<H'> pdf<>  | ctx: is the first level set of fit
W236 delete: md<N'> pdf<>  | ctx: al Conjecture Write and Lemma For odd
W237 delete: md<N'> pdf<>  | ctx: Lemma For odd N' the families of
W238 delete: md<N'> pdf<>  | ctx: families of N' are the family of
W239 delete: md<N' N'> pdf<>  | ctx: N' are the family of N' with
W240 delete: md<h'> pdf<>  | ctx: has the same and the set with
W241 delete: md<N'> pdf<>  | ctx: order Proof Every family of an odd
W242 delete: md<D'> pdf<>  | ctx: In the cube for family with dancer
W243 delete: md<J' D' D' J' J' h' D'> pdf<>  | ctx: cube for family with dancer D' and
W244 delete: md<J'> pdf<>  | ctx: With and so and In the cube
W245 delete: md<J'> pdf<>  | ctx: In the cube J' is odd With
W246 delete: md<D' J' h'> pdf<>  | ctx: cube have the raw clock Proof For
W247 delete: md<D' J'> pdf<>  | ctx: J' h' and so Lemma gives For
W248 delete: md<h'> pdf<>  | ctx: so Lemma gives For D' J' and
W249 insert: md<> pdf<exp>  | ctx: of Dist lattices and Theorem gives with
W250 delete: md<exp> pdf<>  | ctx: Dist lattices and Theorem gives with and
W251 replace: md<Ch Sh> pdf<ChSh>  | ctx: of which is therefore free over From
W252 replace: md<Ch Sh> pdf<ChSh>  | ctx: has the matrix in this basis with
W253 delete: md<G'> pdf<>  | ctx: coinvariants acts as By Proposition with coker
W254 delete: md<G'> pdf<>  | ctx: as By Proposition with coker G' with
W255 delete: md<G'> pdf<>  | ctx: odd for even for odd So coker
W256 delete: md<G'> pdf<>  | ctx: conjugation by the floor units with turn
W257 insert: md<> pdf<and glue glue glue>  | ctx: cokernel For operators on put on glue
W258 delete: md<and glue glue X' Y' glue XX' YY'> pdf<>  | ctx: on glue so that glue diag with
W259 delete: md<JF> pdf<>  | ctx: on with Modulo so coker With and
W260 delete: md<xy> pdf<>  | ctx: at the target floor with the product
W261 replace: md<floor graded> pdf<floorgraded>  | ctx: in An element of acts on every
W262 delete: md<s'> pdf<>  | ctx: for system of size is an matrix
W263 delete: md<s'> pdf<>  | ctx: is an matrix s' over acting on
W264 delete: md<s'> pdf<>  | ctx: over acting on s' maps the slot
W265 delete: md<N'> pdf<>  | ctx: of size or The twist map On
W266 delete: md<N' N'> pdf<>  | ctx: writes the action of in the slots
W267 delete: md<N'> pdf<>  | ctx: first source slot second with those of
W268 delete: md<n'> pdf<>  | ctx: with those of N' The floor of
W269 delete: md<n' n'> pdf<>  | ctx: The floor of n' is for instance
W270 delete: md<N'> pdf<>  | ctx: odd Since this is the action on
W271 delete: md<N'> pdf<>  | ctx: is the action on N' for every
W272 delete: md<x' x'> pdf<>  | ctx: the action of in the slots is
W273 delete: md<N'> pdf<>  | ctx: Let be system of size on If
W274 insert: md<> pdf<with pivot Dd>  | ctx: the slots the slots and the sources
W275 delete: md<with pivot Dd> pdf<>  | ctx: as the slots the slots then Dd
W276 delete: md<N'> pdf<>  | ctx: pivot Dd blocks of size over If
W277 delete: md<N'> pdf<>  | ctx: over If N' first split size on
W278 delete: md<N' r'> pdf<>  | ctx: move is clean if is invertible on
W279 delete: md<G'> pdf<>  | ctx: Dd mod then the next system is
W280 delete: md<r'> pdf<>  | ctx: the next system is G' of size
W281 delete: md<N'> pdf<>  | ctx: is G' of size r' or on
W282 delete: md<uG> pdf<>  | ctx: the matrix of Theorem and for unit
W283 delete: md<G'> pdf<>  | ctx: the identity and Dd so which is
W284 delete: md<G'> pdf<>  | ctx: twist move is clean is invertible and
W285 delete: md<G'> pdf<>  | ctx: is clean is invertible and G' with
W286 delete: md<G'> pdf<>  | ctx: so that the next move applies to
W287 delete: md<G''> pdf<>  | ctx: the coefficient on each eliminated vector and
W288 delete: md<G''> pdf<>  | ctx: on each eliminated vector and G'' with
W289 replace: md<uDd uB uP uC uS> pdf<Dd>  | ctx: By and Proposition For the last claim
W290 insert: md<> pdf<into diag and then into>  | ctx: of equal Smith form have isomorphic cokernels
W291 delete: md<into diag and then into> pdf<>  | ctx: unimodular row and column operations turn Dd
W292 delete: md<Proof In the order of Dd> pdf<>  | ctx: both are fixed by the word alone
W293 insert: md<> pdf<Proof In the order of Dd>  | ctx: invertible so is and the block of
W294 delete: md<YX YX> pdf<>  | ctx: and Corollary Suppose in Then for dancers
W295 delete: md<YX> pdf<>  | ctx: in Then for dancers YX YX where
W296 delete: md<YX> pdf<>  | ctx: YX depends only on the word and
W297 delete: md<YX> pdf<>  | ctx: only the term has that floor Put
W298 delete: md<DD' D'> pdf<>  | ctx: matrix of multiplication by in the basis
W299 delete: md<D'> pdf<>  | ctx: by in the basis DD' D' if
W300 delete: md<D' D' D'> pdf<>  | ctx: the basis DD' D' if D' else
W301 delete: md<DD' D'> pdf<>  | ctx: D' D' D' diagonal and invertible and
W302 delete: md<ij ij> pdf<>  | ctx: same size is the matrix with entries
W303 delete: md<ij> pdf<>  | ctx: with entries ij ij Lemma stability If
W304 delete: md<E'> pdf<>  | ctx: Lemma stability If ij for all then
W305 delete: md<E' ij> pdf<>  | ctx: If ij for all then E' with
W306 delete: md<D'> pdf<>  | ctx: constant term for for everything is its
W307 delete: md<D'> pdf<>  | ctx: is sum over the ordered partitions of
W308 delete: md<DD' D'> pdf<>  | ctx: of so by the strict subadditivity of
W309 delete: md<D'> pdf<>  | ctx: of DD' D' and it vanishes unless
W310 delete: md<D'> pdf<>  | ctx: Put Then which converges because mod The
W311 delete: md<D'> pdf<>  | ctx: the th term is sum over chains
W312 delete: md<D'> pdf<>  | ctx: of products whose valuation is at least
W313 delete: md<D'> pdf<>  | ctx: valuation is at least D' which is
W314 delete: md<DD'> pdf<>  | ctx: D' which is D' by subadditivity Since
W315 delete: md<D'> pdf<>  | ctx: D' by subadditivity Since DD' is exactly
W316 delete: md<DD'> pdf<>  | ctx: DD' is exactly D' the terms change
W317 delete: md<E' DD'> pdf<>  | ctx: D' the terms change DD' by factor
W318 delete: md<E' DD'> pdf<>  | ctx: change DD' by factor E' DD' with
W319 delete: md<E'> pdf<>  | ctx: the dance of along is clean then
W320 delete: md<E'> pdf<>  | ctx: of along is clean then E' with
W321 delete: md<D'> pdf<>  | ctx: shift system of level is covariant if
W322 delete: md<D'> pdf<>  | ctx: of level is covariant if D' unless
W323 delete: md<D' D'> pdf<>  | ctx: D' and there are functions such that
W324 delete: md<D'> pdf<>  | ctx: at the target floor depends only on
W325 delete: md<a'> pdf<>  | ctx: and ker mod for every Proof If
W326 delete: md<a'> pdf<>  | ctx: If a' for all the power series
W327 delete: md<ab> pdf<>  | ctx: it vanishes by Strassmann's theorem Str Products
W328 delete: md<GH D' D' D'> pdf<>  | ctx: where is its constant term Proof For
W329 delete: md<D'> pdf<>  | ctx: sum over is sum over the decompositions
W330 delete: md<f'> pdf<>  | ctx: not change the dancers The position of
W331 delete: md<y' f'> pdf<>  | ctx: The position of f' at level is
W332 delete: md<f'> pdf<>  | ctx: level is y' f' the level floors
W333 delete: md<f'> pdf<>  | ctx: y' f' the level floors f' and
W334 delete: md<y'> pdf<>  | ctx: floors f' and f' have the positions
W335 delete: md<y'> pdf<>  | ctx: and f' have the positions y' and
W336 delete: md<y' y' y'> pdf<>  | ctx: of the blocks have the coefficient functions
W337 delete: md<y'> pdf<>  | ctx: the coefficient functions y' y' y' Dd
W338 delete: md<y'> pdf<>  | ctx: odd The diagonal constant term of is
W339 delete: md<y' y' y'> pdf<>  | ctx: clean and For the new payment is
W340 delete: md<y'> pdf<>  | ctx: coefficient of on the diagonal of is
W341 delete: md<BP> pdf<>  | ctx: is y' from Dd minus terms of
W342 delete: md<D'> pdf<>  | ctx: their functions and the new coupling from
W343 delete: md<E'> pdf<>  | ctx: by that stays integral For Theorem gives
W344 delete: md<E'> pdf<>  | ctx: stays integral For Theorem gives E' with
W345 replace: md<odd family> pdf<oddfamily>  | ctx: systems of size on Their arms are
W346 delete: md<G'> pdf<>  | ctx: every value is mod Lemma modulo Let
W347 delete: md<G'> pdf<>  | ctx: both satisfy and of Theorem and suppose
W348 delete: md<G'> pdf<>  | ctx: mod every coefficient at every position Then
W349 delete: md<G'> pdf<>  | ctx: is invisible modulo Now pass from to
W350 delete: md<S'> pdf<>  | ctx: is of payment which is even So
W351 delete: md<G'> pdf<>  | ctx: which is even So S' mod and
W352 insert: md<> pdf<which acts on the outer slot Every>  | ctx: every level and in particular glue glue
W353 delete: md<which acts on the outer slot Every> pdf<>  | ctx: Proof glue diag with the scalar matrix
W354 delete: md<ZL> pdf<>  | ctx: the inner structure so the move of
W355 delete: md<U'> pdf<>  | ctx: glue as rational systems glued system glue
W356 delete: md<U'> pdf<>  | ctx: U' is integral if and only if
W357 delete: md<U'> pdf<>  | ctx: only if U' mod its pivot glue
W358 delete: md<U'> pdf<>  | ctx: invertible over and its Schur complement glue
W359 delete: md<U'> pdf<>  | ctx: U' is mod if and only if
W360 delete: md<U'> pdf<>  | ctx: if and only if U' mod and
W361 delete: md<U'> pdf<>  | ctx: U' mod and U' mod that is
W362 replace: md<YX YX YX> pdf<as in>  | ctx: Mat Proof Put and As in Corollary
W363 delete: md<YX> pdf<>  | ctx: As in Corollary YX YX YX where
W364 delete: md<as in> pdf<>  | ctx: YX where YX on the window Expand
W365 delete: md<s'> pdf<>  | ctx: term of is landed skipped Here and
W366 delete: md<s'> pdf<>  | ctx: is landed skipped Here and s' where
W367 delete: md<YX> pdf<>  | ctx: is the number of skipped floors So
W368 delete: md<E'> pdf<>  | ctx: of skipped floors So YX By Theorem
W369 delete: md<DX DY YX> pdf<>  | ctx: with independent of as Each term of
W370 delete: md<YX> pdf<>  | ctx: non empty and on it cancels and
W371 delete: md<U'> pdf<>  | ctx: mod For the second side put and
W372 delete: md<U'> pdf<>  | ctx: in with and proof of Corollary With
W373 delete: md<U'> pdf<>  | ctx: Lemma the dances of glue and glue
W374 delete: md<U'> pdf<>  | ctx: Corollary with and whose shifts are glue
W375 insert: md<> pdf<is integral>  | ctx: shifts are glue U' glue glue glue
W376 delete: md<X' Y'> pdf<>  | ctx: U' glue glue glue since glue glue
W377 delete: md<XX' YY'> pdf<>  | ctx: glue since glue glue X' Y' glue
W378 delete: md<is integral> pdf<>  | ctx: X' Y' glue XX' YY' Now glue
W379 delete: md<U'> pdf<>  | ctx: have Mat Mat and the identity glue
W380 delete: md<gate dance py> pdf<>  | ctx: clocks coker Theorem against the dance code
W381 delete: md<gate sections to py> pdf<>  | ctx: form of against the pooled clocks code
W382 delete: md<Theorem the construction of and the claims of its proof for three admissible prices code gate sections to py> pdf<>  | ctx: in all cells where pooling changes them
W383 delete: md<v' I'> pdf<>  | ctx: failures without gold fails in houses with
W384 delete: md<Theorem strict Cut Lemma where it is applied the penalty shifts and the deletion at code gate strict cut py> pdf<>  | ctx: fails in houses with v' I' in
W385 delete: md<Lemma the fit of of its shifts and of its deletions is integral code gate strict cut py> pdf<>  | ctx: late breaks the integer shift in of
W386 replace: md<non integral> pdf<nonintegral>  | ctx: at its first dancer not house has
W387 insert: md<> pdf<gate dance py gate sections to py Theorem the construction of and the claims of its proof for three admissible prices code gate sections to py Theorem>  | ctx: count is not in and in cases
W388 delete: md<gate section py> pdf<>  | ctx: that fails for values of Propositions code
W389 delete: md<gate section py> pdf<>  | ctx: weights of the Bernoulli formulas and code
W390 delete: md<Lemma on code gate section py> pdf<>  | ctx: and code gate section py failures none
W391 insert: md<> pdf<gate section py gate section py Lemma on code gate section py>  | ctx: in remark seed as stated there none
W392 insert: md<> pdf<statement reader range result control>  | ctx: even fires Theorem houses with failures none
W393 insert: md<> pdf<statement reader range result control>  | ctx: dancer after the boundary fails in of
W394 delete: md<iT> pdf<>  | ctx: sign free fold fail from the definition
W395 replace: md<non integral> pdf<nonintegral>  | ctx: with with with houses and cells no
W396 insert: md<> pdf<Aky Bai>  | ctx: not yet been read cold References ABERS
W397 delete: md<Aky> pdf<>  | ctx: sampling with incomplete information Ann Math Statist
W398 delete: md<Bai> pdf<>  | ctx: in the sandpile group of square arXiv
W399 insert: md<> pdf<Yue>  | ctx: groups in harmonic abelian quotients arXiv Wil
W400 delete: md<Yue> pdf<>  | ctx: matrices of subsets vs subsets European Combin
word ops: 400  md words 19369  pdf words 18842
VIGIA-FIN-OK exit=0 pico_kb=17232 t=3s
