W1 insert: md<> pdf<SL>  | md ctx: over the indecomposable tilting modules of
W2 replace: md<non increasing> pdf<nonincreasing>  | md ctx: integers binomial valuations and carries into
W3 insert: md<> pdf<Syl>  | md ctx: group of the folded cube is
W4 insert: md<> pdf<Syl>  | md ctx: Main Theorem the Dancing Sand Theorem
W5 insert: md<> pdf<coker>  | md ctx: known group of small clocks plus
W6 insert: md<> pdf<Syl Syl>  | md ctx: the fold law dry and wet
W7 insert: md<> pdf<Syl Syl with every exponent raised by one>  | md ctx: fold law dry and wet equivalently
W8 insert: md<> pdf<Syl>  | md ctx: Corollary the largest cyclic factors of
W9 insert: md<> pdf<Syl Syl>  | md ctx: factor of the poster MGM Corollary
W10 insert: md<> pdf<Syl Syl>  | md ctx: subgroup Bai for an odd prime
W11 insert: md<> pdf<Syl>  | md ctx: every The main theorem We write
W12 insert: md<> pdf<next min>  | md ctx: set of the others For put
W13 insert: md<> pdf<next>  | md ctx: of the others For put and
W14 insert: md<> pdf<SL>  | md ctx: of the indecomposable tilting module of
W15 insert: md<> pdf<mod>  | md ctx: power of the natural module Only
W16 insert: md<> pdf<mod>  | md ctx: block of positions with sum by
W17 insert: md<> pdf<mod>  | md ctx: sum by copies of followed by
W18 insert: md<> pdf<Syl mod>  | md ctx: Sand Theorem For every as modules
W19 insert: md<> pdf<dim>  | md ctx: factors of each copy of is
W20 insert: md<> pdf<Syl>  | md ctx: small clocks raw clocks and So
W21 insert: md<> pdf<Syl Syl>  | md ctx: DW the fold law For every
W22 insert: md<> pdf<Syl Syl with every exponent raised by one>  | md ctx: is the subgroup of doubles Equivalently
W23 insert: md<> pdf<Syl>  | md ctx: dance are explained in Example For
W24 insert: md<> pdf<Syl>  | md ctx: explained in Example For and so
W25 insert: md<> pdf<Syl>  | md ctx: of the folded cube For every
W26 insert: md<> pdf<Syl Syl even>  | md ctx: by one For every odd prime
W27 insert: md<> pdf<Syl>  | md ctx: the fold law every factor of
W28 insert: md<> pdf<Syl>  | md ctx: checked Consequences Corollary Bai Bai Theorems
W29 insert: md<> pdf<Syl>  | md ctx: the number of cyclic factors of
W30 insert: md<> pdf<Syl>  | md ctx: exponents of the cyclic factors of
W31 insert: md<> pdf<max max>  | md ctx: factors of in decreasing order and
W32 insert: md<> pdf<max>  | md ctx: the podium Put For every even
W33 insert: md<> pdf<max>  | md ctx: even and odd and odd and
W34 insert: md<> pdf<max>  | md ctx: odd and odd and In particular
W35 insert: md<> pdf<max>  | md ctx: In particular and for GMMY Theorems
W36 insert: md<> pdf<Syl Syl>  | md ctx: MGM Corollary GMMY Conjecture For every
W37 insert: md<> pdf<SL>  | md ctx: proof The group ring as an
W38 insert: md<> pdf<SL>  | md ctx: tensor of the natural module of
W39 insert: md<> pdf<SL>  | md ctx: an element of the hyperalgebra of
W40 insert: md<> pdf<SL>  | md ctx: only an elementary lifting lemma for
W41 insert: md<> pdf<coker>  | md ctx: moves is the small clocks plus
W42 insert: md<> pdf<exp>  | md ctx: each family the antipode acts as
W43 insert: md<> pdf<next>  | md ctx: valuation carries of family dancers gaps
W44 insert: md<> pdf<SL>  | md ctx: Laplacian element the natural module of
W45 insert: md<> pdf<coker>  | md ctx: matrix over with non zero determinant
W46 insert: md<> pdf<SL>  | md ctx: is the indecomposable tilting module of
W47 insert: md<> pdf<our word standard meaning where>  | md ctx: this floor is not the grading
W48 insert: md<> pdf<next>  | md ctx: gates the intervals of binary digits
W49 insert: md<> pdf<Syl>  | md ctx: podium the largest cyclic factors of
W50 insert: md<> pdf<glue>  | md ctx: even family the triangular block form
W51 insert: md<> pdf<Syl>  | md ctx: their Table reproduces Bai's table of
W52 insert: md<> pdf<SL>  | md ctx: The multiplicities of tilting modules of
W53 insert: md<> pdf<SL>  | md ctx: the short elementary proofs needed for
W54 replace: md<subset intersection> pdf<subsetintersection>  | md ctx: Sin's school CSX DHS and the
W55 insert: md<> pdf<SL>  | md ctx: as module over the hyperalgebra of
W56 insert: md<> pdf<coker on>  | md ctx: as multiplication by Since is connected
W57 insert: md<> pdf<Syl>  | md ctx: write the adjacency matrix CSX Since
W58 insert: md<> pdf<Syl coker on>  | md ctx: and is right exact we have
W59 insert: md<> pdf<Dist>  | md ctx: over with generators Its Kostant form
W60 insert: md<> pdf<SL>  | md ctx: it is the distribution algebra of
W61 insert: md<> pdf<min>  | md ctx: distribution algebra of over Kostant's formula
W62 insert: md<> pdf<Dist Dist>  | md ctx: Kostant's formula holds in Put and
W63 insert: md<> pdf<Dist>  | md ctx: the same for and lattice is
W64 insert: md<> pdf<mod>  | md ctx: every weight of with the weights
W65 insert: md<> pdf<Dist>  | md ctx: letters has weight Corollary If as
W66 insert: md<> pdf<Syl coker on>  | md ctx: weight Corollary If as modules then
W67 insert: md<> pdf<Dist>  | md ctx: then Proof is an element of
W68 insert: md<> pdf<Dist>  | md ctx: through and so every isomorphism of
W69 insert: md<> pdf<Dist>  | md ctx: weight with highest weight vector and
W70 insert: md<> pdf<Dist>  | md ctx: Let be the anti involution of
W71 insert: md<> pdf<Hom>  | md ctx: with For lattice the contravariant dual
W72 insert: md<> pdf<Dist>  | md ctx: they span saturated sublattice it is
W73 insert: md<> pdf<Dist>  | md ctx: with as highest weight vector and
W74 insert: md<> pdf<Dist>  | md ctx: since for so the quotient is
W75 insert: md<> pdf<Dist>  | md ctx: saturated sublattices On for and as
W76 insert: md<> pdf<Dist>  | md ctx: by integers So is stable under
W77 insert: md<> pdf<mod>  | md ctx: as modules On vector of weight
W78 insert: md<> pdf<th vector>  | md ctx: for and for The diagonal map
W79 insert: md<> pdf<top>  | md ctx: simple module is determined by and
W80 insert: md<> pdf<Dist>  | md ctx: the map commutes with hence with
W81 insert: md<> pdf<Dist>  | md ctx: commutes with hence with and with
W82 insert: md<> pdf<Dist>  | md ctx: same formula as on so is
W83 insert: md<> pdf<Ext>  | md ctx: splitting the extension Lemma For all
W84 insert: md<> pdf<Dist>  | md ctx: extension Lemma For all extensions of
W85 insert: md<> pdf<Dist>  | md ctx: integer coefficients and the lie in
W86 insert: md<> pdf<Ext>  | md ctx: if has filtration and filtration then
W87 insert: md<> pdf<HomDist HomDist>  | md ctx: filtration then and the reduction map
W88 insert: md<> pdf<Ext>  | md ctx: the duality identifies the group with
W89 insert: md<> pdf<Ext>  | md ctx: case The long exact sequences of
W90 insert: md<> pdf<Ext>  | md ctx: sequences of along the filtrations give
W91 insert: md<> pdf<Hom>  | md ctx: of along the filtrations give Applying
W92 insert: md<> pdf<Hom Hom Ext>  | md ctx: multiplication by gives the exact sequence
W93 insert: md<> pdf<HomDist HomDist>  | md ctx: by gives the exact sequence and
W94 insert: md<> pdf<mod>  | md ctx: and its inverse to Lemma Then
W95 insert: md<> pdf<End>  | md ctx: to Lemma Then in the ring
W96 insert: md<> pdf<ch>  | md ctx: occurs once and its character is
W97 insert: md<> pdf<ch ch>  | md ctx: once and its character is because
W98 insert: md<> pdf<ch ch>  | md ctx: and its character is because and
W99 insert: md<> pdf<Dist>  | md ctx: the family decomposition For every as
W100 insert: md<> pdf<SL>  | md ctx: is the indecomposable tilting module of
W101 insert: md<> pdf<coker on>  | md ctx: of floor on weight and put
W102 insert: md<> pdf<Syl>  | md ctx: and put For Theorem For every
W103 insert: md<> pdf<max>  | md ctx: Let be lattice graded by floors
W104 insert: md<> pdf<coker coker>  | md ctx: even payment system of size on
W105 insert: md<> pdf<coker>  | md ctx: for each and we see that
W106 insert: md<> pdf<Dd>  | md ctx: move Let For of floor put
W107 insert: md<> pdf<Dd Dd>  | md ctx: of over the bases of and
W108 insert: md<> pdf<coker coker>  | md ctx: even payment system of size on
W109 insert: md<> pdf<Dd>  | md ctx: relations and have coefficient on and
W110 insert: md<> pdf<coupling of Proposition at>  | md ctx: eliminate those vectors Substituting into gives
W111 insert: md<> pdf<Dd>  | md ctx: Substituting into gives and substituting into
W112 insert: md<> pdf<coupling of Proposition at>  | md ctx: into gives and substituting into gives
W113 insert: md<> pdf<coker>  | md ctx: lower triangular matrix of size and
W114 insert: md<> pdf<rank>  | md ctx: which Each move halves the rank
W115 insert: md<> pdf<coker>  | md ctx: move halves the rank and turns
W116 insert: md<> pdf<coker>  | md ctx: halves the rank and turns into
W117 insert: md<> pdf<coker>  | md ctx: move gives We use the notation
W118 insert: md<> pdf<For>  | md ctx: each couplings only from to and
W119 delete: md<For> pdf<>  | md ctx: from to and where satisfies and
W120 delete: md<so> pdf<>  | md ctx: recursion Put and Then gives and
W121 insert: md<> pdf<so>  | md ctx: there is only the floor and
W122 insert: md<> pdf<min>  | md ctx: law Lemma deficit law and for
W123 insert: md<> pdf<min>  | md ctx: term of is for We prove
W124 insert: md<> pdf<max>  | md ctx: is for We prove for every
W125 insert: md<> pdf<max>  | md ctx: induction on and then on Let
W126 insert: md<> pdf<min>  | md ctx: on and then on Let and
W127 insert: md<> pdf<min min>  | md ctx: into non empty parts One of
W128 insert: md<> pdf<max min min>  | md ctx: digits of and is strictly subadditive
W129 insert: md<> pdf<coker>  | md ctx: every family every and every shift
W130 insert: md<> pdf<Syl>  | md ctx: have the valuations Hence by Theorem
W131 insert: md<> pdf<coker>  | md ctx: of the small clocks and of
W132 insert: md<> pdf<dim>  | md ctx: when against for the Laplacian and
W133 insert: md<> pdf<next>  | md ctx: family and shift put For recall
W134 insert: md<> pdf<min>  | md ctx: and shift put For recall Let
W135 insert: md<> pdf<min>  | md ctx: and the ruler the gold of
W136 insert: md<> pdf<min>  | md ctx: gold of the gaps of above
W137 insert: md<> pdf<min>  | md ctx: Lemma if and only if or
W138 insert: md<> pdf<min min>  | md ctx: only if or tail of Proof
W139 insert: md<> pdf<min>  | md ctx: the gaps telescope and the digits
W140 replace: md<Proof> pdf<By Legendre's forProof>  | md ctx: Proposition the cost form For dancers
W141 replace: md<By Legendre's formula> pdf<mula>  | md ctx: form For dancers Proof By Theorem
W142 insert: md<> pdf<next>  | md ctx: Adding to carries through the positions
W143 insert: md<> pdf<next>  | md ctx: which lie in and stops at
W144 insert: md<> pdf<next>  | md ctx: nor by any other the stretches
W145 insert: md<> pdf<min>  | md ctx: and every and for with Explicitly
W146 insert: md<> pdf<min>  | md ctx: every and for with Explicitly with
W147 insert: md<> pdf<min>  | md ctx: Explicitly with Proof Let Then and
W148 insert: md<> pdf<min>  | md ctx: Proof Let Then and so that
W149 insert: md<> pdf<min min min>  | md ctx: against at while is unchanged and
W150 insert: md<> pdf<min min min min>  | md ctx: at while is unchanged and So
W151 insert: md<> pdf<min min>  | md ctx: while is unchanged and So and
W152 insert: md<> pdf<det>  | md ctx: the rest Corollary the natural minor
W153 replace: md<non negative> pdf<nonnegative>  | md ctx: add up to The gold is
W154 insert: md<> pdf<fit>  | md ctx: For real sequence its antitonic fit
W155 insert: md<> pdf<mod>  | md ctx: with sum necessarily the values by
W156 insert: md<> pdf<mod>  | md ctx: values by copies of followed by
W157 insert: md<> pdf<fit>  | md ctx: Lemma characterization non increasing sequence is
W158 insert: md<> pdf<fit>  | md ctx: that is cut at position if
W159 insert: md<> pdf<fit>  | md ctx: position if is the concatenation of
W160 insert: md<> pdf<fit>  | md ctx: if is the concatenation of and
W161 insert: md<> pdf<fit fit>  | md ctx: The cut is strict if moreover
W162 insert: md<> pdf<fit fit>  | md ctx: is strict if moreover position with
W163 insert: md<> pdf<fit>  | md ctx: only if no level set of
W164 insert: md<> pdf<fit>  | md ctx: and Lemma cuts and shifts If
W165 insert: md<> pdf<fit>  | md ctx: cuts and shifts If followed by
W166 insert: md<> pdf<fit fit>  | md ctx: constant between consecutive cut positions Then
W167 insert: md<> pdf<fit>  | md ctx: constant on every level set of
W168 insert: md<> pdf<fit>  | md ctx: changes is strict cut of then
W169 insert: md<> pdf<fit>  | md ctx: then has the level sets of
W170 insert: md<> pdf<fit fit>  | md ctx: the integer fit of plus If
W171 insert: md<> pdf<fit fit>  | md ctx: integer fit of plus If or
W172 insert: md<> pdf<const>  | md ctx: On each piece the fit of
W173 insert: md<> pdf<fit>  | md ctx: set Two adjacent level sets of
W174 insert: md<> pdf<fit>  | md ctx: constants so the level sets of
W175 insert: md<> pdf<fit>  | md ctx: level sets of are those of
W176 insert: md<> pdf<mod>  | md ctx: position adds to the sum keeps
W177 insert: md<> pdf<fit>  | md ctx: is cut at but not strictly
W178 insert: md<> pdf<fit>  | md ctx: integer fit of plus is Suppose
W179 insert: md<> pdf<fit>  | md ctx: of plus is Suppose agrees with
W180 insert: md<> pdf<fit>  | md ctx: set is final level set of
W181 insert: md<> pdf<mod>  | md ctx: size and sum the rule gives
W182 insert: md<> pdf<fit>  | md ctx: Let be antisymmetric of length let
W183 insert: md<> pdf<fit max min>  | md ctx: be the integer fit of Then
W184 insert: md<> pdf<max min>  | md ctx: and the integer fit of is
W185 insert: md<> pdf<fit>  | md ctx: are the mirror negatives of so
W186 insert: md<> pdf<last positions of>  | md ctx: the first positions of has sum
W187 insert: md<> pdf<fit>  | md ctx: positions of which is again So
W188 insert: md<> pdf<Cell>  | md ctx: in For integers the penalty cell
W189 insert: md<> pdf<mod>  | md ctx: is Lemma real cells Let and
W190 insert: md<> pdf<Cell>  | md ctx: Then and so the cell is
W191 insert: md<> pdf<next>  | md ctx: one of and Windows For let
W192 insert: md<> pdf<min>  | md ctx: of starting at bit and put
W193 replace: md<if> pdf<sat>  | md ctx: starting at bit and put if
W194 insert: md<> pdf<if sat min>  | md ctx: if if the window is saturated
W195 insert: md<> pdf<next>  | md ctx: if and none otherwise carry leaves
W196 insert: md<> pdf<min>  | md ctx: the ones of at there are
W197 insert: md<> pdf<carries in>  | md ctx: no carry is born there Finally
W198 insert: md<> pdf<max mod>  | md ctx: into Lemma the top digit Let
W199 insert: md<> pdf<sat>  | md ctx: the top digit Let and let
W200 insert: md<> pdf<sat sat>  | md ctx: the window of of length For
W201 insert: md<> pdf<next>  | md ctx: and in the predecessor of has
W202 insert: md<> pdf<fit>  | md ctx: mirror and these cuts are strict
W203 insert: md<> pdf<sat>  | md ctx: one dancer and Let and let
W204 insert: md<> pdf<mirror>  | md ctx: its mirror is an up set
W205 insert: md<> pdf<fit>  | md ctx: Lemma the real fit of is
W206 insert: md<> pdf<fit>  | md ctx: is with the level sets of
W207 insert: md<> pdf<max min>  | md ctx: its integer fit is By Lemma
W208 insert: md<> pdf<max>  | md ctx: By Lemma since With for so
W209 insert: md<> pdf<sat>  | md ctx: follows by antisymmetry Cut By Lemma
W210 insert: md<> pdf<sat>  | md ctx: by antisymmetry Cut By Lemma or
W211 insert: md<> pdf<sat>  | md ctx: its values on the two halves
W212 insert: md<> pdf<fit>  | md ctx: is positive before and by Lemma
W213 insert: md<> pdf<fit>  | md ctx: half is cut at step so
W214 insert: md<> pdf<fit max>  | md ctx: is strict on the first half
W215 insert: md<> pdf<fit>  | md ctx: on the first half Lemma and
W216 insert: md<> pdf<fit>  | md ctx: the first half Lemma and with
W217 insert: md<> pdf<max>  | md ctx: is the dancer before and So
W218 insert: md<> pdf<sat>  | md ctx: before and So drops strictly at
W219 insert: md<> pdf<fit>  | md ctx: middle of the sequence and so
W220 insert: md<> pdf<fit>  | md ctx: at the middle It is strict
W221 insert: md<> pdf<min>  | md ctx: It is strict is at and
W222 insert: md<> pdf<sat>  | md ctx: is strict is at and at
W223 insert: md<> pdf<fit fit>  | md ctx: second half is negative from on
W224 insert: md<> pdf<fit min>  | md ctx: strict as on the second half
W225 insert: md<> pdf<fit>  | md ctx: on the second half Lemma and
W226 insert: md<> pdf<min>  | md ctx: at where it is negative So
W227 insert: md<> pdf<sat>  | md ctx: negative So drops strictly at Otherwise
W228 insert: md<> pdf<max min>  | md ctx: dancer just after if any Put
W229 insert: md<> pdf<max min>  | md ctx: for and because So the interval
W230 insert: md<> pdf<Cell>  | md ctx: the clocks of every penalty cell
W231 insert: md<> pdf<fit>  | md ctx: fit of the first half is
W232 insert: md<> pdf<fit max min>  | md ctx: integral by induction and by Lemma
W233 insert: md<> pdf<fit>  | md ctx: first dancer is the restriction of
W234 insert: md<> pdf<mod>  | md ctx: with positions the sum is so
W235 insert: md<> pdf<Cell>  | md ctx: case By Lemma the cell is
W236 insert: md<> pdf<mod>  | md ctx: By Lemma the cell is with
W237 insert: md<> pdf<Syl>  | md ctx: the Main Theorem Let By Theorem
W238 insert: md<> pdf<mod>  | md ctx: Let By Theorem the sum over
W239 insert: md<> pdf<coker>  | md ctx: Theorem is the small clocks plus
W240 insert: md<> pdf<coker>  | md ctx: fit of the clocks Those of
W241 insert: md<> pdf<coker>  | md ctx: are and and by Proposition So
W242 insert: md<> pdf<mean>  | md ctx: and its integer fit takes values
W243 insert: md<> pdf<dim>  | md ctx: Corollary copy of family with contributes
W244 insert: md<> pdf<dim>  | md ctx: Lemma only families with occur and
W245 insert: md<> pdf<Syl>  | md ctx: families with occur and Theorem So
W246 insert: md<> pdf<dim>  | md ctx: clock with and family with has
W247 insert: md<> pdf<dim>  | md ctx: them The families with and are
W248 insert: md<> pdf<dim>  | md ctx: The families with and are and
W249 insert: md<> pdf<max>  | md ctx: Put so and as in Recall
W250 insert: md<> pdf<max>  | md ctx: as in Recall Lemma for For
W251 insert: md<> pdf<max>  | md ctx: them are the clearings of hence
W252 insert: md<> pdf<max max>  | md ctx: are the clearings of hence and
W253 insert: md<> pdf<max max>  | md ctx: for the pooled big clocks Then
W254 insert: md<> pdf<max>  | md ctx: big clocks Then for if then
W255 insert: md<> pdf<max>  | md ctx: With the antisymmetry of step reads
W256 insert: md<> pdf<min>  | md ctx: the antisymmetry of step reads and
W257 insert: md<> pdf<max>  | md ctx: and proof of Proposition The recursion
W258 insert: md<> pdf<max>  | md ctx: of Proposition The recursion with gives
W259 insert: md<> pdf<max max>  | md ctx: Proposition The recursion with gives So
W260 insert: md<> pdf<max>  | md ctx: level on the same recursion gives
W261 insert: md<> pdf<min>  | md ctx: the same recursion gives and so
W262 insert: md<> pdf<max max max>  | md ctx: be the pooled big clocks Then
W263 insert: md<> pdf<max>  | md ctx: dancer of the first half follows
W264 insert: md<> pdf<max>  | md ctx: takes over Lemma Lemma For and
W265 insert: md<> pdf<mod mod>  | md ctx: bits so carry leaves bit so
W266 insert: md<> pdf<mod mod>  | md ctx: so carry leaves bit so and
W267 insert: md<> pdf<mod>  | md ctx: carry leaves bit so and Then
W268 insert: md<> pdf<max>  | md ctx: family at shift is at most
W269 insert: md<> pdf<fit>  | md ctx: which keeps the level sets of
W270 insert: md<> pdf<fit>  | md ctx: is the first level set of
W271 insert: md<> pdf<mean>  | md ctx: and permutes the subsets of So
W272 insert: md<> pdf<even>  | md ctx: is and so is Lemma multiplicities
W273 insert: md<> pdf<mod>  | md ctx: Lemma multiplicities for and for odd
W274 insert: md<> pdf<mult>  | md ctx: the weight multiplicities of at are
W275 insert: md<> pdf<mult>  | md ctx: with multiplicity From the character of
W276 insert: md<> pdf<mult>  | md ctx: character of one factor turned and
W277 insert: md<> pdf<mod>  | md ctx: factors For even and for odd
W278 insert: md<> pdf<mult>  | md ctx: weights and gives the formulas with
W279 insert: md<> pdf<max>  | md ctx: with Proof of Corollary Let and
W280 insert: md<> pdf<log>  | md ctx: else rises above Small clocks are
W281 insert: md<> pdf<max max>  | md ctx: family where by Proposition and Lemma
W282 insert: md<> pdf<max>  | md ctx: Lemma and every other dancer is
W283 insert: md<> pdf<max>  | md ctx: since for The dancer is at
W284 insert: md<> pdf<max>  | md ctx: for The dancer is at where
W285 insert: md<> pdf<max>  | md ctx: value of If is even and
W286 insert: md<> pdf<mod>  | md ctx: of If is even and If
W287 insert: md<> pdf<max>  | md ctx: If is even and If and
W288 insert: md<> pdf<mod>  | md ctx: is even and If and If
W289 insert: md<> pdf<mod>  | md ctx: and If or because Also if
W290 insert: md<> pdf<max>  | md ctx: has two dancers at exactly at
W291 insert: md<> pdf<max>  | md ctx: dancers at exactly at and at
W292 insert: md<> pdf<max>  | md ctx: the family gives copies of at
W293 insert: md<> pdf<max>  | md ctx: and so the same walk gives
W294 insert: md<> pdf<max>  | md ctx: is because Reading off For even
W295 insert: md<> pdf<max>  | md ctx: exceeds which forces and otherwise so
W296 insert: md<> pdf<max>  | md ctx: otherwise so and The particular cases
W297 insert: md<> pdf<max>  | md ctx: GMMY Theorems for In all cases
W298 insert: md<> pdf<Syl>  | md ctx: all cases and for even For
W299 insert: md<> pdf<min>  | md ctx: the same and the set with
W300 insert: md<> pdf<mod>  | md ctx: set with positions and sum gets
W301 insert: md<> pdf<Syl Syl>  | md ctx: dancer at shift with and Cancelling
W302 insert: md<> pdf<exp exp>  | md ctx: dictionary of Lemma acts on as
W303 insert: md<> pdf<exp>  | md ctx: summand of at shift this is
W304 insert: md<> pdf<exp exp exp>  | md ctx: Proof On acts by Lemma and
W305 insert: md<> pdf<exp>  | md ctx: On acts by Lemma and Since
W306 insert: md<> pdf<floor>  | md ctx: is group like and so is
W307 insert: md<> pdf<floor exp>  | md ctx: like and so is so is
W308 insert: md<> pdf<Dist>  | md ctx: is carried by every isomorphism of
W309 insert: md<> pdf<exp>  | md ctx: of lattices and Theorem gives with
W310 insert: md<> pdf<Syl>  | md ctx: every with the multiplicities of Theorem
W311 insert: md<> pdf<Syl Syl Syl>  | md ctx: holds Proof By Theorem and Corollary
W312 insert: md<> pdf<Syl>  | md ctx: generated module is determined Passing to
W313 insert: md<> pdf<Syl>  | md ctx: to removes exactly the factors of
W314 insert: md<> pdf<Ch>  | md ctx: the half size lattice On put
W315 insert: md<> pdf<Sh>  | md ctx: half size lattice On put and
W316 insert: md<> pdf<Sh>  | md ctx: lattice On put and operators on
W317 insert: md<> pdf<Ch cosh>  | md ctx: and operators on is invertible With
W318 insert: md<> pdf<Sh sinh>  | md ctx: operators on is invertible With and
W319 insert: md<> pdf<Ch Sh>  | md ctx: as power series since For put
W320 insert: md<> pdf<Ch Sh tanh>  | md ctx: and operators on As power series
W321 insert: md<> pdf<Ch Sh coth>  | md ctx: operators on As power series and
W322 insert: md<> pdf<coker on coker on>  | md ctx: families For and every with and
W323 insert: md<> pdf<exp Ch Sh>  | md ctx: with and Proof On Proposition gives
W324 insert: md<> pdf<Ch Sh>  | md ctx: that of is one more so
W325 insert: md<> pdf<Sh>  | md ctx: of is one more so Since
W326 insert: md<> pdf<ChSh Sh>  | md ctx: which is therefore free over From
W327 insert: md<> pdf<ChSh>  | md ctx: the matrix in this basis with
W328 insert: md<> pdf<Sh>  | md ctx: matrix in this basis with and
W329 insert: md<> pdf<coker>  | md ctx: coinvariants acts as By Proposition with
W330 insert: md<> pdf<coker>  | md ctx: odd for even for odd So
W331 insert: md<> pdf<glue and glue glue glue>  | md ctx: cokernel For operators on put on
W332 insert: md<> pdf<glue diag>  | md ctx: operators on put on so that
W333 delete: md<and> pdf<>  | md ctx: on put on so that with
W334 insert: md<> pdf<coker glue on coker glue on>  | md ctx: Lemma even families For and every
W335 insert: md<> pdf<coker on>  | md ctx: regular module with generator Modulo so
W336 insert: md<> pdf<coker>  | md ctx: generator Modulo so with Modulo so
W337 insert: md<> pdf<coker on>  | md ctx: so With and is integral so
W338 insert: md<> pdf<coker coker glue>  | md ctx: and exchanging the two slots give
W339 insert: md<> pdf<coker coker>  | md ctx: So the fold law asks odd
W340 insert: md<> pdf<Sh>  | md ctx: Lemma have the same cokernel Note
W341 replace: md<floor graded> pdf<floorgraded>  | md ctx: An element of acts on every
W342 insert: md<> pdf<with pivot Dd>  | md ctx: slots the slots and the sources
W343 replace: md<with pivot> pdf<Dd>  | md ctx: as the slots the slots then
W344 insert: md<> pdf<Dd mod>  | md ctx: clean if is invertible on and
W345 insert: md<> pdf<Dd>  | md ctx: of degree is the identity and
W346 insert: md<> pdf<Dd>  | md ctx: split move Proposition eliminates the coordinates
W347 insert: md<> pdf<Dd>  | md ctx: against the sources in the basis
W348 insert: md<> pdf<Dd>  | md ctx: the twist move eliminates the coordinates
W349 insert: md<> pdf<Dd>  | md ctx: the same sources in the basis
W350 insert: md<> pdf<Dd>  | md ctx: and Proposition For the last claim
W351 insert: md<> pdf<coker on coker>  | md ctx: on whose dance is clean Then
W352 insert: md<> pdf<into diag and then into>  | md ctx: equal Smith form have isomorphic cokernels
W353 replace: md<into and then into> pdf<Dd diag>  | md ctx: unimodular row and column operations turn
W354 insert: md<> pdf<coker rank coker rank coker>  | md ctx: turn into and then into so
W355 insert: md<> pdf<out in>  | md ctx: invertible over Then for every level
W356 insert: md<> pdf<in>  | md ctx: over Then for every level where
W357 insert: md<> pdf<out>  | md ctx: floor to vector of of floor
W358 delete: md<Proof In the order of> pdf<>  | md ctx: are fixed by the word alone
W359 insert: md<> pdf<Proof In the order of Dd>  | md ctx: so is and the block of
W360 insert: md<> pdf<in>  | md ctx: is the window of Theorem Proof
W361 insert: md<> pdf<out>  | md ctx: of Theorem Proof has floor and
W362 insert: md<> pdf<in in>  | md ctx: reads the source at floor of
W363 insert: md<> pdf<out in>  | md ctx: the term has that floor Put
W364 insert: md<> pdf<mod>  | md ctx: unless Put Then which converges because
W365 insert: md<> pdf<coker on coker on>  | md ctx: valuations the same Smith form and
W366 insert: md<> pdf<coker coker>  | md ctx: form Proposition gives the cokernels and
W367 insert: md<> pdf<ker mod>  | md ctx: is ring homomorphism for every and
W368 insert: md<> pdf<mod>  | md ctx: cleanliness Let satisfy the payments are
W369 insert: md<> pdf<Dd>  | md ctx: the blocks have the coefficient functions
W370 insert: md<> pdf<Dd>  | md ctx: coefficient receives finitely many terms So
W371 insert: md<> pdf<Dd>  | md ctx: receives finitely many terms So Apply
W372 insert: md<> pdf<Dd>  | md ctx: So Apply because every coefficient of
W373 insert: md<> pdf<ker>  | md ctx: every coefficient function of lies in
W374 insert: md<> pdf<Dd>  | md ctx: contribute to the constant term and
W375 insert: md<> pdf<mod>  | md ctx: term and has none which is
W376 insert: md<> pdf<Dd>  | md ctx: on the diagonal of is from
W377 insert: md<> pdf<mod>  | md ctx: of or of that is payment
W378 insert: md<> pdf<new>  | md ctx: the new coupling from to has
W379 insert: md<> pdf<new>  | md ctx: couplings with an odd constant term
W380 insert: md<> pdf<gate remark>  | md ctx: used nowhere and the code is
W381 insert: md<> pdf<coker on>  | md ctx: unit constants and Then for every
W382 insert: md<> pdf<coker on coker on>  | md ctx: for even for odd By Theorem
W383 replace: md<odd family> pdf<oddfamily>  | md ctx: of size on Their arms are
W384 insert: md<> pdf<mod>  | md ctx: let It is ring homomorphism and
W385 insert: md<> pdf<mod>  | md ctx: ring By Lemma every value is
W386 insert: md<> pdf<mod>  | md ctx: satisfy and of Theorem and suppose
W387 insert: md<> pdf<mod>  | md ctx: every coefficient at every position Then
W388 insert: md<> pdf<Dd>  | md ctx: modulo is determined by modulo In
W389 insert: md<> pdf<Dd>  | md ctx: to whose image differs by Then
W390 insert: md<> pdf<mod>  | md ctx: by commutativity The inverse changes by
W391 insert: md<> pdf<mod>  | md ctx: by so changes by which is
W392 insert: md<> pdf<mod>  | md ctx: so changes by which is because
W393 insert: md<> pdf<mod>  | md ctx: of payment which is even So
W394 insert: md<> pdf<mod>  | md ctx: payment which is even So and
W395 insert: md<> pdf<mod>  | md ctx: whose dances along are clean with
W396 insert: md<> pdf<glue>  | md ctx: every level Then the dance of
W397 insert: md<> pdf<glue glue>  | md ctx: Then the dance of is clean
W398 replace: md<Proof with the scalar matrix> pdf<glue glue>  | md ctx: at every level and in particular
W399 insert: md<> pdf<Proof glue diag with the scalar matrix>  | md ctx: acts on the outer slot Every
W400 insert: md<> pdf<diag>  | md ctx: Schur complement are conjugated by For
W401 insert: md<> pdf<glue glue>  | md ctx: two dances side by side So
W402 insert: md<> pdf<glue>  | md ctx: So as rational systems glued system
W403 insert: md<> pdf<mod>  | md ctx: is integral if and only if
W404 insert: md<> pdf<glue>  | md ctx: if and only if its pivot
W405 insert: md<> pdf<glue>  | md ctx: invertible over and its Schur complement
W406 insert: md<> pdf<mod>  | md ctx: over and its Schur complement is
W407 insert: md<> pdf<mod>  | md ctx: complement is if and only if
W408 insert: md<> pdf<mod>  | md ctx: is if and only if and
W409 insert: md<> pdf<mod>  | md ctx: and only if and that is
W410 insert: md<> pdf<out in>  | md ctx: the bend Let unit constants and
W411 insert: md<> pdf<out out in in>  | md ctx: unit constants and with the maps
W412 insert: md<> pdf<Mat>  | md ctx: invertible its payments never vanish Then
W413 insert: md<> pdf<as in>  | md ctx: Proof Put and As in Corollary
W414 delete: md<as in> pdf<>  | md ctx: Corollary where on the window Expand
W415 insert: md<> pdf<landed skipped>  | md ctx: by the main term of is
W416 insert: md<> pdf<Mat>  | md ctx: the dances of are clean and
W417 insert: md<> pdf<mod>  | md ctx: Its payment is with which is
W418 insert: md<> pdf<out in>  | md ctx: the clean dances of and same
W419 insert: md<> pdf<mod>  | md ctx: and same so Likewise By Lemma
W420 insert: md<> pdf<Sh>  | md ctx: For every and every Proof Let
W421 insert: md<> pdf<even>  | md ctx: with and their payments are and
W422 insert: md<> pdf<mod>  | md ctx: are constants The arms are congruent
W423 insert: md<> pdf<mod>  | md ctx: with and proof of Corollary With
W424 insert: md<> pdf<glue>  | md ctx: so by Lemma the dances of
W425 insert: md<> pdf<glue>  | md ctx: by Lemma the dances of and
W426 replace: md<since Now> pdf<glue glue glue glue>  | md ctx: Corollary with and whose shifts are
W427 insert: md<> pdf<since glue glue glue Now glue>  | md ctx: shifts are since Now is integral
W428 insert: md<> pdf<mod>  | md ctx: are since Now is integral and
W429 insert: md<> pdf<Mat>  | md ctx: since Now is integral and so
W430 insert: md<> pdf<GL>  | md ctx: diagonal blocks so it lies in
W431 insert: md<> pdf<tanh>  | md ctx: and Lemma give The case Then
W432 insert: md<> pdf<Mat Mat>  | md ctx: uses with payments For we have
W433 insert: md<> pdf<glue glue glue>  | md ctx: For we have and the identity
W434 insert: md<> pdf<Mat>  | md ctx: and the identity with The set
W435 insert: md<> pdf<Mat>  | md ctx: the products and still lie in
W436 insert: md<> pdf<mod>  | md ctx: lie in then are defined and
W437 insert: md<> pdf<Syl Syl>  | md ctx: Corollary The part is Theorem DW
W438 insert: md<> pdf<Syl>  | md ctx: The part is Theorem DW is
W439 insert: md<> pdf<coker>  | md ctx: cube square matrix of size with
W440 insert: md<> pdf<Syl>  | md ctx: one for each cyclic factor of
W441 insert: md<> pdf<Syl>  | md ctx: each cyclic factor of By Corollary
W442 insert: md<> pdf<Syl>  | md ctx: of which are by Theorem DW
W443 insert: md<> pdf<rank>  | md ctx: are by Theorem DW has So
W444 insert: md<> pdf<exp>  | md ctx: the antipode through Lemma only is
W445 insert: md<> pdf<exp>  | md ctx: antipode was special because it is
W446 insert: md<> pdf<Syl Syl>  | md ctx: measured for every and every that
W447 insert: md<> pdf<Syl Syl>  | md ctx: the odd parts differ and that
W448 insert: md<> pdf<Syl>  | md ctx: part of the target abstractly with
W449 insert: md<> pdf<gate>  | md ctx: The code is in the folder
W450 insert: md<> pdf<gate direct py>  | md ctx: Theorem DW against that of code
W451 insert: md<> pdf<coker>  | md ctx: form of on against small clocks
W452 insert: md<> pdf<dim>  | md ctx: clocks Theorem against the dance code
W453 insert: md<> pdf<gate sections to py>  | md ctx: the formula for the clocks code
W454 delete: md<Theorem the construction of and the claims of its proof for three admissible prices code> pdf<>  | md ctx: all cells where pooling changes them
W455 delete: md<Theorem strict Cut Lemma where it is applied the penalty shifts and the deletion at code> pdf<>  | md ctx: gold fails in houses with in
W456 delete: md<Lemma the fit of of its shifts and of its deletions is integral code> pdf<>  | md ctx: breaks the integer shift in of
W457 replace: md<non integral> pdf<nonintegral>  | md ctx: its first dancer not house has
W458 insert: md<> pdf<gate lemma py>  | md ctx: houses Lemma on random sequences code
W459 insert: md<> pdf<gate theoremO py>  | md ctx: Theorem exactly one golden bijection code
W460 insert: md<> pdf<gate dance py gate sections to py Theorem the construction of and the claims of its proof for three admissible prices co>  | md ctx: is not in and in cases
W461 insert: md<> pdf<gate section py>  | md ctx: in cases Corollary Lemma Corollary code
W462 insert: md<> pdf<gate section py>  | md ctx: is exceeded in cells Corollary code
W463 delete: md<Lemma on code> pdf<>  | md ctx: Bernoulli formulas and code failures none
W464 insert: md<> pdf<gate section py>  | md ctx: and on the lattices of code
W465 insert: md<> pdf<gate remark py>  | md ctx: in fails Remark of measurement code
W466 insert: md<> pdf<remark>  | md ctx: fails Remark of measurement code in
W467 insert: md<> pdf<gate section py gate section py Lemma on code gate section py>  | md ctx: in seed as stated there none
W468 insert: md<> pdf<remark>  | md ctx: as stated there none The folder
W469 insert: md<> pdf<Syl>  | md ctx: row also give the example of
W470 insert: md<> pdf<Syl>  | md ctx: also give the example of and
W471 insert: md<> pdf<statement reader range result control>  | md ctx: fires Theorem houses with failures none
W472 insert: md<> pdf<statement reader range result control>  | md ctx: after the boundary fails in of
W473 replace: md<non integral> pdf<nonintegral>  | md ctx: with with houses and cells no
W474 insert: md<> pdf<gate dance py>  | md ctx: control announced and not implemented in
W475 insert: md<> pdf<max>  | md ctx: letters matrices as matrices limits under
W476 insert: md<> pdf<min>  | md ctx: matrices as matrices limits under and
W477 insert: md<> pdf<Aky Bai>  | md ctx: yet been read cold References ABERS
W478 delete: md<Aky> pdf<>  | md ctx: with incomplete information Ann Math Statist
W479 delete: md<Bai> pdf<>  | md ctx: the sandpile group of square arXiv
W480 insert: md<> pdf<SL>  | md ctx: Angew Math Lar Larsen Bounds for
W481 insert: md<> pdf<SL>  | md ctx: Math TW Tubbenhauer Wedrich Quivers for
W482 insert: md<> pdf<Yue>  | md ctx: in harmonic abelian quotients arXiv Wil
W483 delete: md<Yue> pdf<>  | md ctx: of subsets vs subsets European Combin
word ops: 483  md words 18160  pdf words 18842
VIGIA-FIN-OK exit=0 pico_kb=16800 t=3s
