defined statements: 68  sections: 56
MISSING TARGET Theorem D  …explicit rule | §1.2, proof in §8 | | **Theorem D** | each …
MISSING TARGET Theorem O  …rix with closed-form entries | §4 | | **Theorems O and F** | the S…
MISSING TARGET Theorem F  …rix with closed-form entries | §4 | | **Theorems O and F** | the S…
MISSING TARGET Theorem DW  …ial built digit by digit | §6, §7 | | **Theorem DW** (the fo…
MISSING TARGET Corollary 1.4  …{⌊(n−2)/2⌋}` | §1.3, proof in §10 | | **Corollary 1.4** | the w…
MISSING TARGET Corollary 1.5  … of the folded cube | §1.3, §10.8 | | **Corollary 1.5** | Bai's…
MISSING TARGET Corollary 1.6  …s, re-proved from the rule | §9.1 | | **Corollary 1.6** | the `…
MISSING TARGET Theorem 4.1  …factors of `Syl_2 K(Q_n)`: Gao et al.'s Theorems 4.1 and 4.2, their Co…
MISSING TARGET Theorem 4.2  …factors of `Syl_2 K(Q_n)`: Gao et al.'s Theorems 4.1 and 4.2, their Co…
MISSING TARGET Corollary 1.7  …of the 2019 poster [MGM19] | §9.2 | | **Corollary 1.7** | `Syl_…
MISSING TARGET Theorem 1.2  …l_p ⊕_{j=1}^{n} (ℤ/j)^{C(n,j)}` [Bai03, Theorem 1.2]. About t…
MISSING TARGET Theorem 1.3  …ctors `ℤ/2` of `K(Q_n)`, by Bai [Bai03, Theorem 1.3] (re-prov…
MISSING TARGET Proposition 1.9  …j)^{C(n,j)}`.  The odd part is [GMMY24, Proposition 1.9]: the Lap…
MISSING TARGET Theorem 1.1  …quences  > **Corollary 1.5 (Bai [Bai03, Theorems 1.1, 1.3]).** `Syl…
MISSING TARGET Proposition 2.5  …u_i = x_i − 1` in the proof of [GMMY24, Proposition 2.5], and it …
MISSING TARGET Theorem U  … the dance, the cost form with carries, Theorems O, U and F, the ring…
MISSING TARGET Proposition 2.12  …of every Cayley graph of `𝔽_2^r`, their Proposition 2.12 the `𝔽_2`…
MISSING TARGET Lemma W  …## 3.2 Lifting from `𝔽_2`  **Lemma 3.2 (Lemma W).** Let `…
MISSING TARGET Lemma K  …e recursion takes over. ∎  **Lemma 9.5 (Lemma K).** For `…
MISSING TARGET § 5.2  …ture about its exact structure» [CSX17, §5.2]. Iga, Kl…
MISSING TARGET § 26  …`-form of `U(sl_2)` is [Kos66], [Hum72, §26]. Kummer'…
reference keys: 32  cited keys: 32
cited but not in the list: []
in the list but never cited: []
duplicates in the list: []
list in alphabetical order (case-insensitive): True
FIN-OK
   multiset check §1.0 summary table      : OK
TABLE §1.0 summary table       md numbers   66, pdf numbers  104: NOT a subsequence; first miss (63, '4', ['2', '2', '2', '1', '5', '4', '9', '3'])
   multiset check §1.6 notation table     : OK
TABLE §1.6 notation table      md numbers   63, pdf numbers   78: subsequence OK
   multiset check §1.7 vocabulary table   : OK
TABLE §1.7 vocabulary table    md numbers   92, pdf numbers  115: subsequence OK
   multiset check §12.1 table             : OK
TABLE §12.1 table              md numbers  201, pdf numbers  225: NOT a subsequence; first miss (68, '64', ['0', '7', '10', '5', '7', '64', '12', '1', '2', '1638'])
   multiset check §12.2 table             : OK
TABLE §12.2 table              md numbers  295, pdf numbers  301: subsequence OK
STATEMENT not matched in order: **Lemma 2.1.** In `R`,
STATEMENT not matched in order: **Corollary 2.3.** If `V^{⊗n} ≅ ⊕_j M_j` as `Dist_A`-modules, then `ℤ_
STATEMENT not matched in order: **Lemma 9.7 (multiplicities).** `m_n(n) = 1`; `m_{n−2}(n) = n − 1 − [n
STATEMENT not matched in order: **Lemma 10.11 (stability).** If `v_2(E_{ij}) ≥ 1` for all `i, j`, then
statements checked: 68 not matched: 4
FIN-OK
VIGIA-FIN-OK exit=0 pico_kb=2144 t=0s
